Archive member included because of file (symbol)

c:/program files (x86)/atmel/studio/7.0/toolchain/avr32/avr32-gnu-toolchain/bin/../lib/gcc/avr32/4.4.7/ucr2\libgcc.a(_udivdi3.o)
                              src/ASF/avr32/components/display/et024006dhu/et024006dhu.o (__avr32_udiv64)
c:/program files (x86)/atmel/studio/7.0/toolchain/avr32/avr32-gnu-toolchain/bin/../lib/gcc/avr32/4.4.7/../../../../avr32/lib/ucr2\libc.a(lib_a-ctype_.o)
                              src/ASF/avr32/services/fs/fat/navigation.o (__ctype_ptr)
c:/program files (x86)/atmel/studio/7.0/toolchain/avr32/avr32-gnu-toolchain/bin/../lib/gcc/avr32/4.4.7/../../../../avr32/lib/ucr2\libc.a(lib_a-malloc.o)
                              src/ASF/avr32/utils/debug/debug.o (free)
c:/program files (x86)/atmel/studio/7.0/toolchain/avr32/avr32-gnu-toolchain/bin/../lib/gcc/avr32/4.4.7/../../../../avr32/lib/ucr2\libc.a(lib_a-mallocr.o)
                              c:/program files (x86)/atmel/studio/7.0/toolchain/avr32/avr32-gnu-toolchain/bin/../lib/gcc/avr32/4.4.7/../../../../avr32/lib/ucr2\libc.a(lib_a-malloc.o) (_malloc_r)
c:/program files (x86)/atmel/studio/7.0/toolchain/avr32/avr32-gnu-toolchain/bin/../lib/gcc/avr32/4.4.7/../../../../avr32/lib/ucr2\libc.a(lib_a-memcmp.o)
                              src/ASF/avr32/services/fs/fat/fat_unusual.o (memcmp)
c:/program files (x86)/atmel/studio/7.0/toolchain/avr32/avr32-gnu-toolchain/bin/../lib/gcc/avr32/4.4.7/../../../../avr32/lib/ucr2\libc.a(lib_a-memcpy.o)
                              src/ASF/avr32/services/fs/fat/fat.o (memcpy)
c:/program files (x86)/atmel/studio/7.0/toolchain/avr32/avr32-gnu-toolchain/bin/../lib/gcc/avr32/4.4.7/../../../../avr32/lib/ucr2\libc.a(lib_a-memset.o)
                              src/ASF/avr32/services/fs/fat/fat.o (memset)
c:/program files (x86)/atmel/studio/7.0/toolchain/avr32/avr32-gnu-toolchain/bin/../lib/gcc/avr32/4.4.7/../../../../avr32/lib/ucr2\libc.a(lib_a-mstats.o)
                              src/ASF/avr32/utils/debug/debug.o (mallinfo)
c:/program files (x86)/atmel/studio/7.0/toolchain/avr32/avr32-gnu-toolchain/bin/../lib/gcc/avr32/4.4.7/../../../../avr32/lib/ucr2\libc.a(lib_a-realloc.o)
                              src/FreeRTOS/Source/portable/GCC/AVR32_UC3/port.o (realloc)
c:/program files (x86)/atmel/studio/7.0/toolchain/avr32/avr32-gnu-toolchain/bin/../lib/gcc/avr32/4.4.7/../../../../avr32/lib/ucr2\libc.a(lib_a-reallocr.o)
                              c:/program files (x86)/atmel/studio/7.0/toolchain/avr32/avr32-gnu-toolchain/bin/../lib/gcc/avr32/4.4.7/../../../../avr32/lib/ucr2\libc.a(lib_a-realloc.o) (_realloc_r)
c:/program files (x86)/atmel/studio/7.0/toolchain/avr32/avr32-gnu-toolchain/bin/../lib/gcc/avr32/4.4.7/../../../../avr32/lib/ucr2\libc.a(lib_a-sbrkr.o)
                              c:/program files (x86)/atmel/studio/7.0/toolchain/avr32/avr32-gnu-toolchain/bin/../lib/gcc/avr32/4.4.7/../../../../avr32/lib/ucr2\libc.a(lib_a-mallocr.o) (_sbrk_r)
c:/program files (x86)/atmel/studio/7.0/toolchain/avr32/avr32-gnu-toolchain/bin/../lib/gcc/avr32/4.4.7/../../../../avr32/lib/ucr2\libc.a(lib_a-syscalls.o)
                              c:/program files (x86)/atmel/studio/7.0/toolchain/avr32/avr32-gnu-toolchain/bin/../lib/gcc/avr32/4.4.7/../../../../avr32/lib/ucr2\libc.a(lib_a-sbrkr.o) (_sbrk)
c:/program files (x86)/atmel/studio/7.0/toolchain/avr32/avr32-gnu-toolchain/bin/../lib/gcc/avr32/4.4.7/../../../../avr32/lib/ucr2\libc.a(lib_a-errno.o)
                              c:/program files (x86)/atmel/studio/7.0/toolchain/avr32/avr32-gnu-toolchain/bin/../lib/gcc/avr32/4.4.7/../../../../avr32/lib/ucr2\libc.a(lib_a-syscalls.o) (__errno)
c:/program files (x86)/atmel/studio/7.0/toolchain/avr32/avr32-gnu-toolchain/bin/../lib/gcc/avr32/4.4.7/../../../../avr32/lib/ucr2\libc.a(lib_a-fiprintf.o)
                              c:/program files (x86)/atmel/studio/7.0/toolchain/avr32/avr32-gnu-toolchain/bin/../lib/gcc/avr32/4.4.7/../../../../avr32/lib/ucr2\libc.a(lib_a-mstats.o) (fiprintf)
c:/program files (x86)/atmel/studio/7.0/toolchain/avr32/avr32-gnu-toolchain/bin/../lib/gcc/avr32/4.4.7/../../../../avr32/lib/ucr2\libc.a(lib_a-freer.o)
                              c:/program files (x86)/atmel/studio/7.0/toolchain/avr32/avr32-gnu-toolchain/bin/../lib/gcc/avr32/4.4.7/../../../../avr32/lib/ucr2\libc.a(lib_a-malloc.o) (_free_r)
c:/program files (x86)/atmel/studio/7.0/toolchain/avr32/avr32-gnu-toolchain/bin/../lib/gcc/avr32/4.4.7/../../../../avr32/lib/ucr2\libc.a(lib_a-impure.o)
                              c:/program files (x86)/atmel/studio/7.0/toolchain/avr32/avr32-gnu-toolchain/bin/../lib/gcc/avr32/4.4.7/../../../../avr32/lib/ucr2\libc.a(lib_a-malloc.o) (_impure_ptr)
c:/program files (x86)/atmel/studio/7.0/toolchain/avr32/avr32-gnu-toolchain/bin/../lib/gcc/avr32/4.4.7/../../../../avr32/lib/ucr2\libc.a(lib_a-mallinfor.o)
[...]
Memory Configuration

Name             Origin             Length             Attributes
FLASH            0x80000000         0x00080000         axrl !w
INTRAM           0x00000004         0x0000fffc         axw !rl
USERPAGE         0x80800000         0x00000200
*default*        0x00000000         0xffffffff

Linker script and memory map

                0x00001000                _stack_size = 0x1000
LOAD src/ASF/avr32/components/display/et024006dhu/et024006dhu.o
LOAD src/ASF/avr32/components/memory/sd_mmc/sd_mmc_spi/sd_mmc_spi.o
LOAD src/ASF/avr32/components/memory/sd_mmc/sd_mmc_spi/sd_mmc_spi_mem.o
LOAD src/ASF/avr32/drivers/adc/adc.o
LOAD src/ASF/avr32/drivers/ebi/sdramc/sdramc.o
LOAD src/ASF/avr32/drivers/ebi/smc/smc.o
LOAD src/ASF/avr32/drivers/pwm/pwm.o
LOAD src/ASF/avr32/drivers/spi/spi.o
LOAD src/ASF/avr32/services/fs/fat/fat.o
LOAD src/ASF/avr32/services/fs/fat/fat_unusual.o
LOAD src/ASF/avr32/services/fs/fat/file.o
LOAD src/ASF/avr32/services/fs/fat/fsaccess.o
LOAD src/ASF/avr32/services/fs/fat/navigation.o
LOAD src/ASF/avr32/services/fs/fat/nav_filterlist.o
LOAD src/ASF/common/services/clock/uc3a0_a1/sysclk.o
LOAD src/ASF/common/services/storage/ctrl_access/ctrl_access.o
LOAD src/img/adelantar.o
LOAD src/img/adelantarverde.o
LOAD src/img/atrasarblanco.o
LOAD src/img/atrasarverde.o
LOAD src/img/fercaspian.o
LOAD src/img/play.o
LOAD src/img/playverde.o
LOAD src/img/letdown.o
LOAD src/img/takeonme.o
LOAD src/img/we_are_the_champions.o
LOAD src/lib/conf_spi_sd.o
LOAD src/ASF/avr32/components/audio/amp/tpa6130a2/tpa6130.o
LOAD src/ASF/avr32/drivers/abdac/abdac.o
LOAD src/ASF/avr32/drivers/pdca/pdca.o
LOAD src/ASF/avr32/drivers/ssc/i2s/ssc_i2s.o
LOAD src/ASF/avr32/drivers/twi/twi.o
LOAD src/ASF/avr32/utils/debug/debug.o
LOAD src/ASF/avr32/utils/debug/print_funcs.o
LOAD src/ASF/thirdparty/demo/partest/ParTest.o
LOAD src/ASF/thirdparty/demo/serial/serial.o
LOAD src/FreeRTOS/Source/portable/GCC/AVR32_UC3/exception.o
LOAD src/ASF/avr32/drivers/flashc/flashc.o
LOAD src/ASF/avr32/drivers/pm/pm.o
LOAD src/ASF/avr32/drivers/pm/pm_conf_clocks.o
LOAD src/ASF/avr32/drivers/pm/power_clocks_lib.o
LOAD src/ASF/avr32/drivers/tc/tc.o
LOAD src/ASF/avr32/drivers/usart/usart.o
LOAD src/FreeRTOS/Source/croutine.o
LOAD src/FreeRTOS/Source/event_groups.o
LOAD src/FreeRTOS/Source/list.o
LOAD src/FreeRTOS/Source/portable/GCC/AVR32_UC3/port.o
LOAD src/FreeRTOS/Source/portable/MemMang/heap_3.o
LOAD src/FreeRTOS/Source/queue.o
LOAD src/FreeRTOS/Source/stream_buffer.o
LOAD src/FreeRTOS/Source/tasks.o
LOAD src/FreeRTOS/Source/timers.o
LOAD src/ASF/avr32/boards/evk1105/init.o
LOAD src/ASF/avr32/boards/evk1105/led.o
LOAD src/ASF/avr32/drivers/gpio/gpio.o
LOAD src/ASF/avr32/drivers/intc/intc.o
LOAD src/ASF/avr32/utils/startup/startup_uc3.o
LOAD src/ASF/avr32/utils/startup/trampoline_uc3.o
LOAD src/lib/conf_gpio.o
LOAD src/lib/conf_interrupt.o
LOAD src/lib/conf_qt.o
LOAD src/lib/conf_tc.o
LOAD src/main.o
START GROUP
LOAD ../src/ASF/avr32/utils/libs/dsplib/at32ucr2/gcc\libdsp-at32ucr2-dspspeed_opt.a
LOAD c:/program files (x86)/atmel/studio/7.0/toolchain/avr32/avr32-gnu-toolchain/bin/../lib/gcc/avr32/4.4.7/../../../../avr32/lib/ucr2\libm.a
END GROUP
LOAD c:/program files (x86)/atmel/studio/7.0/toolchain/avr32/avr32-gnu-toolchain/bin/../lib/gcc/avr32/4.4.7/ucr2\libgcc.a
LOAD c:/program files (x86)/atmel/studio/7.0/toolchain/avr32/avr32-gnu-toolchain/bin/../lib/gcc/avr32/4.4.7/../../../../avr32/lib/ucr2\libc.a
LOAD c:/program files (x86)/atmel/studio/7.0/toolchain/avr32/avr32-gnu-toolchain/bin/../lib/gcc/avr32/4.4.7/ucr2\libgcc.a
                0xffffffff                __max_heap_size__ = 0xffffffff
                [0xffffffff]                __heap_size__ = DEFINED (__heap_size__)?__heap_size__:__max_heap_size__
                [0x00001000]                __stack_size__ = DEFINED (__stack_size__)?__stack_size__:0x1000
                0x80000000                PROVIDE (__executable_start, 0x80000000)
                0x80000000                . = 0x80000000

.interp
 *(.interp)

.reset          0x80000000     0x200c
 *(.reset)
 .reset         0x80000000        0x8 src/ASF/avr32/utils/startup/startup_uc3.o
                0x80000000                _start
 .reset         0x80000008     0x2004 src/ASF/avr32/utils/startup/trampoline_uc3.o
                               0x2008 (size before relaxing)
                0x80000008                _trampoline

.hash
 *(.hash)

.dynsym
 *(.dynsym)

.dynstr
 *(.dynstr)

.gnu.version
 *(.gnu.version)

.gnu.version_d
 *(.gnu.version_d)

.gnu.version_r
 *(.gnu.version_r)

.rel.init
 *(.rel.init)

.rela.init
 *(.rela.init)

.rel.text
 *(.rel.text .rel.text.* .rel.gnu.linkonce.t.*)

.rela.text
 *(.rela.text .rela.text.* .rela.gnu.linkonce.t.*)

.rel.fini
 *(.rel.fini)

.rela.fini
 *(.rela.fini)

.rel.rodata
 *(.rel.rodata .rel.rodata.* .rel.gnu.linkonce.r.*)

.rela.rodata
 *(.rela.rodata .rela.rodata.* .rela.gnu.linkonce.r.*)

.rel.data.rel.ro
 *(.rel.data.rel.ro*)

.rela.data.rel.ro
 *(.rel.data.rel.ro*)

.rel.data
 *(.rel.data .rel.data.* .rel.gnu.linkonce.d.*)

.rela.data
 *(.rela.data .rela.data.* .rela.gnu.linkonce.d.*)

.rel.tdata
 *(.rel.tdata .rel.tdata.* .rel.gnu.linkonce.td.*)

.rela.tdata
 *(.rela.tdata .rela.tdata.* .rela.gnu.linkonce.td.*)

.rel.tbss
 *(.rel.tbss .rel.tbss.* .rel.gnu.linkonce.tb.*)

.rela.tbss
 *(.rela.tbss .rela.tbss.* .rela.gnu.linkonce.tb.*)

.rel.ctors
 *(.rel.ctors)

.rela.ctors
 *(.rela.ctors)

.rel.dtors
 *(.rel.dtors)

.rela.dtors
 *(.rela.dtors)

.rel.got
 *(.rel.got)

.rela.got       0x8000200c        0x0
 *(.rela.got)
 .rela.got      0x8000200c        0x0 src/ASF/common/services/storage/ctrl_access/ctrl_access.o

.rel.bss
 *(.rel.bss .rel.bss.* .rel.gnu.linkonce.b.*)

.rela.bss
 *(.rela.bss .rela.bss.* .rela.gnu.linkonce.b.*)

.rel.plt
 *(.rel.plt)

.rela.plt
 *(.rela.plt)

.init
 *(.init)

.plt
 *(.plt)

.text           0x8000200c     0x8378
 *(.text .stub .text.* .gnu.linkonce.t.*)
 .text.et024006_SetLimits
                0x8000200c       0x50 src/ASF/avr32/components/display/et024006dhu/et024006dhu.o
                0x8000200c                et024006_SetLimits
 .text.et024006_SetQuickLimits
                0x8000205c       0x2a src/ASF/avr32/components/display/et024006dhu/et024006dhu.o
                0x8000205c                et024006_SetQuickLimits
 *fill*         0x80002086        0x2 d703d703
 .text.et024006_DrawQuickPixel
                0x80002088       0x24 src/ASF/avr32/components/display/et024006dhu/et024006dhu.o
                0x80002088                et024006_DrawQuickPixel
 .text.et024006_PrintString
                0x800020ac      0x23c src/ASF/avr32/components/display/et024006dhu/et024006dhu.o
                0x800020ac                et024006_PrintString
 .text.et024006_DuplicatePixel
                0x800022e8       0x40 src/ASF/avr32/components/display/et024006dhu/et024006dhu.o
                0x800022e8                et024006_DuplicatePixel
 .text.et024006_DrawFilledRect
                0x80002328       0x40 src/ASF/avr32/components/display/et024006dhu/et024006dhu.o
                0x80002328                et024006_DrawFilledRect
 .text.et024006_DrawVertLine
                0x80002368       0x1c src/ASF/avr32/components/display/et024006dhu/et024006dhu.o
                0x80002368                et024006_DrawVertLine
 .text.et024006_DrawHorizLine
                0x80002384       0x18 src/ASF/avr32/components/display/et024006dhu/et024006dhu.o
                0x80002384                et024006_DrawHorizLine
 .text.et024006_CopyPixelsToScreen
                0x8000239c       0x68 src/ASF/avr32/components/display/et024006dhu/et024006dhu.o
                0x8000239c                et024006_CopyPixelsToScreen
 .text.et024006_PutPixmap
                0x80002404       0xa8 src/ASF/avr32/components/display/et024006dhu/et024006dhu.o
                0x80002404                et024006_PutPixmap
 .text.et024006_AdjustGamma
                0x800024ac       0x6e src/ASF/avr32/components/display/et024006dhu/et024006dhu.o
 *fill*         0x8000251a        0x2 d703d703
 .text.et024006_Init
                0x8000251c      0x4a4 src/ASF/avr32/components/display/et024006dhu/et024006dhu.o
                0x8000251c                et024006_Init
 .text.sd_mmc_spi_get_capacity
                0x800029c0      0x11c src/ASF/avr32/components/memory/sd_mmc/sd_mmc_spi/sd_mmc_spi.o
                0x800029c0                sd_mmc_spi_get_capacity
 .text.sd_mmc_spi_write_close
                0x80002adc        0x2 src/ASF/avr32/components/memory/sd_mmc/sd_mmc_spi/sd_mmc_spi.o
                0x80002adc                sd_mmc_spi_write_close
 *fill*         0x80002ade        0x2 d703d703
 .text.sd_mmc_spi_send_and_read
                0x80002ae0       0x34 src/ASF/avr32/components/memory/sd_mmc/sd_mmc_spi/sd_mmc_spi.o
                0x80002ae0                sd_mmc_spi_send_and_read
 .text.sd_mmc_spi_wait_not_busy
                0x80002b14       0x58 src/ASF/avr32/components/memory/sd_mmc/sd_mmc_spi/sd_mmc_spi.o
                0x80002b14                sd_mmc_spi_wait_not_busy
 .text.sd_mmc_spi_write_open
                0x80002b6c       0x1c src/ASF/avr32/components/memory/sd_mmc/sd_mmc_spi/sd_mmc_spi.o
                0x80002b6c                sd_mmc_spi_write_open
 .text.sd_mmc_spi_read_close
                0x80002b88        0xc src/ASF/avr32/components/memory/sd_mmc/sd_mmc_spi/sd_mmc_spi.o
                0x80002b88                sd_mmc_spi_read_close
 .text.sd_mmc_spi_read_open
                0x80002b94       0x1c src/ASF/avr32/components/memory/sd_mmc/sd_mmc_spi/sd_mmc_spi.o
                0x80002b94                sd_mmc_spi_read_open
 .text.sd_mmc_spi_command
                0x80002bb0       0xc8 src/ASF/avr32/components/memory/sd_mmc/sd_mmc_spi/sd_mmc_spi.o
                0x80002bb0                sd_mmc_spi_command
 .text.sd_mmc_spi_send_command
                0x80002c78       0x40 src/ASF/avr32/components/memory/sd_mmc/sd_mmc_spi/sd_mmc_spi.o
                0x80002c78                sd_mmc_spi_send_command
 .text.sd_mmc_spi_check_presence
                0x80002cb8       0x7c src/ASF/avr32/components/memory/sd_mmc/sd_mmc_spi/sd_mmc_spi.o
                0x80002cb8                sd_mmc_spi_check_presence
 .text.sd_mmc_spi_write_sector_from_ram
                0x80002d34      0x160 src/ASF/avr32/components/memory/sd_mmc/sd_mmc_spi/sd_mmc_spi.o
                0x80002d34                sd_mmc_spi_write_sector_from_ram
 .text.sd_mmc_spi_check_hc
                0x80002e94       0x8c src/ASF/avr32/components/memory/sd_mmc/sd_mmc_spi/sd_mmc_spi.o
                0x80002e94                sd_mmc_spi_check_hc
 .text.sd_mmc_spi_get_if
                0x80002f20       0xb8 src/ASF/avr32/components/memory/sd_mmc/sd_mmc_spi/sd_mmc_spi.o
                0x80002f20                sd_mmc_spi_get_if
 .text.sd_mmc_spi_read_sector_to_ram
                0x80002fd8      0x164 src/ASF/avr32/components/memory/sd_mmc/sd_mmc_spi/sd_mmc_spi.o
                0x80002fd8                sd_mmc_spi_read_sector_to_ram
 .text.sd_mmc_spi_get_csd
                0x8000313c       0xf4 src/ASF/avr32/components/memory/sd_mmc/sd_mmc_spi/sd_mmc_spi.o
                0x8000313c                sd_mmc_spi_get_csd
 .text.sd_mmc_spi_internal_init
                0x80003230      0x2a4 src/ASF/avr32/components/memory/sd_mmc/sd_mmc_spi/sd_mmc_spi.o
                0x80003230                sd_mmc_spi_internal_init
 .text.sd_mmc_spi_mem_check
                0x800034d4       0x28 src/ASF/avr32/components/memory/sd_mmc/sd_mmc_spi/sd_mmc_spi.o
                0x800034d4                sd_mmc_spi_mem_check
 .text.sd_mmc_spi_init
                0x800034fc       0x34 src/ASF/avr32/components/memory/sd_mmc/sd_mmc_spi/sd_mmc_spi.o
                0x800034fc                sd_mmc_spi_init
 .text.sd_mmc_spi_wr_protect
                0x80003530        0x2 src/ASF/avr32/components/memory/sd_mmc/sd_mmc_spi/sd_mmc_spi_mem.o
                0x80003530                sd_mmc_spi_wr_protect
 .text.sd_mmc_spi_removal
                0x80003532        0x2 src/ASF/avr32/components/memory/sd_mmc/sd_mmc_spi/sd_mmc_spi_mem.o
                0x80003532                sd_mmc_spi_removal
 .text.sd_mmc_spi_test_unit_ready
                0x80003534       0x6c src/ASF/avr32/components/memory/sd_mmc/sd_mmc_spi/sd_mmc_spi_mem.o
                0x80003534                sd_mmc_spi_test_unit_ready
 .text.sd_mmc_spi_mem_init
                0x800035a0        0xc src/ASF/avr32/components/memory/sd_mmc/sd_mmc_spi/sd_mmc_spi_mem.o
                0x800035a0                sd_mmc_spi_mem_init
 .text.sd_mmc_spi_ram_2_mem
                0x800035ac       0x68 src/ASF/avr32/components/memory/sd_mmc/sd_mmc_spi/sd_mmc_spi_mem.o
                0x800035ac                sd_mmc_spi_ram_2_mem
 .text.sd_mmc_spi_mem_2_ram
                0x80003614       0x68 src/ASF/avr32/components/memory/sd_mmc/sd_mmc_spi/sd_mmc_spi_mem.o
                0x80003614                sd_mmc_spi_mem_2_ram
 .text.sd_mmc_spi_read_capacity
                0x8000367c       0x40 src/ASF/avr32/components/memory/sd_mmc/sd_mmc_spi/sd_mmc_spi_mem.o
                0x8000367c                sd_mmc_spi_read_capacity
 .text.sdramc_ck_delay
                0x800036bc       0x22 src/ASF/avr32/drivers/ebi/sdramc/sdramc.o
 *fill*         0x800036de        0x2 d703d703
 .text.sdramc_init
                0x800036e0      0x16c src/ASF/avr32/drivers/ebi/sdramc/sdramc.o
                0x800036e0                sdramc_init
 .text.smc_init
                0x8000384c      0x11c src/ASF/avr32/drivers/ebi/smc/smc.o
                0x8000384c                smc_init
 .text.pwm_channel_init
                0x80003968       0x36 src/ASF/avr32/drivers/pwm/pwm.o
                0x80003968                pwm_channel_init
 .text.pwm_start_channels
                0x8000399e       0x12 src/ASF/avr32/drivers/pwm/pwm.o
                0x8000399e                pwm_start_channels
 .text.pwm_async_update_channel
                0x800039b0       0x28 src/ASF/avr32/drivers/pwm/pwm.o
                0x800039b0                pwm_async_update_channel
 .text.pwm_init
                0x800039d8       0x46 src/ASF/avr32/drivers/pwm/pwm.o
                0x800039d8                pwm_init
 .text.getBaudDiv
                0x80003a1e       0x20 src/ASF/avr32/drivers/spi/spi.o
                0x80003a1e                getBaudDiv
 .text.spi_initMaster
                0x80003a3e       0x38 src/ASF/avr32/drivers/spi/spi.o
                0x80003a3e                spi_initMaster
 .text.spi_selectionMode
                0x80003a76       0x2c src/ASF/avr32/drivers/spi/spi.o
                0x80003a76                spi_selectionMode
 .text.spi_enable
                0x80003aa2        0x6 src/ASF/avr32/drivers/spi/spi.o
                0x80003aa2                spi_enable
 .text.spi_write
                0x80003aa8       0x1c src/ASF/avr32/drivers/spi/spi.o
                0x80003aa8                spi_write
 .text.spi_read
                0x80003ac4       0x20 src/ASF/avr32/drivers/spi/spi.o
                0x80003ac4                spi_read
 .text.spi_setupChipReg
                0x80003ae4       0xec src/ASF/avr32/drivers/spi/spi.o
                0x80003ae4                spi_setupChipReg
 .text.spi_unselectChip
                0x80003bd0       0x40 src/ASF/avr32/drivers/spi/spi.o
                0x80003bd0                spi_unselectChip
 .text.spi_selectChip
                0x80003c10       0x6c src/ASF/avr32/drivers/spi/spi.o
                0x80003c10                spi_selectChip
 .text.fat_check_open
                0x80003c7c       0x20 src/ASF/avr32/services/fs/fat/fat.o
                0x80003c7c                fat_check_open
 .text.fat_check_select
                0x80003c9c       0x20 src/ASF/avr32/services/fs/fat/fat.o
                0x80003c9c                fat_check_select
 .text.fat_check_is_file
                0x80003cbc       0x1c src/ASF/avr32/services/fs/fat/fat.o
                0x80003cbc                fat_check_is_file
 .text.fat_checkcluster
                0x80003cd8       0x60 src/ASF/avr32/services/fs/fat/fat.o
                0x80003cd8                fat_checkcluster
 .text.fat_cache_clusterlist_reset
                0x80003d38       0x28 src/ASF/avr32/services/fs/fat/fat.o
                0x80003d38                fat_cache_clusterlist_reset
 .text.fat_cache_clusterlist_update_start
                0x80003d60       0x48 src/ASF/avr32/services/fs/fat/fat.o
                0x80003d60                fat_cache_clusterlist_update_start
 .text.fat_cache_clusterlist_update_select
                0x80003da8       0x68 src/ASF/avr32/services/fs/fat/fat.o
                0x80003da8                fat_cache_clusterlist_update_select
 .text.fat_cache_clusterlist_update_finish
                0x80003e10       0x58 src/ASF/avr32/services/fs/fat/fat.o
                0x80003e10                fat_cache_clusterlist_update_finish
 .text.fat_cache_clusterlist_update_read
                0x80003e68      0x124 src/ASF/avr32/services/fs/fat/fat.o
                0x80003e68                fat_cache_clusterlist_update_read
 .text.fat_clear_entry_info_and_ptr
                0x80003f8c       0x3c src/ASF/avr32/services/fs/fat/fat.o
                0x80003f8c                fat_clear_entry_info_and_ptr
 .text.fat_check_eof_name
                0x80003fc8       0x26 src/ASF/avr32/services/fs/fat/fat.o
                0x80003fc8                fat_check_eof_name
 *fill*         0x80003fee        0x2 d703d703
 .text.fat_get_ptr_entry
                0x80003ff0       0x18 src/ASF/avr32/services/fs/fat/fat.o
                0x80003ff0                fat_get_ptr_entry
 .text.fat_entry_longname
                0x80004008      0x194 src/ASF/avr32/services/fs/fat/fat.o
                0x80004008                fat_entry_longname
 .text.fat_entry_shortname
                0x8000419c      0x108 src/ASF/avr32/services/fs/fat/fat.o
                0x8000419c                fat_entry_shortname
 .text.fat_get_entry_info
                0x800042a4       0x48 src/ASF/avr32/services/fs/fat/fat.o
                0x800042a4                fat_get_entry_info
 .text.fat_entry_check
                0x800042ec       0x5c src/ASF/avr32/services/fs/fat/fat.o
                0x800042ec                fat_entry_check
 .text.fat_cache_reset
                0x80004348       0x18 src/ASF/avr32/services/fs/fat/fat.o
                0x80004348                fat_cache_reset
 .text.fat_cache_mark_sector_as_dirty
                0x80004360       0x10 src/ASF/avr32/services/fs/fat/fat.o
                0x80004360                fat_cache_mark_sector_as_dirty
 .text.fat_write_entry_file
                0x80004370       0x50 src/ASF/avr32/services/fs/fat/fat.o
                0x80004370                fat_write_entry_file
 .text.fat_check_nav_access_file
                0x800043c0       0x78 src/ASF/avr32/services/fs/fat/fat.o
                0x800043c0                fat_check_nav_access_file
 .text.fat_invert_nav
                0x80004438       0xdc src/ASF/avr32/services/fs/fat/fat.o
                0x80004438                fat_invert_nav
 .text.fat_cache_flush
                0x80004514       0x54 src/ASF/avr32/services/fs/fat/fat.o
                0x80004514                fat_cache_flush
 .text.fat_cache_clear
                0x80004568       0x18 src/ASF/avr32/services/fs/fat/fat.o
                0x80004568                fat_cache_clear
 .text.fat_cache_read_sector
                0x80004580       0x80 src/ASF/avr32/services/fs/fat/fat.o
                0x80004580                fat_cache_read_sector
 .text.fat_cluster_readnext
                0x80004600       0x94 src/ASF/avr32/services/fs/fat/fat.o
                0x80004600                fat_cluster_readnext
 .text.fat_cluster_val
                0x80004694      0x244 src/ASF/avr32/services/fs/fat/fat.o
                0x80004694                fat_cluster_val
 .text.fat_cluster_list
                0x800048d8      0x2d8 src/ASF/avr32/services/fs/fat/fat.o
                0x800048d8                fat_cluster_list
 .text.fat_read_dir
                0x80004bb0       0x84 src/ASF/avr32/services/fs/fat/fat.o
                0x80004bb0                fat_read_dir
 .text.fat_read_file
                0x80004c34       0xdc src/ASF/avr32/services/fs/fat/fat.o
                0x80004c34                fat_read_file
 .text.fat_check_device
                0x80004d10       0xb8 src/ASF/avr32/services/fs/fat/fat.o
                0x80004d10                fat_check_device
 .text.fat_check_noopen
                0x80004dc8       0x3c src/ASF/avr32/services/fs/fat/fat.o
                0x80004dc8                fat_check_noopen
 .text.fat_check_mount
                0x80004e04       0x38 src/ASF/avr32/services/fs/fat/fat.o
                0x80004e04                fat_check_mount
 .text.fat_check_mount_select
                0x80004e3c       0x18 src/ASF/avr32/services/fs/fat/fat.o
                0x80004e3c                fat_check_mount_select
 .text.fat_check_mount_select_open
                0x80004e54       0x24 src/ASF/avr32/services/fs/fat/fat.o
                0x80004e54                fat_check_mount_select_open
 .text.fat_check_mount_select_noopen
                0x80004e78       0x24 src/ASF/avr32/services/fs/fat/fat.o
                0x80004e78                fat_check_mount_select_noopen
 .text.fat_check_mount_noopen
                0x80004e9c       0x18 src/ASF/avr32/services/fs/fat/fat.o
                0x80004e9c                fat_check_mount_noopen
 .text.fat_clear_info_fat_mod
                0x80004eb4       0x18 src/ASF/avr32/services/fs/fat/fat_unusual.o
                0x80004eb4                fat_clear_info_fat_mod
 .text.fat_update_fat2
                0x80004ecc       0x74 src/ASF/avr32/services/fs/fat/fat_unusual.o
                0x80004ecc                fat_update_fat2
 .text.fat_write_fat32_FSInfo
                0x80004f40       0xa0 src/ASF/avr32/services/fs/fat/fat_unusual.o
                0x80004f40                fat_write_fat32_FSInfo
 .text.fat_mount
                0x80004fe0      0x2fc src/ASF/avr32/services/fs/fat/fat_unusual.o
                0x80004fe0                fat_mount
 .text.file_eof
                0x800052dc       0x24 src/ASF/avr32/services/fs/fat/file.o
                0x800052dc                file_eof
 .text.file_close
                0x80005300       0x3c src/ASF/avr32/services/fs/fat/file.o
                0x80005300                file_close
 .text.file_getc
                0x8000533c       0x6c src/ASF/avr32/services/fs/fat/file.o
                0x8000533c                file_getc
 .text.file_open
                0x800053a8       0xa0 src/ASF/avr32/services/fs/fat/file.o
                0x800053a8                file_open
 .text.nav_drive_get
                0x80005448        0xc src/ASF/avr32/services/fs/fat/navigation.o
                0x80005448                nav_drive_get
 .text.nav_drive_getname
                0x80005454       0x1c src/ASF/avr32/services/fs/fat/navigation.o
                0x80005454                nav_drive_getname
 .text.nav_filelist_get
                0x80005470        0xc src/ASF/avr32/services/fs/fat/navigation.o
                0x80005470                nav_filelist_get
 .text.nav_file_name
                0x8000547c       0xe4 src/ASF/avr32/services/fs/fat/navigation.o
                0x8000547c                nav_file_name
 .text.nav_filelist_set
                0x80005560      0x168 src/ASF/avr32/services/fs/fat/navigation.o
                0x80005560                nav_filelist_set
 .text.nav_filelist_reset
                0x800056c8       0x18 src/ASF/avr32/services/fs/fat/navigation.o
                0x800056c8                nav_filelist_reset
 .text.nav_dir_gotoparent
                0x800056e0       0xa0 src/ASF/avr32/services/fs/fat/navigation.o
                0x800056e0                nav_dir_gotoparent
 .text.nav_dir_name
                0x80005780      0x104 src/ASF/avr32/services/fs/fat/navigation.o
                0x80005780                nav_dir_name
 .text.nav_filelist_first
                0x80005884       0x40 src/ASF/avr32/services/fs/fat/navigation.o
                0x80005884                nav_filelist_first
 .text.nav_filelist_nb
                0x800058c4       0x70 src/ASF/avr32/services/fs/fat/navigation.o
                0x800058c4                nav_filelist_nb
 .text.nav_filelist_goto
                0x80005934       0x8c src/ASF/avr32/services/fs/fat/navigation.o
                0x80005934                nav_filelist_goto
 .text.nav_partition_mount
                0x800059c0       0x3c src/ASF/avr32/services/fs/fat/navigation.o
                0x800059c0                nav_partition_mount
 .text.nav_drive_set
                0x800059fc       0x54 src/ASF/avr32/services/fs/fat/navigation.o
                0x800059fc                nav_drive_set
 .text.nav_drive_nb
                0x80005a50        0xc src/ASF/avr32/services/fs/fat/navigation.o
                0x80005a50                nav_drive_nb
 .text.nav_select
                0x80005a5c       0x48 src/ASF/avr32/services/fs/fat/navigation.o
                0x80005a5c                nav_select
 .text.nav_exit
                0x80005aa4       0x28 src/ASF/avr32/services/fs/fat/navigation.o
                0x80005aa4                nav_exit
 .text.nav_reset
                0x80005acc       0x6c src/ASF/avr32/services/fs/fat/navigation.o
                0x80005acc                nav_reset
 .text.get_nb_lun
                0x80005b38        0x2 src/ASF/common/services/storage/ctrl_access/ctrl_access.o
                0x80005b38                get_nb_lun
 *fill*         0x80005b3a        0x2 d703d703
 .text.ctrl_access_lock
                0x80005b3c       0x2c src/ASF/common/services/storage/ctrl_access/ctrl_access.o
 .text.ram_2_memory
                0x80005b68       0x60 src/ASF/common/services/storage/ctrl_access/ctrl_access.o
                0x80005b68                ram_2_memory
 .text.memory_2_ram
                0x80005bc8       0x60 src/ASF/common/services/storage/ctrl_access/ctrl_access.o
                0x80005bc8                memory_2_ram
 .text.mem_wr_protect
                0x80005c28       0x44 src/ASF/common/services/storage/ctrl_access/ctrl_access.o
                0x80005c28                mem_wr_protect
 .text.mem_sector_size
                0x80005c6c       0x38 src/ASF/common/services/storage/ctrl_access/ctrl_access.o
                0x80005c6c                mem_sector_size
 .text.mem_test_unit_ready
                0x80005ca4       0x44 src/ASF/common/services/storage/ctrl_access/ctrl_access.o
                0x80005ca4                mem_test_unit_ready
 .text.ctrl_access_init
                0x80005ce8       0x40 src/ASF/common/services/storage/ctrl_access/ctrl_access.o
                0x80005ce8                ctrl_access_init
 .text.check_sd_card
                0x80005d28       0x68 src/lib/conf_spi_sd.o
                0x80005d28                check_sd_card
 .text.sd_mmc_resources_init
                0x80005d90       0x84 src/lib/conf_spi_sd.o
                0x80005d90                sd_mmc_resources_init
 .text.tpa6130_abdac_tx_pdca_int_handler
                0x80005e14       0x60 src/ASF/avr32/components/audio/amp/tpa6130a2/tpa6130.o
 .text.tpa6130_write_data
                0x80005e74       0x4c src/ASF/avr32/components/audio/amp/tpa6130a2/tpa6130.o
 .text.tpa6130_set_volume
                0x80005ec0       0x30 src/ASF/avr32/components/audio/amp/tpa6130a2/tpa6130.o
                0x80005ec0                tpa6130_set_volume
 .text.tpa6130_dac_output
                0x80005ef0       0x60 src/ASF/avr32/components/audio/amp/tpa6130a2/tpa6130.o
                0x80005ef0                tpa6130_dac_output
 .text.tpa6130_read_data
                0x80005f50       0x4c src/ASF/avr32/components/audio/amp/tpa6130a2/tpa6130.o
 .text.tpa6130_get_volume
                0x80005f9c       0x14 src/ASF/avr32/components/audio/amp/tpa6130a2/tpa6130.o
                0x80005f9c                tpa6130_get_volume
 .text.tpa6130_powerup
                0x80005fb0       0x20 src/ASF/avr32/components/audio/amp/tpa6130a2/tpa6130.o
                0x80005fb0                tpa6130_powerup
 .text.tpa6130_shutdown
                0x80005fd0       0x20 src/ASF/avr32/components/audio/amp/tpa6130a2/tpa6130.o
                0x80005fd0                tpa6130_shutdown
 .text.tpa6130_dac_stop
                0x80005ff0       0x44 src/ASF/avr32/components/audio/amp/tpa6130a2/tpa6130.o
                0x80005ff0                tpa6130_dac_stop
 .text.tpa6130_init
                0x80006034       0x50 src/ASF/avr32/components/audio/amp/tpa6130a2/tpa6130.o
                0x80006034                tpa6130_init
 .text.tpa6130_dac_setup
                0x80006084       0x98 src/ASF/avr32/components/audio/amp/tpa6130a2/tpa6130.o
                0x80006084                tpa6130_dac_setup
 .text.tpa6130_dac_start
                0x8000611c       0x64 src/ASF/avr32/components/audio/amp/tpa6130a2/tpa6130.o
                0x8000611c                tpa6130_dac_start
 .text.abdac_enable
                0x80006180       0x14 src/ASF/avr32/drivers/abdac/abdac.o
                0x80006180                abdac_enable
 .text.abdac_disable
                0x80006194       0x16 src/ASF/avr32/drivers/abdac/abdac.o
                0x80006194                abdac_disable
 .text.abdac_swap_channels
                0x800061aa       0x18 src/ASF/avr32/drivers/abdac/abdac.o
                0x800061aa                abdac_swap_channels
 .text.abdac_set_dac_hz
                0x800061c2       0x7e src/ASF/avr32/drivers/abdac/abdac.o
                0x800061c2                abdac_set_dac_hz
 .text.abdac_set_dac_sample_rate
                0x80006240      0x218 src/ASF/avr32/drivers/abdac/abdac.o
                0x80006240                abdac_set_dac_sample_rate
 .text.pdca_get_handler
                0x80006458       0x14 src/ASF/avr32/drivers/pdca/pdca.o
                0x80006458                pdca_get_handler
 .text.pdca_disable
                0x8000646c       0x10 src/ASF/avr32/drivers/pdca/pdca.o
                0x8000646c                pdca_disable
 .text.pdca_enable
                0x8000647c       0x10 src/ASF/avr32/drivers/pdca/pdca.o
                0x8000647c                pdca_enable
 .text.pdca_enable_interrupt_transfer_complete
                0x8000648c       0x10 src/ASF/avr32/drivers/pdca/pdca.o
                0x8000648c                pdca_enable_interrupt_transfer_complete
 .text.pdca_enable_interrupt_reload_counter_zero
                0x8000649c       0x10 src/ASF/avr32/drivers/pdca/pdca.o
                0x8000649c                pdca_enable_interrupt_reload_counter_zero
 .text.pdca_get_transfer_status
                0x800064ac       0x10 src/ASF/avr32/drivers/pdca/pdca.o
                0x800064ac                pdca_get_transfer_status
 .text.pdca_disable_interrupt_reload_counter_zero
                0x800064bc       0x28 src/ASF/avr32/drivers/pdca/pdca.o
                0x800064bc                pdca_disable_interrupt_reload_counter_zero
 .text.pdca_disable_interrupt_transfer_complete
                0x800064e4       0x28 src/ASF/avr32/drivers/pdca/pdca.o
                0x800064e4                pdca_disable_interrupt_transfer_complete
 .text.pdca_reload_channel
                0x8000650c       0x38 src/ASF/avr32/drivers/pdca/pdca.o
                0x8000650c                pdca_reload_channel
 .text.pdca_init_channel
                0x80006544       0x60 src/ASF/avr32/drivers/pdca/pdca.o
                0x80006544                pdca_init_channel
 .text.twi_master_interrupt_handler_not_naked
                0x800065a4       0xbc src/ASF/avr32/drivers/twi/twi.o
 .text.twi_master_interrupt_handler
                0x80006660       0x14 src/ASF/avr32/drivers/twi/twi.o
 .text.twi_mk_addr
                0x80006674       0x22 src/ASF/avr32/drivers/twi/twi.o
 *fill*         0x80006696        0x2 d703d703
 .text.twi_is_busy
                0x80006698        0xc src/ASF/avr32/drivers/twi/twi.o
                0x80006698                twi_is_busy
 .text.twi_master_write
                0x800066a4       0xb0 src/ASF/avr32/drivers/twi/twi.o
                0x800066a4                twi_master_write
 .text.twi_probe
                0x80006754       0x28 src/ASF/avr32/drivers/twi/twi.o
                0x80006754                twi_probe
 .text.twi_master_read
                0x8000677c       0xb8 src/ASF/avr32/drivers/twi/twi.o
                0x8000677c                twi_master_read
 .text.twi_master_init
                0x80006834       0xa4 src/ASF/avr32/drivers/twi/twi.o
                0x80006834                twi_master_init
 .text.print_char
                0x800068d8        0xc src/ASF/avr32/utils/debug/print_funcs.o
                0x800068d8                print_char
 .text.print_dbg_char
                0x800068e4       0x14 src/ASF/avr32/utils/debug/print_funcs.o
                0x800068e4                print_dbg_char
 .text.print    0x800068f8        0xc src/ASF/avr32/utils/debug/print_funcs.o
                0x800068f8                print
 .text.print_char_hex
                0x80006904       0x30 src/ASF/avr32/utils/debug/print_funcs.o
                0x80006904                print_char_hex
 .text.print_dbg_char_hex
                0x80006934       0x14 src/ASF/avr32/utils/debug/print_funcs.o
                0x80006934                print_dbg_char_hex
 .text.print_ulong
                0x80006948       0x48 src/ASF/avr32/utils/debug/print_funcs.o
                0x80006948                print_ulong
 .text.print_dbg_ulong
                0x80006990       0x14 src/ASF/avr32/utils/debug/print_funcs.o
                0x80006990                print_dbg_ulong
 .text.print_dbg
                0x800069a4       0x14 src/ASF/avr32/utils/debug/print_funcs.o
                0x800069a4                print_dbg
 .text.init_dbg_rs232_ex
                0x800069b8       0x40 src/ASF/avr32/utils/debug/print_funcs.o
                0x800069b8                init_dbg_rs232_ex
 .text.init_dbg_rs232
                0x800069f8       0x14 src/ASF/avr32/utils/debug/print_funcs.o
                0x800069f8                init_dbg_rs232
 .text.flashc_set_wait_state
                0x80006a0c        0xe src/ASF/avr32/drivers/flashc/flashc.o
                0x80006a0c                flashc_set_wait_state
 .text.pm_set_osc0_mode
                0x80006a1a        0xa src/ASF/avr32/drivers/pm/pm.o
 .text.pm_enable_osc0_crystal
                0x80006a24       0x3c src/ASF/avr32/drivers/pm/pm.o
                0x80006a24                pm_enable_osc0_crystal
 .text.pm_enable_clk0_no_wait
                0x80006a60       0x10 src/ASF/avr32/drivers/pm/pm.o
                0x80006a60                pm_enable_clk0_no_wait
 .text.pm_wait_for_clk0_ready
                0x80006a70        0xa src/ASF/avr32/drivers/pm/pm.o
                0x80006a70                pm_wait_for_clk0_ready
 *fill*         0x80006a7a        0x2 d703d703
 .text.pm_enable_clk0
                0x80006a7c       0x1c src/ASF/avr32/drivers/pm/pm.o
                0x80006a7c                pm_enable_clk0
 .text.pm_set_osc1_mode
                0x80006a98        0xa src/ASF/avr32/drivers/pm/pm.o
 *fill*         0x80006aa2        0x2 d703d703
 .text.pm_enable_osc1_crystal
                0x80006aa4       0x3c src/ASF/avr32/drivers/pm/pm.o
                0x80006aa4                pm_enable_osc1_crystal
 .text.pm_enable_clk1_no_wait
                0x80006ae0       0x10 src/ASF/avr32/drivers/pm/pm.o
                0x80006ae0                pm_enable_clk1_no_wait
 .text.pm_wait_for_clk1_ready
                0x80006af0        0xa src/ASF/avr32/drivers/pm/pm.o
                0x80006af0                pm_wait_for_clk1_ready
 *fill*         0x80006afa        0x2 d703d703
 .text.pm_enable_clk1
                0x80006afc       0x1c src/ASF/avr32/drivers/pm/pm.o
                0x80006afc                pm_enable_clk1
 .text.pm_cksel
                0x80006b18       0x46 src/ASF/avr32/drivers/pm/pm.o
                0x80006b18                pm_cksel
 .text.pm_pll_setup
                0x80006b5e       0x22 src/ASF/avr32/drivers/pm/pm.o
                0x80006b5e                pm_pll_setup
 .text.pm_pll_set_option
                0x80006b80       0x1a src/ASF/avr32/drivers/pm/pm.o
                0x80006b80                pm_pll_set_option
 .text.pm_pll_enable
                0x80006b9a        0xe src/ASF/avr32/drivers/pm/pm.o
                0x80006b9a                pm_pll_enable
 .text.pm_wait_for_pll0_locked
                0x80006ba8        0xa src/ASF/avr32/drivers/pm/pm.o
                0x80006ba8                pm_wait_for_pll0_locked
 .text.pm_wait_for_pll1_locked
                0x80006bb2        0xa src/ASF/avr32/drivers/pm/pm.o
                0x80006bb2                pm_wait_for_pll1_locked
 .text.pm_switch_to_clock
                0x80006bbc        0xa src/ASF/avr32/drivers/pm/pm.o
                0x80006bbc                pm_switch_to_clock
 *fill*         0x80006bc6        0x2 d703d703
 .text.pm_switch_to_osc0
                0x80006bc8       0x2c src/ASF/avr32/drivers/pm/pm.o
                0x80006bc8                pm_switch_to_osc0
 .text.usart_set_async_baudrate
                0x80006bf4       0x5a src/ASF/avr32/drivers/usart/usart.o
 .text.usart_write_char
                0x80006c4e       0x14 src/ASF/avr32/drivers/usart/usart.o
                0x80006c4e                usart_write_char
 *fill*         0x80006c62        0x2 d703d703
 .text.usart_putchar
                0x80006c64       0x2c src/ASF/avr32/drivers/usart/usart.o
                0x80006c64                usart_putchar
 .text.usart_write_line
                0x80006c90       0x24 src/ASF/avr32/drivers/usart/usart.o
                0x80006c90                usart_write_line
 .text.usart_reset
                0x80006cb4       0x2c src/ASF/avr32/drivers/usart/usart.o
                0x80006cb4                usart_reset
 .text.usart_init_rs232
                0x80006ce0       0xcc src/ASF/avr32/drivers/usart/usart.o
                0x80006ce0                usart_init_rs232
 .text.vListInitialise
                0x80006dac       0x14 src/FreeRTOS/Source/list.o
                0x80006dac                vListInitialise
 .text.vListInitialiseItem
                0x80006dc0        0x6 src/FreeRTOS/Source/list.o
                0x80006dc0                vListInitialiseItem
 .text.vListInsertEnd
                0x80006dc6       0x18 src/FreeRTOS/Source/list.o
                0x80006dc6                vListInsertEnd
 .text.vListInsert
                0x80006dde       0x30 src/FreeRTOS/Source/list.o
                0x80006dde                vListInsert
 .text.uxListRemove
                0x80006e0e       0x28 src/FreeRTOS/Source/list.o
                0x80006e0e                uxListRemove
 .text.pxPortInitialiseStack
                0x80006e36       0x92 src/FreeRTOS/Source/portable/GCC/AVR32_UC3/port.o
                0x80006e36                pxPortInitialiseStack
 .text.vPortEnterCritical
                0x80006ec8       0x10 src/FreeRTOS/Source/portable/GCC/AVR32_UC3/port.o
                0x80006ec8                vPortEnterCritical
 .text.xPortStartScheduler
                0x80006ed8       0x58 src/FreeRTOS/Source/portable/GCC/AVR32_UC3/port.o
                0x80006ed8                xPortStartScheduler
 .text.SCALLYield
                0x80006f30       0x98 src/FreeRTOS/Source/portable/GCC/AVR32_UC3/port.o
                0x80006f30                SCALLYield
 .text.prvClearCcInt
                0x80006fc8        0xa src/FreeRTOS/Source/portable/GCC/AVR32_UC3/port.o
 *fill*         0x80006fd2        0x2 d703d703
 .text.vPortExitCritical
                0x80006fd4       0x20 src/FreeRTOS/Source/portable/GCC/AVR32_UC3/port.o
                0x80006fd4                vPortExitCritical
 .text.vTick    0x80006ff4       0x84 src/FreeRTOS/Source/portable/GCC/AVR32_UC3/port.o
 .text.__malloc_lock
                0x80007078        0xc src/FreeRTOS/Source/portable/GCC/AVR32_UC3/port.o
                0x80007078                __malloc_lock
 .text.__malloc_unlock
                0x80007084        0xc src/FreeRTOS/Source/portable/GCC/AVR32_UC3/port.o
                0x80007084                __malloc_unlock
 .text.vPortFree
                0x80007090       0x28 src/FreeRTOS/Source/portable/MemMang/heap_3.o
                0x80007090                vPortFree
 .text.pvPortMalloc
                0x800070b8       0x28 src/FreeRTOS/Source/portable/MemMang/heap_3.o
                0x800070b8                pvPortMalloc
 .text.prvIsQueueEmpty
                0x800070e0       0x20 src/FreeRTOS/Source/queue.o
 .text.prvCopyDataFromQueue
                0x80007100       0x30 src/FreeRTOS/Source/queue.o
 .text.prvUnlockQueue
                0x80007130       0xa8 src/FreeRTOS/Source/queue.o
 .text.xQueueReceive
                0x800071d8      0x10c src/FreeRTOS/Source/queue.o
                0x800071d8                xQueueReceive
 .text.xQueueSemaphoreTake
                0x800072e4      0x15c src/FreeRTOS/Source/queue.o
                0x800072e4                xQueueSemaphoreTake
 .text.prvCopyDataToQueue
                0x80007440       0x88 src/FreeRTOS/Source/queue.o
 .text.xQueueGenericSend
                0x800074c8      0x11c src/FreeRTOS/Source/queue.o
                0x800074c8                xQueueGenericSend
 .text.xQueueGenericReset
                0x800075e4       0x78 src/FreeRTOS/Source/queue.o
                0x800075e4                xQueueGenericReset
 .text.xQueueGenericCreate
                0x8000765c       0x40 src/FreeRTOS/Source/queue.o
                0x8000765c                xQueueGenericCreate
 .text.prvTaskIsTaskSuspended
                0x8000769c       0x20 src/FreeRTOS/Source/tasks.o
 .text.vTaskSuspendAll
                0x800076bc       0x10 src/FreeRTOS/Source/tasks.o
                0x800076bc                vTaskSuspendAll
 .text.vTaskSwitchContext
                0x800076cc       0x74 src/FreeRTOS/Source/tasks.o
                0x800076cc                vTaskSwitchContext
 .text.vTaskInternalSetTimeOutState
                0x80007740       0x18 src/FreeRTOS/Source/tasks.o
                0x80007740                vTaskInternalSetTimeOutState
 .text.vTaskMissedYield
                0x80007758        0xc src/FreeRTOS/Source/tasks.o
                0x80007758                vTaskMissedYield
 .text.prvResetNextTaskUnblockTime
                0x80007764       0x28 src/FreeRTOS/Source/tasks.o
 .text.pvTaskIncrementMutexHeldCount
                0x8000778c       0x20 src/FreeRTOS/Source/tasks.o
                0x8000778c                pvTaskIncrementMutexHeldCount
 .text.xTaskCheckForTimeOut
                0x800077ac       0x6c src/FreeRTOS/Source/tasks.o
                0x800077ac                xTaskCheckForTimeOut
 .text.xTaskGenericNotify
                0x80007818       0xec src/FreeRTOS/Source/tasks.o
                0x80007818                xTaskGenericNotify
 .text.vTaskPriorityDisinheritAfterTimeout
                0x80007904       0x7c src/FreeRTOS/Source/tasks.o
                0x80007904                vTaskPriorityDisinheritAfterTimeout
 .text.xTaskPriorityDisinherit
                0x80007980       0x68 src/FreeRTOS/Source/tasks.o
                0x80007980                xTaskPriorityDisinherit
 .text.xTaskPriorityInherit
                0x800079e8       0xa4 src/FreeRTOS/Source/tasks.o
                0x800079e8                xTaskPriorityInherit
 .text.xTaskRemoveFromEventList
                0x80007a8c       0x8c src/FreeRTOS/Source/tasks.o
                0x80007a8c                xTaskRemoveFromEventList
 .text.xTaskIncrementTick
                0x80007b18      0x108 src/FreeRTOS/Source/tasks.o
                0x80007b18                xTaskIncrementTick
 .text.xTaskResumeAll
                0x80007c20       0xe4 src/FreeRTOS/Source/tasks.o
                0x80007c20                xTaskResumeAll
 .text.xTaskResumeFromISR
                0x80007d04       0x80 src/FreeRTOS/Source/tasks.o
                0x80007d04                xTaskResumeFromISR
 .text.vTaskResume
                0x80007d84       0x80 src/FreeRTOS/Source/tasks.o
                0x80007d84                vTaskResume
 .text.vTaskSuspend
                0x80007e04       0xb8 src/FreeRTOS/Source/tasks.o
                0x80007e04                vTaskSuspend
 .text.prvAddCurrentTaskToDelayedList
                0x80007ebc       0x98 src/FreeRTOS/Source/tasks.o
 .text.ulTaskGenericNotifyTake
                0x80007f54       0x98 src/FreeRTOS/Source/tasks.o
                0x80007f54                ulTaskGenericNotifyTake
 .text.vTaskDelay
                0x80007fec       0x30 src/FreeRTOS/Source/tasks.o
                0x80007fec                vTaskDelay
 .text.vTaskPlaceOnEventList
                0x8000801c       0x28 src/FreeRTOS/Source/tasks.o
                0x8000801c                vTaskPlaceOnEventList
 .text.prvDeleteTCB
                0x80008044       0x1c src/FreeRTOS/Source/tasks.o
 .text.prvIdleTask
                0x80008060       0x68 src/FreeRTOS/Source/tasks.o
 .text.xTaskCreate
                0x800080c8      0x1ec src/FreeRTOS/Source/tasks.o
                0x800080c8                xTaskCreate
 .text.vTaskStartScheduler
                0x800082b4       0x58 src/FreeRTOS/Source/tasks.o
                0x800082b4                vTaskStartScheduler
 .text.LED_On   0x8000830c       0x5c src/ASF/avr32/boards/evk1105/led.o
                0x8000830c                LED_On
 .text.LED_Off  0x80008368       0x60 src/ASF/avr32/boards/evk1105/led.o
                0x80008368                LED_Off
 .text.gpio_enable_module_pin
                0x800083c8       0x52 src/ASF/avr32/drivers/gpio/gpio.o
                0x800083c8                gpio_enable_module_pin
 *fill*         0x8000841a        0x2 d703d703
 .text.gpio_enable_module
                0x8000841c       0x30 src/ASF/avr32/drivers/gpio/gpio.o
                0x8000841c                gpio_enable_module
 .text.gpio_enable_gpio_pin
                0x8000844c       0x18 src/ASF/avr32/drivers/gpio/gpio.o
                0x8000844c                gpio_enable_gpio_pin
 .text.gpio_enable_gpio
                0x80008464       0x28 src/ASF/avr32/drivers/gpio/gpio.o
                0x80008464                gpio_enable_gpio
 .text.gpio_set_gpio_pin
                0x8000848c       0x1c src/ASF/avr32/drivers/gpio/gpio.o
                0x8000848c                gpio_set_gpio_pin
 .text.gpio_clr_gpio_pin
                0x800084a8       0x1c src/ASF/avr32/drivers/gpio/gpio.o
                0x800084a8                gpio_clr_gpio_pin
 .text.gpio_enable_pin_interrupt
                0x800084c4       0x46 src/ASF/avr32/drivers/gpio/gpio.o
                0x800084c4                gpio_enable_pin_interrupt
 .text.gpio_get_pin_interrupt_flag
                0x8000850a       0x18 src/ASF/avr32/drivers/gpio/gpio.o
                0x8000850a                gpio_get_pin_interrupt_flag
 .text.gpio_clear_pin_interrupt_flag
                0x80008522       0x16 src/ASF/avr32/drivers/gpio/gpio.o
                0x80008522                gpio_clear_pin_interrupt_flag
 .text._unhandled_interrupt
                0x80008538        0x2 src/ASF/avr32/drivers/intc/intc.o
 *fill*         0x8000853a        0x2 d703d703
 .text.INTC_register_interrupt
                0x8000853c       0x80 src/ASF/avr32/drivers/intc/intc.o
                0x8000853c                INTC_register_interrupt
 .text.INTC_init_interrupts
                0x800085bc       0x54 src/ASF/avr32/drivers/intc/intc.o
                0x800085bc                INTC_init_interrupts
 .text._get_interrupt_handler
                0x80008610       0x38 src/ASF/avr32/drivers/intc/intc.o
                0x80008610                _get_interrupt_handler
 .text._stext   0x80008648       0x40 src/ASF/avr32/utils/startup/startup_uc3.o
                                 0x50 (size before relaxing)
                0x80008648                _stext
 .text.master_callback
                0x80008688        0x2 src/main.o
 *fill*         0x8000868a        0x2 d703d703
 .text.RT_ISR_gpio_qt_71_not_naked
                0x8000868c       0x74 src/main.o
 .text.RT_ISR_gpio_qt_71
                0x80008700       0x78 src/main.o
 .text.RT_ISR_gpio_qt_70_not_naked
                0x80008778       0x58 src/main.o
 .text.RT_ISR_gpio_qt_70
                0x800087d0       0x78 src/main.o
 .text.main     0x80008848      0x388 src/main.o
                0x80008848                main
 .text.etTask   0x80008bd0      0x710 src/main.o
                0x80008bd0                etTask
 .text.fsTask   0x800092e0      0x234 src/main.o
                0x800092e0                fsTask
 .text.qtButtonTask
                0x80009514      0x2dc src/main.o
                0x80009514                qtButtonTask
 .text.playAudioTask
                0x800097f0      0x104 src/main.o
                0x800097f0                playAudioTask
 .text          0x800098f4      0x264 c:/program files (x86)/atmel/studio/7.0/toolchain/avr32/avr32-gnu-toolchain/bin/../lib/gcc/avr32/4.4.7/ucr2\libgcc.a(_udivdi3.o)
                0x800098f4                __avr32_udiv64
                0x800098f4                __udivdi3
 .text.free     0x80009b58       0x10 c:/program files (x86)/atmel/studio/7.0/toolchain/avr32/avr32-gnu-toolchain/bin/../lib/gcc/avr32/4.4.7/../../../../avr32/lib/ucr2\libc.a(lib_a-malloc.o)
                                 0x18 (size before relaxing)
                0x80009b58                free
 .text.malloc   0x80009b68       0x10 c:/program files (x86)/atmel/studio/7.0/toolchain/avr32/avr32-gnu-toolchain/bin/../lib/gcc/avr32/4.4.7/../../../../avr32/lib/ucr2\libc.a(lib_a-malloc.o)
                                 0x18 (size before relaxing)
                0x80009b68                malloc
 .text._malloc_r
                0x80009b78      0x434 c:/program files (x86)/atmel/studio/7.0/toolchain/avr32/avr32-gnu-toolchain/bin/../lib/gcc/avr32/4.4.7/../../../../avr32/lib/ucr2\libc.a(lib_a-mallocr.o)
                                0x450 (size before relaxing)
                0x80009b78                _malloc_r
 .text          0x80009fac      0x148 c:/program files (x86)/atmel/studio/7.0/toolchain/avr32/avr32-gnu-toolchain/bin/../lib/gcc/avr32/4.4.7/../../../../avr32/lib/ucr2\libc.a(lib_a-memcpy.o)
                0x80009fac                memcpy
 .text.memset   0x8000a0f4        0xe c:/program files (x86)/atmel/studio/7.0/toolchain/avr32/avr32-gnu-toolchain/bin/../lib/gcc/avr32/4.4.7/../../../../avr32/lib/ucr2\libc.a(lib_a-memset.o)
                0x8000a0f4                memset
 *fill*         0x8000a102        0x2 d703d703
 .text._sbrk_r  0x8000a104       0x20 c:/program files (x86)/atmel/studio/7.0/toolchain/avr32/avr32-gnu-toolchain/bin/../lib/gcc/avr32/4.4.7/../../../../avr32/lib/ucr2\libc.a(lib_a-sbrkr.o)
                                 0x28 (size before relaxing)
                0x8000a104                _sbrk_r
 .text._sbrk    0x8000a124       0x38 c:/program files (x86)/atmel/studio/7.0/toolchain/avr32/avr32-gnu-toolchain/bin/../lib/gcc/avr32/4.4.7/../../../../avr32/lib/ucr2\libc.a(lib_a-syscalls.o)
                                 0x40 (size before relaxing)
                0x8000a124                _sbrk
 .text.__errno  0x8000a15c        0xc c:/program files (x86)/atmel/studio/7.0/toolchain/avr32/avr32-gnu-toolchain/bin/../lib/gcc/avr32/4.4.7/../../../../avr32/lib/ucr2\libc.a(lib_a-errno.o)
                0x8000a15c                __errno
 .text._malloc_trim_r
                0x8000a168       0x90 c:/program files (x86)/atmel/studio/7.0/toolchain/avr32/avr32-gnu-toolchain/bin/../lib/gcc/avr32/4.4.7/../../../../avr32/lib/ucr2\libc.a(lib_a-freer.o)
                                 0xa8 (size before relaxing)
                0x8000a168                _malloc_trim_r
 .text._free_r  0x8000a1f8      0x18c c:/program files (x86)/atmel/studio/7.0/toolchain/avr32/avr32-gnu-toolchain/bin/../lib/gcc/avr32/4.4.7/../../../../avr32/lib/ucr2\libc.a(lib_a-freer.o)
                                0x1a0 (size before relaxing)
                0x8000a1f8                _free_r
 *(.text.*personality*)
 *(.gnu.warning)

.exception      0x8000a400      0x200
 .exception     0x8000a400      0x200 src/FreeRTOS/Source/portable/GCC/AVR32_UC3/exception.o
                0x8000a400                _evba
                0x8000a504                _int0
                0x8000a512                _int1
                0x8000a520                _int2
                0x8000a52e                _int3

.fini
 *(.fini)
                0x8000a600                PROVIDE (__etext, .)
                0x8000a600                PROVIDE (_etext, .)
                0x8000a600                PROVIDE (etext, .)

.rodata         0x8000a600    0x10b64
 *(.rodata .rodata.* .gnu.linkonce.r.*)
 .rodata.FONT8x16
                0x8000a600      0x610 src/ASF/avr32/components/display/et024006dhu/et024006dhu.o
                0x8000a600                FONT8x16
 .rodata.FONT8x8
                0x8000ac10      0x308 src/ASF/avr32/components/display/et024006dhu/et024006dhu.o
                0x8000ac10                FONT8x8
 .rodata.SDRAMC_EBI_GPIO_MAP.10592
                0x8000af18      0x138 src/ASF/avr32/drivers/ebi/sdramc/sdramc.o
 .rodata.SMC_EBI_GPIO_MAP.10637
                0x8000b050       0xa0 src/ASF/avr32/drivers/ebi/smc/smc.o
 .rodata.const_FSI_LeadSig
                0x8000b0f0        0x4 src/ASF/avr32/services/fs/fat/fat_unusual.o
                0x8000b0f0                const_FSI_LeadSig
 .rodata.const_FSI_StrucSig
                0x8000b0f4        0x4 src/ASF/avr32/services/fs/fat/fat_unusual.o
                0x8000b0f4                const_FSI_StrucSig
 .rodata.lun_desc
                0x8000b0f8       0x20 src/ASF/common/services/storage/ctrl_access/ctrl_access.o
 .rodata.str1.4
                0x8000b118       0x17 src/ASF/common/services/storage/ctrl_access/ctrl_access.o
                                 0x18 (size before relaxing)
 *fill*         0x8000b12f        0x1 
 .rodata.adelantar
                0x8000b130     0x1388 src/img/adelantar.o
                0x8000b130                adelantar
 .rodata.adelantarverde
                0x8000c4b8     0x1388 src/img/adelantarverde.o
                0x8000c4b8                adelantarverde
 .rodata.atrasarblanco
                0x8000d840     0x1388 src/img/atrasarblanco.o
                0x8000d840                atrasarblanco
 .rodata.fercaspian
                0x8000ebc8     0x2648 src/img/fercaspian.o
                0x8000ebc8                fercaspian
 .rodata.play   0x80011210     0x1388 src/img/play.o
                0x80011210                play
 .rodata.playverde
                0x80012598     0x1388 src/img/playverde.o
                0x80012598                playverde
 .rodata.letdown
                0x80013920     0x2648 src/img/letdown.o
                0x80013920                letdown
 .rodata.takeonme
                0x80015f68     0x2648 src/img/takeonme.o
                0x80015f68                takeonme
 .rodata.wearethechampions
                0x800185b0     0x2648 src/img/we_are_the_champions.o
                0x800185b0                wearethechampions
 .rodata.C.50.11904
                0x8001abf8       0x10 src/lib/conf_spi_sd.o
 .rodata.SD_MMC_SPI_GPIO_MAP.11902
                0x8001ac08       0x20 src/lib/conf_spi_sd.o
 .rodata.str1.4
                0x8001ac28       0x56 src/lib/conf_spi_sd.o
                                 0x58 (size before relaxing)
 *fill*         0x8001ac7e        0x2 
 .rodata.C.52.10877
                0x8001ac80       0x18 src/ASF/avr32/components/audio/amp/tpa6130a2/tpa6130.o
 .rodata.TPA6130_ABDAC_GPIO_MAP
                0x8001ac98       0x20 src/ASF/avr32/components/audio/amp/tpa6130a2/tpa6130.o
 .rodata.DBG_USART_GPIO_MAP.10878
                0x8001acb8       0x10 src/ASF/avr32/utils/debug/print_funcs.o
 .rodata.HEX_DIGITS
                0x8001acc8       0x10 src/ASF/avr32/utils/debug/print_funcs.o
 .rodata.str1.4
                0x8001acd8        0x5 src/FreeRTOS/Source/tasks.o
                                  0x8 (size before relaxing)
 *fill*         0x8001acdd        0x3 
 .rodata.LED_DESCRIPTOR
                0x8001ace0       0x40 src/ASF/avr32/boards/evk1105/led.o
 .rodata._int_handler_table
                0x8001ad20       0xa0 src/ASF/avr32/drivers/intc/intc.o
 .rodata.str1.4
                0x8001adc0      0x322 src/main.o
                                0x330 (size before relaxing)
 *fill*         0x8001b0e2        0x2 
 .rodata.C.122.16159
                0x8001b0e4       0x10 src/main.o
 .rodata.C.123.16160
                0x8001b0f4        0xc src/main.o
 .rodata.str1.4
                0x8001b100        0x4 c:/program files (x86)/atmel/studio/7.0/toolchain/avr32/avr32-gnu-toolchain/bin/../lib/gcc/avr32/4.4.7/../../../../avr32/lib/ucr2\libc.a(lib_a-impure.o)
 .rodata.__sf_fake_stdin
                0x8001b104       0x20 c:/program files (x86)/atmel/studio/7.0/toolchain/avr32/avr32-gnu-toolchain/bin/../lib/gcc/avr32/4.4.7/../../../../avr32/lib/ucr2\libc.a(lib_a-findfp.o)
                0x8001b104                __sf_fake_stdin
 .rodata.__sf_fake_stdout
                0x8001b124       0x20 c:/program files (x86)/atmel/studio/7.0/toolchain/avr32/avr32-gnu-toolchain/bin/../lib/gcc/avr32/4.4.7/../../../../avr32/lib/ucr2\libc.a(lib_a-findfp.o)
                0x8001b124                __sf_fake_stdout
 .rodata.__sf_fake_stderr
                0x8001b144       0x20 c:/program files (x86)/atmel/studio/7.0/toolchain/avr32/avr32-gnu-toolchain/bin/../lib/gcc/avr32/4.4.7/../../../../avr32/lib/ucr2\libc.a(lib_a-findfp.o)
                0x8001b144                __sf_fake_stderr

.rodata1
 *(.rodata1)

.eh_frame_hdr
 *(.eh_frame_hdr)

.eh_frame
 *(.eh_frame)

.gcc_except_table
 *(.gcc_except_table)
 *(.gcc_except_table.*)

.lalign         0x8001b164        0x4
                0x8001b168                . = ALIGN (0x8)
 *fill*         0x8001b164        0x4 
                0x8001b168                PROVIDE (_data_lma, .)
                0x00000004                . = ORIGIN (INTRAM)

.dalign         0x00000004        0x4
                0x00000008                . = ALIGN (0x8)
 *fill*         0x00000004        0x4 
                0x00000008                PROVIDE (_data, .)

.eh_frame
 *(.eh_frame)

.gcc_except_table
 *(.gcc_except_table)
 *(.gcc_except_table.*)

.tdata
 *(.tdata .tdata.* .gnu.linkonce.td.*)

.tbss
 *(.tbss .tbss.* .gnu.linkonce.tb.*)
 *(.tcommon)
                0x00000008                PROVIDE (__preinit_array_start, ALIGN (0x4))

.preinit_array
 *(.preinit_array)
                0x00000008                PROVIDE (__preinit_array_end, .)
                0x00000008                PROVIDE (__init_array_start, .)

.init_array
 *(.init_array)
                0x00000008                PROVIDE (__init_array_end, .)
                0x00000008                PROVIDE (__fini_array_start, .)

.fini_array
 *(.fini_array)
                0x00000008                PROVIDE (__fini_array_end, .)

.ctors
 *crtbegin*.o(.ctors)
 *(EXCLUDE_FILE(*crtend*.o) .ctors)
 *(SORT(.ctors.*))
 *(.ctors)

.dtors
 *crtbegin*.o(.dtors)
 *(EXCLUDE_FILE(*crtend*.o) .dtors)
 *(SORT(.dtors.*))
 *(.dtors)

.jcr
 *(.jcr)

.data.rel.ro
 *(.data.rel.ro.local)
 *(.data.rel.ro*)

.dynamic
 *(.dynamic)

.got
 *(.got.plt)
 *(.got)

.ramtext
 *(.ramtext .ramtext.*)

.ddalign        0x00000008        0x0 load address 0x8001b168
                0x00000008                . = ALIGN (0x8)

.data           0x00000008     0x7490 load address 0x8001b168
 *(.data .data.* .gnu.linkonce.d.*)
 .data.sd_mmc_spi_presence_status
                0x00000008        0x1 src/ASF/avr32/components/memory/sd_mmc/sd_mmc_spi/sd_mmc_spi_mem.o
                0x00000008                sd_mmc_spi_presence_status
 .data.tpa6130_shadow_regs
                0x00000009        0x4 src/ASF/avr32/components/audio/amp/tpa6130a2/tpa6130.o
 *fill*         0x0000000d        0x3 
 .data.ulCriticalNesting
                0x00000010        0x4 src/FreeRTOS/Source/portable/GCC/AVR32_UC3/port.o
                0x00000010                ulCriticalNesting
 .data.LED_State
                0x00000014        0x4 src/ASF/avr32/boards/evk1105/led.o
 .data.first_time.16195
                0x00000018        0x1 src/main.o
 .data.first_time.16249
                0x00000019        0x1 src/main.o
 *fill*         0x0000001a        0x2 
 .data.letdownsong
                0x0000001c     0x6f78 src/main.o
                0x0000001c                letdownsong
 .data.__malloc_av_
                0x00006f94      0x408 c:/program files (x86)/atmel/studio/7.0/toolchain/avr32/avr32-gnu-toolchain/bin/../lib/gcc/avr32/4.4.7/../../../../avr32/lib/ucr2\libc.a(lib_a-mallocr.o)
                0x00006f94                __malloc_av_
 .data.__malloc_trim_threshold
                0x0000739c        0x4 c:/program files (x86)/atmel/studio/7.0/toolchain/avr32/avr32-gnu-toolchain/bin/../lib/gcc/avr32/4.4.7/../../../../avr32/lib/ucr2\libc.a(lib_a-mallocr.o)
                0x0000739c                __malloc_trim_threshold
 .data.__malloc_sbrk_base
                0x000073a0        0x4 c:/program files (x86)/atmel/studio/7.0/toolchain/avr32/avr32-gnu-toolchain/bin/../lib/gcc/avr32/4.4.7/../../../../avr32/lib/ucr2\libc.a(lib_a-mallocr.o)
                0x000073a0                __malloc_sbrk_base
 .data.impure_data
                0x000073a4       0xf0 c:/program files (x86)/atmel/studio/7.0/toolchain/avr32/avr32-gnu-toolchain/bin/../lib/gcc/avr32/4.4.7/../../../../avr32/lib/ucr2\libc.a(lib_a-impure.o)
 .data._impure_ptr
                0x00007494        0x4 c:/program files (x86)/atmel/studio/7.0/toolchain/avr32/avr32-gnu-toolchain/bin/../lib/gcc/avr32/4.4.7/../../../../avr32/lib/ucr2\libc.a(lib_a-impure.o)
                0x00007494                _impure_ptr
 *(.gnu.linkonce.d.*personality*)

.data1
 *(.data1)

.balign         0x00007498        0x0 load address 0x800225f8
                0x00007498                . = ALIGN (0x8)
                0x00007498                PROVIDE (_edata, .)
                0x00007498                PROVIDE (edata, .)
                0x00007498                __bss_start = .

.bss            0x00007498      0xaa8
 *(.dynbss)
 *(.bss .bss.* .gnu.linkonce.b.*)
 .bss.tft_data  0x00007498        0x8 src/ASF/avr32/components/display/et024006dhu/et024006dhu.o
 .bss.gl_ptr_mem
                0x000074a0        0x8 src/ASF/avr32/components/memory/sd_mmc/sd_mmc_spi/sd_mmc_spi.o
 .bss.sd_mmc_opt
                0x000074a8       0x10 src/ASF/avr32/components/memory/sd_mmc/sd_mmc_spi/sd_mmc_spi.o
 .bss.sd_mmc_pba_hz
                0x000074b8        0x4 src/ASF/avr32/components/memory/sd_mmc/sd_mmc_spi/sd_mmc_spi.o
 .bss.sd_mmc_spi_init_done
                0x000074bc        0x1 src/ASF/avr32/components/memory/sd_mmc/sd_mmc_spi/sd_mmc_spi.o
                0x000074bc                sd_mmc_spi_init_done
 *fill*         0x000074bd        0x3 
 .bss.smc_tab_cs_size
                0x000074c0        0x8 src/ASF/avr32/drivers/ebi/smc/smc.o
 .bss.ctrl_access_semphr
                0x000074c8        0x4 src/ASF/common/services/storage/ctrl_access/ctrl_access.o
 .bss.tpa6130_output_param
                0x000074cc        0xc src/ASF/avr32/components/audio/amp/tpa6130a2/tpa6130.o
 .bss.twi_busy  0x000074d8        0x1 src/ASF/avr32/drivers/twi/twi.o
 .bss.twi_nack  0x000074d9        0x1 src/ASF/avr32/drivers/twi/twi.o
 *fill*         0x000074da        0x2 
 .bss.twi_tx_nb_bytes
                0x000074dc        0x4 src/ASF/avr32/drivers/twi/twi.o
 .bss.twi_it_mask
                0x000074e0        0x4 src/ASF/avr32/drivers/twi/twi.o
 .bss.twi_inst  0x000074e4        0x4 src/ASF/avr32/drivers/twi/twi.o
 .bss.twi_tx_data
                0x000074e8        0x4 src/ASF/avr32/drivers/twi/twi.o
 .bss.twi_rx_nb_bytes
                0x000074ec        0x4 src/ASF/avr32/drivers/twi/twi.o
 .bss.twi_rx_data
                0x000074f0        0x4 src/ASF/avr32/drivers/twi/twi.o
 .bss.xNextTaskUnblockTime
                0x000074f4        0x4 src/FreeRTOS/Source/tasks.o
 .bss.pxDelayedTaskList
                0x000074f8        0x4 src/FreeRTOS/Source/tasks.o
 .bss.xSchedulerRunning
                0x000074fc        0x4 src/FreeRTOS/Source/tasks.o
 .bss.xNumOfOverflows
                0x00007500        0x4 src/FreeRTOS/Source/tasks.o
 .bss.pxOverflowDelayedTaskList
                0x00007504        0x4 src/FreeRTOS/Source/tasks.o
 .bss.xPendedTicks
                0x00007508        0x4 src/FreeRTOS/Source/tasks.o
 .bss.pxReadyTasksLists
                0x0000750c       0xa0 src/FreeRTOS/Source/tasks.o
 .bss.uxDeletedTasksWaitingCleanUp
                0x000075ac        0x4 src/FreeRTOS/Source/tasks.o
 .bss.pxCurrentTCB
                0x000075b0        0x4 src/FreeRTOS/Source/tasks.o
                0x000075b0                pxCurrentTCB
 .bss.xPendingReadyList
                0x000075b4       0x14 src/FreeRTOS/Source/tasks.o
 .bss.xDelayedTaskList1
                0x000075c8       0x14 src/FreeRTOS/Source/tasks.o
 .bss.xTickCount
                0x000075dc        0x4 src/FreeRTOS/Source/tasks.o
 .bss.uxSchedulerSuspended
                0x000075e0        0x4 src/FreeRTOS/Source/tasks.o
 .bss.xDelayedTaskList2
                0x000075e4       0x14 src/FreeRTOS/Source/tasks.o
 .bss.uxTaskNumber
                0x000075f8        0x4 src/FreeRTOS/Source/tasks.o
 .bss.uxCurrentNumberOfTasks
                0x000075fc        0x4 src/FreeRTOS/Source/tasks.o
 .bss.xTasksWaitingTermination
                0x00007600       0x14 src/FreeRTOS/Source/tasks.o
 .bss.xIdleTaskHandle
                0x00007614        0x4 src/FreeRTOS/Source/tasks.o
 .bss.xSuspendedTaskList
                0x00007618       0x14 src/FreeRTOS/Source/tasks.o
 .bss.uxTopReadyPriority
                0x0000762c        0x4 src/FreeRTOS/Source/tasks.o
 .bss.xYieldPending
                0x00007630        0x4 src/FreeRTOS/Source/tasks.o
 .bss._int_line_handler_table_6
                0x00007634        0x4 src/ASF/avr32/drivers/intc/intc.o
 .bss._int_line_handler_table_7
                0x00007638        0x4 src/ASF/avr32/drivers/intc/intc.o
 .bss._int_line_handler_table_8
                0x0000763c        0x4 src/ASF/avr32/drivers/intc/intc.o
 .bss._int_line_handler_table_9
                0x00007640        0x4 src/ASF/avr32/drivers/intc/intc.o
 .bss._int_line_handler_table_10
                0x00007644        0x4 src/ASF/avr32/drivers/intc/intc.o
 .bss._int_line_handler_table_11
                0x00007648        0x4 src/ASF/avr32/drivers/intc/intc.o
 .bss._int_line_handler_table_12
                0x0000764c        0x4 src/ASF/avr32/drivers/intc/intc.o
 .bss._int_line_handler_table_13
                0x00007650        0x4 src/ASF/avr32/drivers/intc/intc.o
 .bss._int_line_handler_table_14
                0x00007654        0xc src/ASF/avr32/drivers/intc/intc.o
 .bss._int_line_handler_table_15
                0x00007660        0x4 src/ASF/avr32/drivers/intc/intc.o
 .bss._int_line_handler_table_16
                0x00007664        0x4 src/ASF/avr32/drivers/intc/intc.o
 .bss._int_line_handler_table_17
                0x00007668        0x4 src/ASF/avr32/drivers/intc/intc.o
 .bss._int_line_handler_table_18
                0x0000766c        0x4 src/ASF/avr32/drivers/intc/intc.o
 .bss._int_line_handler_table_19
                0x00007670        0x4 src/ASF/avr32/drivers/intc/intc.o
 .bss._int_line_handler_table_0
                0x00007674        0x4 src/ASF/avr32/drivers/intc/intc.o
 .bss._int_line_handler_table_1
                0x00007678       0x2c src/ASF/avr32/drivers/intc/intc.o
 .bss._int_line_handler_table_2
                0x000076a4       0x38 src/ASF/avr32/drivers/intc/intc.o
 .bss._int_line_handler_table_3
                0x000076dc       0x3c src/ASF/avr32/drivers/intc/intc.o
 .bss._int_line_handler_table_4
                0x00007718        0x4 src/ASF/avr32/drivers/intc/intc.o
 .bss._int_line_handler_table_5
                0x0000771c        0x4 src/ASF/avr32/drivers/intc/intc.o
 .bss.audioHandle
                0x00007720        0x4 src/main.o
                0x00007720                audioHandle
 .bss.qtHandle  0x00007724        0x4 src/main.o
                0x00007724                qtHandle
 .bss.first_ls  0x00007728        0x1 src/main.o
 *fill*         0x00007729        0x3 
 .bss.state     0x0000772c        0x4 src/main.o
                0x0000772c                state
 .bss.etHandle  0x00007730        0x4 src/main.o
                0x00007730                etHandle
 .bss.keys.16196
                0x00007734        0x2 src/main.o
 *fill*         0x00007736        0x2 
 .bss.count.15820
                0x00007738        0x4 src/main.o
 .bss.keys.16250
                0x0000773c        0x2 src/main.o
 .bss.samplesRx.15825
                0x0000773e        0x2 src/main.o
 .bss.i.15821   0x00007740        0x4 src/main.o
 .bss.notify.15824
                0x00007744        0x1 src/main.o
 .bss.playAudio.15823
                0x00007745        0x1 src/main.o
 *fill*         0x00007746        0x2 
 .bss.str_buff  0x00007748       0x20 src/main.o
 .bss.samplesToMove.15877
                0x00007768        0x2 src/main.o
 *fill*         0x0000776a        0x2 
 .bss.fsHandle  0x0000776c        0x4 src/main.o
                0x0000776c                fsHandle
 .bss.udValue.15879
                0x00007770        0x1 src/main.o
 .bss.lrValue.15878
                0x00007771        0x1 src/main.o
 *fill*         0x00007772        0x2 
 .bss.notificationValue.15822
                0x00007774        0x4 src/main.o
 .bss.__malloc_max_total_mem
                0x00007778        0x4 c:/program files (x86)/atmel/studio/7.0/toolchain/avr32/avr32-gnu-toolchain/bin/../lib/gcc/avr32/4.4.7/../../../../avr32/lib/ucr2\libc.a(lib_a-mallocr.o)
                0x00007778                __malloc_max_total_mem
 .bss.__malloc_max_sbrked_mem
                0x0000777c        0x4 c:/program files (x86)/atmel/studio/7.0/toolchain/avr32/avr32-gnu-toolchain/bin/../lib/gcc/avr32/4.4.7/../../../../avr32/lib/ucr2\libc.a(lib_a-mallocr.o)
                0x0000777c                __malloc_max_sbrked_mem
 .bss.__malloc_top_pad
                0x00007780        0x4 c:/program files (x86)/atmel/studio/7.0/toolchain/avr32/avr32-gnu-toolchain/bin/../lib/gcc/avr32/4.4.7/../../../../avr32/lib/ucr2\libc.a(lib_a-mallocr.o)
                0x00007780                __malloc_top_pad
 .bss.__malloc_current_mallinfo
                0x00007784       0x28 c:/program files (x86)/atmel/studio/7.0/toolchain/avr32/avr32-gnu-toolchain/bin/../lib/gcc/avr32/4.4.7/../../../../avr32/lib/ucr2\libc.a(lib_a-mallocr.o)
                0x00007784                __malloc_current_mallinfo
 .bss.cur_heap_pos.1869
                0x000077ac        0x4 c:/program files (x86)/atmel/studio/7.0/toolchain/avr32/avr32-gnu-toolchain/bin/../lib/gcc/avr32/4.4.7/../../../../avr32/lib/ucr2\libc.a(lib_a-syscalls.o)
 *(COMMON)
 COMMON         0x000077b0      0x229 src/ASF/avr32/components/memory/sd_mmc/sd_mmc_spi/sd_mmc_spi.o
                0x000077b0                data_mem
                0x000079b4                capacity
                0x000079bc                capacity_mult
                0x000079be                erase_group_size
                0x000079c0                sd_mmc_spi_last_block_address
                0x000079c4                r2
                0x000079c6                card_type
                0x000079c8                csd
                0x000079d8                r1
 *fill*         0x000079d9        0x3 
 COMMON         0x000079dc        0x4 src/ASF/avr32/drivers/spi/spi.o
                0x000079dc                xSPIMutex
 COMMON         0x000079e0      0x2f4 src/ASF/avr32/services/fs/fat/fat.o
                0x000079e0                fs_gu32_addrsector
                0x000079e4                fs_g_nav_entry
                0x000079f4                fs_g_u16_pos_fat
                0x000079f6                g_b_no_check_disk
                0x000079f8                fs_g_cache_clusterlist
                0x00007a20                fs_g_u32_last_mod_fat
                0x00007a24                fs_g_sector
                0x00007c24                fs_g_nav
                0x00007c58                fs_g_u32_first_mod_fat
                0x00007c5c                fs_g_navext_entry
                0x00007c6c                fs_g_navext_fast
                0x00007c70                fs_g_nav_fast
                0x00007c74                fs_g_status
                0x00007c75                g_b_string_length
                0x00007c76                fs_g_u8_current_cache
                0x00007c78                fs_g_navext
                0x00007cac                fs_g_sectorcache
                0x00007cc0                g_b_unicode
                0x00007cc4                fs_g_cluster
                0x00007ccc                fs_g_seg
 COMMON         0x00007cd4       0x19 src/ASF/avr32/services/fs/fat/navigation.o
                0x00007cd4                g_segment_dest
                0x00007ce0                g_segment_src
                0x00007cec                fs_g_u8_nav_selected
 *fill*         0x00007ced        0x3 
 COMMON         0x00007cf0      0x24c src/main.o
                0x00007cf0                reverseQueue
                0x00007cf4                Filessize
                0x00007d1c                intc_qt
                0x00007d20                repLrQueue
                0x00007d24                mainUdQueue
                0x00007d28                intc_tc
                0x00007d2c                samples_count
                0x00007d30                repUdQueue
                0x00007d34                mainLrQueue
                0x00007d38                forwardQueue
                0x00007d3c                samples
 COMMON         0x00007f3c        0x4 c:/program files (x86)/atmel/studio/7.0/toolchain/avr32/avr32-gnu-toolchain/bin/../lib/gcc/avr32/4.4.7/../../../../avr32/lib/ucr2\libc.a(lib_a-reent.o)
                0x00007f3c                errno
                0x00007f40                . = ALIGN (0x8)
                0x00007f40                . = ALIGN (0x8)
                0x00007f40                _end = .
                0x00007f40                PROVIDE (end, .)
                0x00007f40                __heap_start__ = ALIGN (0x8)

.heap           0x00007f40     0x70c0
 *(.heap)
                0x000070c0                . = (__heap_size__ == __max_heap_size__)?(((ORIGIN (INTRAM) + 0xfffc) - __stack_size__) - ABSOLUTE (.)):__heap_size__
 *fill*         0x00007f40     0x70c0 
                0x0000f000                __heap_end__ = .

.stab
 *(.stab)

.stabstr
 *(.stabstr)

.stab.excl
 *(.stab.excl)

.stab.exclstr
 *(.stab.exclstr)

.stab.index
 *(.stab.index)

.stab.indexstr
 *(.stab.indexstr)

.comment        0x00000000       0x30
 *(.comment)
 .comment       0x00000000       0x30 src/ASF/avr32/components/display/et024006dhu/et024006dhu.o
                                 0x31 (size before relaxing)
 .comment       0x00000000       0x31 src/ASF/avr32/components/memory/sd_mmc/sd_mmc_spi/sd_mmc_spi.o
 .comment       0x00000000       0x31 src/ASF/avr32/components/memory/sd_mmc/sd_mmc_spi/sd_mmc_spi_mem.o
 .comment       0x00000000       0x31 src/ASF/avr32/drivers/ebi/sdramc/sdramc.o
 .comment       0x00000000       0x31 src/ASF/avr32/drivers/ebi/smc/smc.o
 .comment       0x00000000       0x31 src/ASF/avr32/drivers/pwm/pwm.o
 .comment       0x00000000       0x31 src/ASF/avr32/drivers/spi/spi.o
 .comment       0x00000000       0x31 src/ASF/avr32/services/fs/fat/fat.o
 .comment       0x00000000       0x31 src/ASF/avr32/services/fs/fat/fat_unusual.o
 .comment       0x00000000       0x31 src/ASF/avr32/services/fs/fat/file.o
 .comment       0x00000000       0x31 src/ASF/avr32/services/fs/fat/navigation.o
 .comment       0x00000000       0x31 src/ASF/common/services/storage/ctrl_access/ctrl_access.o
 .comment       0x00000000       0x31 src/img/adelantar.o
 .comment       0x00000000       0x31 src/img/adelantarverde.o
 .comment       0x00000000       0x31 src/img/atrasarblanco.o
 .comment       0x00000000       0x31 src/img/fercaspian.o
 .comment       0x00000000       0x31 src/img/play.o
 .comment       0x00000000       0x31 src/img/playverde.o
 .comment       0x00000000       0x31 src/img/letdown.o
 .comment       0x00000000       0x31 src/img/takeonme.o
 .comment       0x00000000       0x31 src/img/we_are_the_champions.o
 .comment       0x00000000       0x31 src/lib/conf_spi_sd.o
 .comment       0x00000000       0x31 src/ASF/avr32/components/audio/amp/tpa6130a2/tpa6130.o
 .comment       0x00000000       0x31 src/ASF/avr32/drivers/abdac/abdac.o
 .comment       0x00000000       0x31 src/ASF/avr32/drivers/pdca/pdca.o
 .comment       0x00000000       0x31 src/ASF/avr32/drivers/twi/twi.o
 .comment       0x00000000       0x31 src/ASF/avr32/utils/debug/print_funcs.o
 .comment       0x00000000       0x31 src/ASF/avr32/drivers/flashc/flashc.o
 .comment       0x00000000       0x31 src/ASF/avr32/drivers/pm/pm.o
 .comment       0x00000000       0x31 src/ASF/avr32/drivers/usart/usart.o
 .comment       0x00000000       0x31 src/FreeRTOS/Source/list.o
 .comment       0x00000000       0x31 src/FreeRTOS/Source/portable/GCC/AVR32_UC3/port.o
 .comment       0x00000000       0x31 src/FreeRTOS/Source/portable/MemMang/heap_3.o
 .comment       0x00000000       0x31 src/FreeRTOS/Source/queue.o
 .comment       0x00000000       0x31 src/FreeRTOS/Source/tasks.o
 .comment       0x00000000       0x31 src/ASF/avr32/boards/evk1105/led.o
 .comment       0x00000000       0x31 src/ASF/avr32/drivers/gpio/gpio.o
 .comment       0x00000000       0x31 src/ASF/avr32/drivers/intc/intc.o
 .comment       0x00000000       0x31 src/main.o
 .comment       0x00000000       0x31 c:/program files (x86)/atmel/studio/7.0/toolchain/avr32/avr32-gnu-toolchain/bin/../lib/gcc/avr32/4.4.7/ucr2\libgcc.a(_udivdi3.o)
 .comment       0x00000000       0x31 c:/program files (x86)/atmel/studio/7.0/toolchain/avr32/avr32-gnu-toolchain/bin/../lib/gcc/avr32/4.4.7/../../../../avr32/lib/ucr2\libc.a(lib_a-malloc.o)
 .comment       0x00000000       0x31 c:/program files (x86)/atmel/studio/7.0/toolchain/avr32/avr32-gnu-toolchain/bin/../lib/gcc/avr32/4.4.7/../../../../avr32/lib/ucr2\libc.a(lib_a-mallocr.o)
 .comment       0x00000000       0x31 c:/program files (x86)/atmel/studio/7.0/toolchain/avr32/avr32-gnu-toolchain/bin/../lib/gcc/avr32/4.4.7/../../../../avr32/lib/ucr2\libc.a(lib_a-memset.o)
 .comment       0x00000000       0x31 c:/program files (x86)/atmel/studio/7.0/toolchain/avr32/avr32-gnu-toolchain/bin/../lib/gcc/avr32/4.4.7/../../../../avr32/lib/ucr2\libc.a(lib_a-sbrkr.o)
 .comment       0x00000000       0x31 c:/program files (x86)/atmel/studio/7.0/toolchain/avr32/avr32-gnu-toolchain/bin/../lib/gcc/avr32/4.4.7/../../../../avr32/lib/ucr2\libc.a(lib_a-syscalls.o)
 .comment       0x00000000       0x31 c:/program files (x86)/atmel/studio/7.0/toolchain/avr32/avr32-gnu-toolchain/bin/../lib/gcc/avr32/4.4.7/../../../../avr32/lib/ucr2\libc.a(lib_a-errno.o)
 .comment       0x00000000       0x31 c:/program files (x86)/atmel/studio/7.0/toolchain/avr32/avr32-gnu-toolchain/bin/../lib/gcc/avr32/4.4.7/../../../../avr32/lib/ucr2\libc.a(lib_a-freer.o)
 .comment       0x00000000       0x31 c:/program files (x86)/atmel/studio/7.0/toolchain/avr32/avr32-gnu-toolchain/bin/../lib/gcc/avr32/4.4.7/../../../../avr32/lib/ucr2\libc.a(lib_a-impure.o)
 .comment       0x00000000       0x31 c:/program files (x86)/atmel/studio/7.0/toolchain/avr32/avr32-gnu-toolchain/bin/../lib/gcc/avr32/4.4.7/../../../../avr32/lib/ucr2\libc.a(lib_a-reent.o)
 .comment       0x00000000       0x31 c:/program files (x86)/atmel/studio/7.0/toolchain/avr32/avr32-gnu-toolchain/bin/../lib/gcc/avr32/4.4.7/../../../../avr32/lib/ucr2\libc.a(lib_a-findfp.o)

.debug
 *(.debug)

.line
 *(.line)

.debug_srcinfo
 *(.debug_srcinfo)

.debug_sfnames
 *(.debug_sfnames)

.debug_aranges  0x00000000     0x1980
 *(.debug_aranges)
 .debug_aranges
                0x00000000      0x110 src/ASF/avr32/components/display/et024006dhu/et024006dhu.o
 .debug_aranges
                0x00000110       0xf0 src/ASF/avr32/components/memory/sd_mmc/sd_mmc_spi/sd_mmc_spi.o
 .debug_aranges
                0x00000200       0x50 src/ASF/avr32/components/memory/sd_mmc/sd_mmc_spi/sd_mmc_spi_mem.o
 .debug_aranges
                0x00000250       0x38 src/ASF/avr32/drivers/ebi/sdramc/sdramc.o
 .debug_aranges
                0x00000288       0x28 src/ASF/avr32/drivers/ebi/smc/smc.o
 .debug_aranges
                0x000002b0       0x48 src/ASF/avr32/drivers/pwm/pwm.o
 .debug_aranges
                0x000002f8       0xa8 src/ASF/avr32/drivers/spi/spi.o
 .debug_aranges
                0x000003a0      0x160 src/ASF/avr32/services/fs/fat/fat.o
 .debug_aranges
                0x00000500      0x128 src/ASF/avr32/services/fs/fat/fat_unusual.o
 .debug_aranges
                0x00000628       0x98 src/ASF/avr32/services/fs/fat/file.o
 .debug_aranges
                0x000006c0      0x218 src/ASF/avr32/services/fs/fat/navigation.o
 .debug_aranges
                0x000008d8       0x98 src/ASF/common/services/storage/ctrl_access/ctrl_access.o
 .debug_aranges
                0x00000970       0x48 src/lib/conf_spi_sd.o
 .debug_aranges
                0x000009b8       0xb8 src/ASF/avr32/components/audio/amp/tpa6130a2/tpa6130.o
 .debug_aranges
                0x00000a70       0x50 src/ASF/avr32/drivers/abdac/abdac.o
 .debug_aranges
                0x00000ac0       0xa8 src/ASF/avr32/drivers/pdca/pdca.o
 .debug_aranges
                0x00000b68       0x78 src/ASF/avr32/drivers/twi/twi.o
 .debug_aranges
                0x00000be0       0x88 src/ASF/avr32/utils/debug/print_funcs.o
 .debug_aranges
                0x00000c68       0x20 src/FreeRTOS/Source/portable/GCC/AVR32_UC3/exception.o
 .debug_aranges
                0x00000c88      0x218 src/ASF/avr32/drivers/flashc/flashc.o
 .debug_aranges
                0x00000ea0      0x190 src/ASF/avr32/drivers/pm/pm.o
 .debug_aranges
                0x00001030       0xe0 src/ASF/avr32/drivers/usart/usart.o
 .debug_aranges
                0x00001110       0x40 src/FreeRTOS/Source/list.o
 .debug_aranges
                0x00001150       0x78 src/FreeRTOS/Source/portable/GCC/AVR32_UC3/port.o
 .debug_aranges
                0x000011c8       0x28 src/FreeRTOS/Source/portable/MemMang/heap_3.o
 .debug_aranges
                0x000011f0       0xd0 src/FreeRTOS/Source/queue.o
 .debug_aranges
                0x000012c0      0x198 src/FreeRTOS/Source/tasks.o
 .debug_aranges
                0x00001458       0x78 src/ASF/avr32/boards/evk1105/led.o
 .debug_aranges
                0x000014d0      0x100 src/ASF/avr32/drivers/gpio/gpio.o
 .debug_aranges
                0x000015d0       0x38 src/ASF/avr32/drivers/intc/intc.o
 .debug_aranges
                0x00001608       0x28 src/ASF/avr32/utils/startup/startup_uc3.o
 .debug_aranges
                0x00001630       0x20 src/ASF/avr32/utils/startup/trampoline_uc3.o
 .debug_aranges
                0x00001650       0x98 src/main.o
 .debug_aranges
                0x000016e8       0x20 c:/program files (x86)/atmel/studio/7.0/toolchain/avr32/avr32-gnu-toolchain/bin/../lib/gcc/avr32/4.4.7/ucr2\libgcc.a(_udivdi3.o)
 .debug_aranges
                0x00001708       0x28 c:/program files (x86)/atmel/studio/7.0/toolchain/avr32/avr32-gnu-toolchain/bin/../lib/gcc/avr32/4.4.7/../../../../avr32/lib/ucr2\libc.a(lib_a-malloc.o)
 .debug_aranges
                0x00001730       0x20 c:/program files (x86)/atmel/studio/7.0/toolchain/avr32/avr32-gnu-toolchain/bin/../lib/gcc/avr32/4.4.7/../../../../avr32/lib/ucr2\libc.a(lib_a-mallocr.o)
 .debug_aranges
                0x00001750       0x20 c:/program files (x86)/atmel/studio/7.0/toolchain/avr32/avr32-gnu-toolchain/bin/../lib/gcc/avr32/4.4.7/../../../../avr32/lib/ucr2\libc.a(lib_a-memset.o)
 .debug_aranges
                0x00001770       0x20 c:/program files (x86)/atmel/studio/7.0/toolchain/avr32/avr32-gnu-toolchain/bin/../lib/gcc/avr32/4.4.7/../../../../avr32/lib/ucr2\libc.a(lib_a-sbrkr.o)
 .debug_aranges
                0x00001790       0xf8 c:/program files (x86)/atmel/studio/7.0/toolchain/avr32/avr32-gnu-toolchain/bin/../lib/gcc/avr32/4.4.7/../../../../avr32/lib/ucr2\libc.a(lib_a-syscalls.o)
 .debug_aranges
                0x00001888       0x20 c:/program files (x86)/atmel/studio/7.0/toolchain/avr32/avr32-gnu-toolchain/bin/../lib/gcc/avr32/4.4.7/../../../../avr32/lib/ucr2\libc.a(lib_a-errno.o)
 .debug_aranges
                0x000018a8       0x28 c:/program files (x86)/atmel/studio/7.0/toolchain/avr32/avr32-gnu-toolchain/bin/../lib/gcc/avr32/4.4.7/../../../../avr32/lib/ucr2\libc.a(lib_a-freer.o)
 .debug_aranges
                0x000018d0       0x30 c:/program files (x86)/atmel/studio/7.0/toolchain/avr32/avr32-gnu-toolchain/bin/../lib/gcc/avr32/4.4.7/../../../../avr32/lib/ucr2\libc.a(lib_a-reent.o)
 .debug_aranges
                0x00001900       0x80 c:/program files (x86)/atmel/studio/7.0/toolchain/avr32/avr32-gnu-toolchain/bin/../lib/gcc/avr32/4.4.7/../../../../avr32/lib/ucr2\libc.a(lib_a-findfp.o)

.debug_pubnames
                0x00000000     0x452f
 *(.debug_pubnames)
 .debug_pubnames
                0x00000000      0x317 src/ASF/avr32/components/display/et024006dhu/et024006dhu.o
 .debug_pubnames
                0x00000317      0x3b1 src/ASF/avr32/components/memory/sd_mmc/sd_mmc_spi/sd_mmc_spi.o
 .debug_pubnames
                0x000006c8       0xe8 src/ASF/avr32/components/memory/sd_mmc/sd_mmc_spi/sd_mmc_spi_mem.o
 .debug_pubnames
                0x000007b0       0x5b src/ASF/avr32/drivers/ebi/sdramc/sdramc.o
 .debug_pubnames
                0x0000080b       0x33 src/ASF/avr32/drivers/ebi/smc/smc.o
 .debug_pubnames
                0x0000083e       0x9a src/ASF/avr32/drivers/pwm/pwm.o
 .debug_pubnames
                0x000008d8      0x186 src/ASF/avr32/drivers/spi/spi.o
 .debug_pubnames
                0x00000a5e      0x5a8 src/ASF/avr32/services/fs/fat/fat.o
 .debug_pubnames
                0x00001006      0x480 src/ASF/avr32/services/fs/fat/fat_unusual.o
 .debug_pubnames
                0x00001486       0xf8 src/ASF/avr32/services/fs/fat/file.o
 .debug_pubnames
                0x0000157e      0x5d8 src/ASF/avr32/services/fs/fat/navigation.o
 .debug_pubnames
                0x00001b56      0x120 src/ASF/common/services/storage/ctrl_access/ctrl_access.o
 .debug_pubnames
                0x00001c76       0x20 src/img/adelantar.o
 .debug_pubnames
                0x00001c96       0x25 src/img/adelantarverde.o
 .debug_pubnames
                0x00001cbb       0x24 src/img/atrasarblanco.o
 .debug_pubnames
                0x00001cdf       0x21 src/img/fercaspian.o
 .debug_pubnames
                0x00001d00       0x1b src/img/play.o
 .debug_pubnames
                0x00001d1b       0x20 src/img/playverde.o
 .debug_pubnames
                0x00001d3b       0x1e src/img/letdown.o
 .debug_pubnames
                0x00001d59       0x1f src/img/takeonme.o
 .debug_pubnames
                0x00001d78       0x28 src/img/we_are_the_champions.o
 .debug_pubnames
                0x00001da0       0x86 src/lib/conf_spi_sd.o
 .debug_pubnames
                0x00001e26      0x1b5 src/ASF/avr32/components/audio/amp/tpa6130a2/tpa6130.o
 .debug_pubnames
                0x00001fdb       0xa4 src/ASF/avr32/drivers/abdac/abdac.o
 .debug_pubnames
                0x0000207f      0x238 src/ASF/avr32/drivers/pdca/pdca.o
 .debug_pubnames
                0x000022b7       0xb2 src/ASF/avr32/drivers/twi/twi.o
 .debug_pubnames
                0x00002369      0x10f src/ASF/avr32/utils/debug/print_funcs.o
 .debug_pubnames
                0x00002478      0x771 src/ASF/avr32/drivers/flashc/flashc.o
 .debug_pubnames
                0x00002be9      0x3ee src/ASF/avr32/drivers/pm/pm.o
 .debug_pubnames
                0x00002fd7      0x227 src/ASF/avr32/drivers/usart/usart.o
 .debug_pubnames
                0x000031fe       0x72 src/FreeRTOS/Source/list.o
 .debug_pubnames
                0x00003270       0xf6 src/FreeRTOS/Source/portable/GCC/AVR32_UC3/port.o
 .debug_pubnames
                0x00003366       0x31 src/FreeRTOS/Source/portable/MemMang/heap_3.o
 .debug_pubnames
                0x00003397      0x1e6 src/FreeRTOS/Source/queue.o
 .debug_pubnames
                0x0000357d      0x46e src/FreeRTOS/Source/tasks.o
 .debug_pubnames
                0x000039eb       0xf6 src/ASF/avr32/boards/evk1105/led.o
 .debug_pubnames
                0x00003ae1      0x330 src/ASF/avr32/drivers/gpio/gpio.o
 .debug_pubnames
                0x00003e11       0x62 src/ASF/avr32/drivers/intc/intc.o
 .debug_pubnames
                0x00003e73      0x209 src/main.o
 .debug_pubnames
                0x0000407c       0x20 c:/program files (x86)/atmel/studio/7.0/toolchain/avr32/avr32-gnu-toolchain/bin/../lib/gcc/avr32/4.4.7/ucr2\libgcc.a(_udivdi3.o)
 .debug_pubnames
                0x0000409c       0x26 c:/program files (x86)/atmel/studio/7.0/toolchain/avr32/avr32-gnu-toolchain/bin/../lib/gcc/avr32/4.4.7/../../../../avr32/lib/ucr2\libc.a(lib_a-malloc.o)
 .debug_pubnames
                0x000040c2       0xce c:/program files (x86)/atmel/studio/7.0/toolchain/avr32/avr32-gnu-toolchain/bin/../lib/gcc/avr32/4.4.7/../../../../avr32/lib/ucr2\libc.a(lib_a-mallocr.o)
 .debug_pubnames
                0x00004190       0x1d c:/program files (x86)/atmel/studio/7.0/toolchain/avr32/avr32-gnu-toolchain/bin/../lib/gcc/avr32/4.4.7/../../../../avr32/lib/ucr2\libc.a(lib_a-memset.o)
 .debug_pubnames
                0x000041ad       0x1e c:/program files (x86)/atmel/studio/7.0/toolchain/avr32/avr32-gnu-toolchain/bin/../lib/gcc/avr32/4.4.7/../../../../avr32/lib/ucr2\libc.a(lib_a-sbrkr.o)
 .debug_pubnames
                0x000041cb      0x171 c:/program files (x86)/atmel/studio/7.0/toolchain/avr32/avr32-gnu-toolchain/bin/../lib/gcc/avr32/4.4.7/../../../../avr32/lib/ucr2\libc.a(lib_a-syscalls.o)
 .debug_pubnames
                0x0000433c       0x1e c:/program files (x86)/atmel/studio/7.0/toolchain/avr32/avr32-gnu-toolchain/bin/../lib/gcc/avr32/4.4.7/../../../../avr32/lib/ucr2\libc.a(lib_a-errno.o)
 .debug_pubnames
                0x0000435a       0x31 c:/program files (x86)/atmel/studio/7.0/toolchain/avr32/avr32-gnu-toolchain/bin/../lib/gcc/avr32/4.4.7/../../../../avr32/lib/ucr2\libc.a(lib_a-freer.o)
 .debug_pubnames
                0x0000438b       0x39 c:/program files (x86)/atmel/studio/7.0/toolchain/avr32/avr32-gnu-toolchain/bin/../lib/gcc/avr32/4.4.7/../../../../avr32/lib/ucr2\libc.a(lib_a-impure.o)
 .debug_pubnames
                0x000043c4       0x52 c:/program files (x86)/atmel/studio/7.0/toolchain/avr32/avr32-gnu-toolchain/bin/../lib/gcc/avr32/4.4.7/../../../../avr32/lib/ucr2\libc.a(lib_a-reent.o)
 .debug_pubnames
                0x00004416      0x119 c:/program files (x86)/atmel/studio/7.0/toolchain/avr32/avr32-gnu-toolchain/bin/../lib/gcc/avr32/4.4.7/../../../../avr32/lib/ucr2\libc.a(lib_a-findfp.o)

.debug_info     0x00000000    0x256a1
 *(.debug_info .gnu.linkonce.wi.*)
 .debug_info    0x00000000     0x212c src/ASF/avr32/components/display/et024006dhu/et024006dhu.o
 .debug_info    0x0000212c     0x12d3 src/ASF/avr32/components/memory/sd_mmc/sd_mmc_spi/sd_mmc_spi.o
 .debug_info    0x000033ff      0x224 src/ASF/avr32/components/memory/sd_mmc/sd_mmc_spi/sd_mmc_spi_mem.o
 .debug_info    0x00003623      0xce5 src/ASF/avr32/drivers/ebi/sdramc/sdramc.o
 .debug_info    0x00004308      0x616 src/ASF/avr32/drivers/ebi/smc/smc.o
 .debug_info    0x0000491e      0xa08 src/ASF/avr32/drivers/pwm/pwm.o
 .debug_info    0x00005326     0x10d0 src/ASF/avr32/drivers/spi/spi.o
 .debug_info    0x000063f6      0xe71 src/ASF/avr32/services/fs/fat/fat.o
 .debug_info    0x00007267     0x1146 src/ASF/avr32/services/fs/fat/fat_unusual.o
 .debug_info    0x000083ad      0x6c6 src/ASF/avr32/services/fs/fat/file.o
 .debug_info    0x00008a73     0x117f src/ASF/avr32/services/fs/fat/navigation.o
 .debug_info    0x00009bf2      0x647 src/ASF/common/services/storage/ctrl_access/ctrl_access.o
 .debug_info    0x0000a239       0x5c src/img/adelantar.o
 .debug_info    0x0000a295       0x5c src/img/adelantarverde.o
 .debug_info    0x0000a2f1       0x5c src/img/atrasarblanco.o
 .debug_info    0x0000a34d       0x5c src/img/fercaspian.o
 .debug_info    0x0000a3a9       0x5c src/img/play.o
 .debug_info    0x0000a405       0x5c src/img/playverde.o
 .debug_info    0x0000a461       0x5c src/img/letdown.o
 .debug_info    0x0000a4bd       0x5c src/img/takeonme.o
 .debug_info    0x0000a519       0x5c src/img/we_are_the_champions.o
 .debug_info    0x0000a575      0xdc9 src/lib/conf_spi_sd.o
 .debug_info    0x0000b33e     0x11c7 src/ASF/avr32/components/audio/amp/tpa6130a2/tpa6130.o
 .debug_info    0x0000c505     0x12ce src/ASF/avr32/drivers/abdac/abdac.o
 .debug_info    0x0000d7d3      0xc25 src/ASF/avr32/drivers/pdca/pdca.o
 .debug_info    0x0000e3f8      0xfe6 src/ASF/avr32/drivers/twi/twi.o
 .debug_info    0x0000f3de     0x1681 src/ASF/avr32/utils/debug/print_funcs.o
 .debug_info    0x00010a5f       0xb2 src/FreeRTOS/Source/portable/GCC/AVR32_UC3/exception.o
 .debug_info    0x00010b11     0x1c72 src/ASF/avr32/drivers/flashc/flashc.o
 .debug_info    0x00012783     0x1a57 src/ASF/avr32/drivers/pm/pm.o
 .debug_info    0x000141da     0x1dcc src/ASF/avr32/drivers/usart/usart.o
 .debug_info    0x00015fa6      0x2d3 src/FreeRTOS/Source/list.o
 .debug_info    0x00016279     0x1d8c src/FreeRTOS/Source/portable/GCC/AVR32_UC3/port.o
 .debug_info    0x00018005       0xfc src/FreeRTOS/Source/portable/MemMang/heap_3.o
 .debug_info    0x00018101      0xe80 src/FreeRTOS/Source/queue.o
 .debug_info    0x00018f81     0x1598 src/FreeRTOS/Source/tasks.o
 .debug_info    0x0001a519      0xef1 src/ASF/avr32/boards/evk1105/led.o
 .debug_info    0x0001b40a      0xb1b src/ASF/avr32/drivers/gpio/gpio.o
 .debug_info    0x0001bf25      0x5ae src/ASF/avr32/drivers/intc/intc.o
 .debug_info    0x0001c4d3       0xa1 src/ASF/avr32/utils/startup/startup_uc3.o
 .debug_info    0x0001c574       0xa8 src/ASF/avr32/utils/startup/trampoline_uc3.o
 .debug_info    0x0001c61c     0x300d src/main.o
 .debug_info    0x0001f629      0x57b c:/program files (x86)/atmel/studio/7.0/toolchain/avr32/avr32-gnu-toolchain/bin/../lib/gcc/avr32/4.4.7/ucr2\libgcc.a(_udivdi3.o)
 .debug_info    0x0001fba4      0x8ea c:/program files (x86)/atmel/studio/7.0/toolchain/avr32/avr32-gnu-toolchain/bin/../lib/gcc/avr32/4.4.7/../../../../avr32/lib/ucr2\libc.a(lib_a-malloc.o)