Archive member included because of file (symbol)

c:/program files (x86)/atmel/studio/7.0/toolchain/avr32/avr32-gnu-toolchain/bin/../lib/gcc/avr32/4.4.7/ucr2\libgcc.a(_avr32_f64_mul.o)
                              src/FreeRTOS/Demo/Common/minimal/flop.o (__avr32_f64_mul)
c:/program files (x86)/atmel/studio/7.0/toolchain/avr32/avr32-gnu-toolchain/bin/../lib/gcc/avr32/4.4.7/ucr2\libgcc.a(_avr32_f64_addsub.o)
                              src/FreeRTOS/Demo/Common/minimal/flop.o (__avr32_f64_sub)
c:/program files (x86)/atmel/studio/7.0/toolchain/avr32/avr32-gnu-toolchain/bin/../lib/gcc/avr32/4.4.7/ucr2\libgcc.a(_avr32_s32_to_f64.o)
                              src/FreeRTOS/Demo/Common/minimal/flop.o (__avr32_u32_to_f64)
c:/program files (x86)/atmel/studio/7.0/toolchain/avr32/avr32-gnu-toolchain/bin/../lib/gcc/avr32/4.4.7/ucr2\libgcc.a(_avr32_f64_cmp_lt.o)
                              src/FreeRTOS/Demo/Common/minimal/flop.o (__avr32_f64_cmp_lt)
c:/program files (x86)/atmel/studio/7.0/toolchain/avr32/avr32-gnu-toolchain/bin/../lib/gcc/avr32/4.4.7/ucr2\libgcc.a(_avr32_f64_div.o)
                              src/FreeRTOS/Demo/Common/minimal/flop.o (__avr32_f64_div)
c:/program files (x86)/atmel/studio/7.0/toolchain/avr32/avr32-gnu-toolchain/bin/../lib/gcc/avr32/4.4.7/../../../../avr32/lib/ucr2\libc.a(lib_a-malloc.o)
                              src/ASF/avr32/utils/debug/debug.o (free)
c:/program files (x86)/atmel/studio/7.0/toolchain/avr32/avr32-gnu-toolchain/bin/../lib/gcc/avr32/4.4.7/../../../../avr32/lib/ucr2\libc.a(lib_a-mallocr.o)
                              c:/program files (x86)/atmel/studio/7.0/toolchain/avr32/avr32-gnu-toolchain/bin/../lib/gcc/avr32/4.4.7/../../../../avr32/lib/ucr2\libc.a(lib_a-malloc.o) (_malloc_r)
c:/program files (x86)/atmel/studio/7.0/toolchain/avr32/avr32-gnu-toolchain/bin/../lib/gcc/avr32/4.4.7/../../../../avr32/lib/ucr2\libc.a(lib_a-memcpy.o)
                              src/ASF/avr32/drivers/flashc/flashc.o (memcpy)
c:/program files (x86)/atmel/studio/7.0/toolchain/avr32/avr32-gnu-toolchain/bin/../lib/gcc/avr32/4.4.7/../../../../avr32/lib/ucr2\libc.a(lib_a-memset.o)
                              src/lib/conf_qt.o (memset)
c:/program files (x86)/atmel/studio/7.0/toolchain/avr32/avr32-gnu-toolchain/bin/../lib/gcc/avr32/4.4.7/../../../../avr32/lib/ucr2\libc.a(lib_a-mstats.o)
                              src/ASF/avr32/utils/debug/debug.o (mallinfo)
c:/program files (x86)/atmel/studio/7.0/toolchain/avr32/avr32-gnu-toolchain/bin/../lib/gcc/avr32/4.4.7/../../../../avr32/lib/ucr2\libc.a(lib_a-realloc.o)
                              src/FreeRTOS/Source/portable/GCC/AVR32_UC3/port.o (realloc)
c:/program files (x86)/atmel/studio/7.0/toolchain/avr32/avr32-gnu-toolchain/bin/../lib/gcc/avr32/4.4.7/../../../../avr32/lib/ucr2\libc.a(lib_a-reallocr.o)
                              c:/program files (x86)/atmel/studio/7.0/toolchain/avr32/avr32-gnu-toolchain/bin/../lib/gcc/avr32/4.4.7/../../../../avr32/lib/ucr2\libc.a(lib_a-realloc.o) (_realloc_r)
c:/program files (x86)/atmel/studio/7.0/toolchain/avr32/avr32-gnu-toolchain/bin/../lib/gcc/avr32/4.4.7/../../../../avr32/lib/ucr2\libc.a(lib_a-sbrkr.o)
                              c:/program files (x86)/atmel/studio/7.0/toolchain/avr32/avr32-gnu-toolchain/bin/../lib/gcc/avr32/4.4.7/../../../../avr32/lib/ucr2\libc.a(lib_a-mallocr.o) (_sbrk_r)
c:/program files (x86)/atmel/studio/7.0/toolchain/avr32/avr32-gnu-toolchain/bin/../lib/gcc/avr32/4.4.7/../../../../avr32/lib/ucr2\libc.a(lib_a-syscalls.o)
                              c:/program files (x86)/atmel/studio/7.0/toolchain/avr32/avr32-gnu-toolchain/bin/../lib/gcc/avr32/4.4.7/../../../../avr32/lib/ucr2\libc.a(lib_a-sbrkr.o) (_sbrk)
c:/program files (x86)/atmel/studio/7.0/toolchain/avr32/avr32-gnu-toolchain/bin/../lib/gcc/avr32/4.4.7/../../../../avr32/lib/ucr2\libc.a(lib_a-errno.o)
                              c:/program files (x86)/atmel/studio/7.0/toolchain/avr32/avr32-gnu-toolchain/bin/../lib/gcc/avr32/4.4.7/../../../../avr32/lib/ucr2\libc.a(lib_a-syscalls.o) (__errno)
c:/program files (x86)/atmel/studio/7.0/toolchain/avr32/avr32-gnu-toolchain/bin/../lib/gcc/avr32/4.4.7/../../../../avr32/lib/ucr2\libc.a(lib_a-fiprintf.o)
                              c:/program files (x86)/atmel/studio/7.0/toolchain/avr32/avr32-gnu-toolchain/bin/../lib/gcc/avr32/4.4.7/../../../../avr32/lib/ucr2\libc.a(lib_a-mstats.o) (fiprintf)
c:/program files (x86)/atmel/studio/7.0/toolchain/avr32/avr32-gnu-toolchain/bin/../lib/gcc/avr32/4.4.7/../../../../avr32/lib/ucr2\libc.a(lib_a-freer.o)
                              c:/program files (x86)/atmel/studio/7.0/toolchain/avr32/avr32-gnu-toolchain/bin/../lib/gcc/avr32/4.4.7/../../../../avr32/lib/ucr2\libc.a(lib_a-malloc.o) (_free_r)
c:/program files (x86)/atmel/studio/7.0/toolchain/avr32/avr32-gnu-toolchain/bin/../lib/gcc/avr32/4.4.7/../../../../avr32/lib/ucr2\libc.a(lib_a-impure.o)
[...]
Memory Configuration

Name             Origin             Length             Attributes
FLASH            0x80000000         0x00080000         axrl !w
INTRAM           0x00000004         0x0000fffc         axw !rl
USERPAGE         0x80800000         0x00000200
*default*        0x00000000         0xffffffff

Linker script and memory map

                0x00001000                _stack_size = 0x1000
LOAD src/ASF/avr32/components/audio/amp/tpa6130a2/tpa6130.o
LOAD src/ASF/avr32/drivers/abdac/abdac.o
LOAD src/ASF/avr32/drivers/pdca/pdca.o
LOAD src/ASF/avr32/drivers/ssc/i2s/ssc_i2s.o
LOAD src/ASF/avr32/drivers/twi/twi.o
LOAD src/ASF/avr32/utils/debug/debug.o
LOAD src/ASF/avr32/utils/debug/print_funcs.o
LOAD src/ASF/thirdparty/demo/partest/ParTest.o
LOAD src/ASF/thirdparty/demo/serial/serial.o
LOAD src/FreeRTOS/Demo/Common/minimal/BlockQ.o
LOAD src/FreeRTOS/Demo/Common/minimal/blocktim.o
LOAD src/FreeRTOS/Demo/Common/minimal/comtest.o
LOAD src/FreeRTOS/Demo/Common/minimal/countsem.o
LOAD src/FreeRTOS/Demo/Common/minimal/crflash.o
LOAD src/FreeRTOS/Demo/Common/minimal/crhook.o
LOAD src/FreeRTOS/Demo/Common/minimal/death.o
LOAD src/FreeRTOS/Demo/Common/minimal/dynamic.o
LOAD src/FreeRTOS/Demo/Common/minimal/flash.o
LOAD src/FreeRTOS/Demo/Common/minimal/flop.o
LOAD src/FreeRTOS/Demo/Common/minimal/GenQTest.o
LOAD src/FreeRTOS/Demo/Common/minimal/integer.o
LOAD src/FreeRTOS/Demo/Common/minimal/PollQ.o
LOAD src/FreeRTOS/Demo/Common/minimal/QPeek.o
LOAD src/FreeRTOS/Demo/Common/minimal/recmutex.o
LOAD src/FreeRTOS/Demo/Common/minimal/semtest.o
LOAD src/FreeRTOS/Source/portable/GCC/AVR32_UC3/exception.o
LOAD src/ASF/avr32/drivers/flashc/flashc.o
LOAD src/ASF/avr32/drivers/pm/pm.o
LOAD src/ASF/avr32/drivers/pm/pm_conf_clocks.o
LOAD src/ASF/avr32/drivers/pm/power_clocks_lib.o
LOAD src/ASF/avr32/drivers/tc/tc.o
LOAD src/ASF/avr32/drivers/usart/usart.o
LOAD src/FreeRTOS/Source/croutine.o
LOAD src/FreeRTOS/Source/event_groups.o
LOAD src/FreeRTOS/Source/list.o
LOAD src/FreeRTOS/Source/portable/GCC/AVR32_UC3/port.o
LOAD src/FreeRTOS/Source/portable/MemMang/heap_3.o
LOAD src/FreeRTOS/Source/queue.o
LOAD src/FreeRTOS/Source/stream_buffer.o
LOAD src/FreeRTOS/Source/tasks.o
LOAD src/FreeRTOS/Source/timers.o
LOAD src/ASF/avr32/boards/evk1105/init.o
LOAD src/ASF/avr32/boards/evk1105/led.o
LOAD src/ASF/avr32/drivers/gpio/gpio.o
LOAD src/ASF/avr32/drivers/intc/intc.o
LOAD src/ASF/avr32/utils/startup/startup_uc3.o
LOAD src/ASF/avr32/utils/startup/trampoline_uc3.o
LOAD src/lib/conf_gpio.o
LOAD src/lib/conf_interrupt.o
LOAD src/lib/conf_qt.o
LOAD src/lib/conf_tc.o
LOAD src/main.o
START GROUP
LOAD c:/program files (x86)/atmel/studio/7.0/toolchain/avr32/avr32-gnu-toolchain/bin/../lib/gcc/avr32/4.4.7/../../../../avr32/lib/ucr2\libm.a
END GROUP
LOAD c:/program files (x86)/atmel/studio/7.0/toolchain/avr32/avr32-gnu-toolchain/bin/../lib/gcc/avr32/4.4.7/ucr2\libgcc.a
LOAD c:/program files (x86)/atmel/studio/7.0/toolchain/avr32/avr32-gnu-toolchain/bin/../lib/gcc/avr32/4.4.7/../../../../avr32/lib/ucr2\libc.a
LOAD c:/program files (x86)/atmel/studio/7.0/toolchain/avr32/avr32-gnu-toolchain/bin/../lib/gcc/avr32/4.4.7/ucr2\libgcc.a
                0xffffffff                __max_heap_size__ = 0xffffffff
                [0xffffffff]                __heap_size__ = DEFINED (__heap_size__)?__heap_size__:__max_heap_size__
                [0x00001000]                __stack_size__ = DEFINED (__stack_size__)?__stack_size__:0x1000
                0x80000000                PROVIDE (__executable_start, 0x80000000)
                0x80000000                . = 0x80000000

.interp
 *(.interp)

.reset          0x80000000     0x2008
 *(.reset)
 .reset         0x80000000        0x4 src/ASF/avr32/utils/startup/startup_uc3.o
                                  0x8 (size before relaxing)
                0x80000000                _start
 .reset         0x80000004     0x2004 src/ASF/avr32/utils/startup/trampoline_uc3.o
                               0x2008 (size before relaxing)
                0x80000004                _trampoline

.hash
 *(.hash)

.dynsym
 *(.dynsym)

.dynstr
 *(.dynstr)

.gnu.version
 *(.gnu.version)

.gnu.version_d
 *(.gnu.version_d)

.gnu.version_r
 *(.gnu.version_r)

.rel.init
 *(.rel.init)

.rela.init
 *(.rela.init)

.rel.text
 *(.rel.text .rel.text.* .rel.gnu.linkonce.t.*)

.rela.text
 *(.rela.text .rela.text.* .rela.gnu.linkonce.t.*)

.rel.fini
 *(.rel.fini)

.rela.fini
 *(.rela.fini)

.rel.rodata
 *(.rel.rodata .rel.rodata.* .rel.gnu.linkonce.r.*)

.rela.rodata
 *(.rela.rodata .rela.rodata.* .rela.gnu.linkonce.r.*)

.rel.data.rel.ro
 *(.rel.data.rel.ro*)

.rela.data.rel.ro
 *(.rel.data.rel.ro*)

.rel.data
 *(.rel.data .rel.data.* .rel.gnu.linkonce.d.*)

.rela.data
 *(.rela.data .rela.data.* .rela.gnu.linkonce.d.*)

.rel.tdata
 *(.rel.tdata .rel.tdata.* .rel.gnu.linkonce.td.*)

.rela.tdata
 *(.rela.tdata .rela.tdata.* .rela.gnu.linkonce.td.*)

.rel.tbss
 *(.rel.tbss .rel.tbss.* .rel.gnu.linkonce.tb.*)

.rela.tbss
 *(.rela.tbss .rela.tbss.* .rela.gnu.linkonce.tb.*)

.rel.ctors
 *(.rel.ctors)

.rela.ctors
 *(.rela.ctors)

.rel.dtors
 *(.rel.dtors)

.rela.dtors
 *(.rela.dtors)

.rel.got
 *(.rel.got)

.rela.got       0x80002008        0x0
 *(.rela.got)
 .rela.got      0x80002008        0x0 src/ASF/avr32/drivers/flashc/flashc.o

.rel.bss
 *(.rel.bss .rel.bss.* .rel.gnu.linkonce.b.*)

.rela.bss
 *(.rela.bss .rela.bss.* .rela.gnu.linkonce.b.*)

.rel.plt
 *(.rel.plt)

.rela.plt
 *(.rela.plt)

.init
 *(.init)

.plt
 *(.plt)

.text           0x80002008     0x27a4
 *(.text .stub .text.* .gnu.linkonce.t.*)
 .text.tpa6130_abdac_tx_pdca_int_handler
                0x80002008       0x60 src/ASF/avr32/components/audio/amp/tpa6130a2/tpa6130.o
 .text.tpa6130_write_data
                0x80002068       0x4c src/ASF/avr32/components/audio/amp/tpa6130a2/tpa6130.o
 .text.tpa6130_set_volume
                0x800020b4       0x30 src/ASF/avr32/components/audio/amp/tpa6130a2/tpa6130.o
                0x800020b4                tpa6130_set_volume
 .text.tpa6130_dac_output
                0x800020e4       0x60 src/ASF/avr32/components/audio/amp/tpa6130a2/tpa6130.o
                0x800020e4                tpa6130_dac_output
 .text.tpa6130_read_data
                0x80002144       0x4c src/ASF/avr32/components/audio/amp/tpa6130a2/tpa6130.o
 .text.tpa6130_get_volume
                0x80002190       0x14 src/ASF/avr32/components/audio/amp/tpa6130a2/tpa6130.o
                0x80002190                tpa6130_get_volume
 .text.tpa6130_powerup
                0x800021a4       0x20 src/ASF/avr32/components/audio/amp/tpa6130a2/tpa6130.o
                0x800021a4                tpa6130_powerup
 .text.tpa6130_shutdown
                0x800021c4       0x20 src/ASF/avr32/components/audio/amp/tpa6130a2/tpa6130.o
                0x800021c4                tpa6130_shutdown
 .text.tpa6130_dac_stop
                0x800021e4       0x44 src/ASF/avr32/components/audio/amp/tpa6130a2/tpa6130.o
                0x800021e4                tpa6130_dac_stop
 .text.tpa6130_init
                0x80002228       0x50 src/ASF/avr32/components/audio/amp/tpa6130a2/tpa6130.o
                0x80002228                tpa6130_init
 .text.tpa6130_dac_setup
                0x80002278       0x98 src/ASF/avr32/components/audio/amp/tpa6130a2/tpa6130.o
                0x80002278                tpa6130_dac_setup
 .text.tpa6130_dac_start
                0x80002310       0x64 src/ASF/avr32/components/audio/amp/tpa6130a2/tpa6130.o
                0x80002310                tpa6130_dac_start
 .text.abdac_enable
                0x80002374       0x14 src/ASF/avr32/drivers/abdac/abdac.o
                0x80002374                abdac_enable
 .text.abdac_disable
                0x80002388       0x16 src/ASF/avr32/drivers/abdac/abdac.o
                0x80002388                abdac_disable
 .text.abdac_swap_channels
                0x8000239e       0x18 src/ASF/avr32/drivers/abdac/abdac.o
                0x8000239e                abdac_swap_channels
 .text.abdac_set_dac_hz
                0x800023b6       0x7e src/ASF/avr32/drivers/abdac/abdac.o
                0x800023b6                abdac_set_dac_hz
 .text.abdac_set_dac_sample_rate
                0x80002434      0x218 src/ASF/avr32/drivers/abdac/abdac.o
                0x80002434                abdac_set_dac_sample_rate
 .text.pdca_get_handler
                0x8000264c       0x14 src/ASF/avr32/drivers/pdca/pdca.o
                0x8000264c                pdca_get_handler
 .text.pdca_disable
                0x80002660       0x10 src/ASF/avr32/drivers/pdca/pdca.o
                0x80002660                pdca_disable
 .text.pdca_enable
                0x80002670       0x10 src/ASF/avr32/drivers/pdca/pdca.o
                0x80002670                pdca_enable
 .text.pdca_enable_interrupt_transfer_complete
                0x80002680       0x10 src/ASF/avr32/drivers/pdca/pdca.o
                0x80002680                pdca_enable_interrupt_transfer_complete
 .text.pdca_enable_interrupt_reload_counter_zero
                0x80002690       0x10 src/ASF/avr32/drivers/pdca/pdca.o
                0x80002690                pdca_enable_interrupt_reload_counter_zero
 .text.pdca_get_transfer_status
                0x800026a0       0x10 src/ASF/avr32/drivers/pdca/pdca.o
                0x800026a0                pdca_get_transfer_status
 .text.pdca_disable_interrupt_reload_counter_zero
                0x800026b0       0x28 src/ASF/avr32/drivers/pdca/pdca.o
                0x800026b0                pdca_disable_interrupt_reload_counter_zero
 .text.pdca_disable_interrupt_transfer_complete
                0x800026d8       0x28 src/ASF/avr32/drivers/pdca/pdca.o
                0x800026d8                pdca_disable_interrupt_transfer_complete
 .text.pdca_reload_channel
                0x80002700       0x38 src/ASF/avr32/drivers/pdca/pdca.o
                0x80002700                pdca_reload_channel
 .text.pdca_init_channel
                0x80002738       0x60 src/ASF/avr32/drivers/pdca/pdca.o
                0x80002738                pdca_init_channel
 .text.twi_master_interrupt_handler_not_naked
                0x80002798       0xbc src/ASF/avr32/drivers/twi/twi.o
 .text.twi_master_interrupt_handler
                0x80002854       0x14 src/ASF/avr32/drivers/twi/twi.o
 .text.twi_mk_addr
                0x80002868       0x22 src/ASF/avr32/drivers/twi/twi.o
 *fill*         0x8000288a        0x2 d703d703
 .text.twi_is_busy
                0x8000288c        0xc src/ASF/avr32/drivers/twi/twi.o
                0x8000288c                twi_is_busy
 .text.twi_master_write
                0x80002898       0xb0 src/ASF/avr32/drivers/twi/twi.o
                0x80002898                twi_master_write
 .text.twi_probe
                0x80002948       0x28 src/ASF/avr32/drivers/twi/twi.o
                0x80002948                twi_probe
 .text.twi_master_read
                0x80002970       0xb8 src/ASF/avr32/drivers/twi/twi.o
                0x80002970                twi_master_read
 .text.twi_master_init
                0x80002a28       0xa4 src/ASF/avr32/drivers/twi/twi.o
                0x80002a28                twi_master_init
 .text.print    0x80002acc        0xc src/ASF/avr32/utils/debug/print_funcs.o
                0x80002acc                print
 .text.print_dbg
                0x80002ad8       0x14 src/ASF/avr32/utils/debug/print_funcs.o
                0x80002ad8                print_dbg
 .text.init_dbg_rs232_ex
                0x80002aec       0x40 src/ASF/avr32/utils/debug/print_funcs.o
                0x80002aec                init_dbg_rs232_ex
 .text.init_dbg_rs232
                0x80002b2c       0x14 src/ASF/avr32/utils/debug/print_funcs.o
                0x80002b2c                init_dbg_rs232
 .text.flashc_set_wait_state
                0x80002b40        0xe src/ASF/avr32/drivers/flashc/flashc.o
                0x80002b40                flashc_set_wait_state
 .text.pm_set_osc0_mode
                0x80002b4e        0xa src/ASF/avr32/drivers/pm/pm.o
 .text.pm_enable_osc0_crystal
                0x80002b58       0x3c src/ASF/avr32/drivers/pm/pm.o
                0x80002b58                pm_enable_osc0_crystal
 .text.pm_enable_clk0_no_wait
                0x80002b94       0x10 src/ASF/avr32/drivers/pm/pm.o
                0x80002b94                pm_enable_clk0_no_wait
 .text.pm_wait_for_clk0_ready
                0x80002ba4        0xa src/ASF/avr32/drivers/pm/pm.o
                0x80002ba4                pm_wait_for_clk0_ready
 *fill*         0x80002bae        0x2 d703d703
 .text.pm_enable_clk0
                0x80002bb0       0x1c src/ASF/avr32/drivers/pm/pm.o
                0x80002bb0                pm_enable_clk0
 .text.pm_set_osc1_mode
                0x80002bcc        0xa src/ASF/avr32/drivers/pm/pm.o
 *fill*         0x80002bd6        0x2 d703d703
 .text.pm_enable_osc1_crystal
                0x80002bd8       0x3c src/ASF/avr32/drivers/pm/pm.o
                0x80002bd8                pm_enable_osc1_crystal
 .text.pm_enable_clk1_no_wait
                0x80002c14       0x10 src/ASF/avr32/drivers/pm/pm.o
                0x80002c14                pm_enable_clk1_no_wait
 .text.pm_wait_for_clk1_ready
                0x80002c24        0xa src/ASF/avr32/drivers/pm/pm.o
                0x80002c24                pm_wait_for_clk1_ready
 *fill*         0x80002c2e        0x2 d703d703
 .text.pm_enable_clk1
                0x80002c30       0x1c src/ASF/avr32/drivers/pm/pm.o
                0x80002c30                pm_enable_clk1
 .text.pm_cksel
                0x80002c4c       0x46 src/ASF/avr32/drivers/pm/pm.o
                0x80002c4c                pm_cksel
 .text.pm_pll_setup
                0x80002c92       0x22 src/ASF/avr32/drivers/pm/pm.o
                0x80002c92                pm_pll_setup
 .text.pm_pll_set_option
                0x80002cb4       0x1a src/ASF/avr32/drivers/pm/pm.o
                0x80002cb4                pm_pll_set_option
 .text.pm_pll_enable
                0x80002cce        0xe src/ASF/avr32/drivers/pm/pm.o
                0x80002cce                pm_pll_enable
 .text.pm_wait_for_pll0_locked
                0x80002cdc        0xa src/ASF/avr32/drivers/pm/pm.o
                0x80002cdc                pm_wait_for_pll0_locked
 .text.pm_wait_for_pll1_locked
                0x80002ce6        0xa src/ASF/avr32/drivers/pm/pm.o
                0x80002ce6                pm_wait_for_pll1_locked
 .text.pm_switch_to_clock
                0x80002cf0        0xa src/ASF/avr32/drivers/pm/pm.o
                0x80002cf0                pm_switch_to_clock
 *fill*         0x80002cfa        0x2 d703d703
 .text.pm_switch_to_osc0
                0x80002cfc       0x2c src/ASF/avr32/drivers/pm/pm.o
                0x80002cfc                pm_switch_to_osc0
 .text.usart_set_async_baudrate
                0x80002d28       0x5a src/ASF/avr32/drivers/usart/usart.o
 .text.usart_write_char
                0x80002d82       0x14 src/ASF/avr32/drivers/usart/usart.o
                0x80002d82                usart_write_char
 *fill*         0x80002d96        0x2 d703d703
 .text.usart_putchar
                0x80002d98       0x2c src/ASF/avr32/drivers/usart/usart.o
                0x80002d98                usart_putchar
 .text.usart_write_line
                0x80002dc4       0x24 src/ASF/avr32/drivers/usart/usart.o
                0x80002dc4                usart_write_line
 .text.usart_reset
                0x80002de8       0x2c src/ASF/avr32/drivers/usart/usart.o
                0x80002de8                usart_reset
 .text.usart_init_rs232
                0x80002e14       0xcc src/ASF/avr32/drivers/usart/usart.o
                0x80002e14                usart_init_rs232
 .text.vListInitialise
                0x80002ee0       0x14 src/FreeRTOS/Source/list.o
                0x80002ee0                vListInitialise
 .text.vListInitialiseItem
                0x80002ef4        0x6 src/FreeRTOS/Source/list.o
                0x80002ef4                vListInitialiseItem
 .text.vListInsertEnd
                0x80002efa       0x18 src/FreeRTOS/Source/list.o
                0x80002efa                vListInsertEnd
 .text.vListInsert
                0x80002f12       0x30 src/FreeRTOS/Source/list.o
                0x80002f12                vListInsert
 .text.uxListRemove
                0x80002f42       0x28 src/FreeRTOS/Source/list.o
                0x80002f42                uxListRemove
 .text.pxPortInitialiseStack
                0x80002f6a       0x92 src/FreeRTOS/Source/portable/GCC/AVR32_UC3/port.o
                0x80002f6a                pxPortInitialiseStack
 .text.vPortEnterCritical
                0x80002ffc       0x10 src/FreeRTOS/Source/portable/GCC/AVR32_UC3/port.o
                0x80002ffc                vPortEnterCritical
 .text.xPortStartScheduler
                0x8000300c       0x58 src/FreeRTOS/Source/portable/GCC/AVR32_UC3/port.o
                0x8000300c                xPortStartScheduler
 .text.SCALLYield
                0x80003064       0x98 src/FreeRTOS/Source/portable/GCC/AVR32_UC3/port.o
                0x80003064                SCALLYield
 .text.prvClearCcInt
                0x800030fc        0xa src/FreeRTOS/Source/portable/GCC/AVR32_UC3/port.o
 *fill*         0x80003106        0x2 d703d703
 .text.vPortExitCritical
                0x80003108       0x20 src/FreeRTOS/Source/portable/GCC/AVR32_UC3/port.o
                0x80003108                vPortExitCritical
 .text.vTick    0x80003128       0x84 src/FreeRTOS/Source/portable/GCC/AVR32_UC3/port.o
 .text.__malloc_lock
                0x800031ac        0xc src/FreeRTOS/Source/portable/GCC/AVR32_UC3/port.o
                0x800031ac                __malloc_lock
 .text.__malloc_unlock
                0x800031b8        0xc src/FreeRTOS/Source/portable/GCC/AVR32_UC3/port.o
                0x800031b8                __malloc_unlock
 .text.vPortFree
                0x800031c4       0x28 src/FreeRTOS/Source/portable/MemMang/heap_3.o
                0x800031c4                vPortFree
 .text.pvPortMalloc
                0x800031ec       0x28 src/FreeRTOS/Source/portable/MemMang/heap_3.o
                0x800031ec                pvPortMalloc
 .text.vTaskSuspendAll
                0x80003214       0x10 src/FreeRTOS/Source/tasks.o
                0x80003214                vTaskSuspendAll
 .text.vTaskSwitchContext
                0x80003224       0x74 src/FreeRTOS/Source/tasks.o
                0x80003224                vTaskSwitchContext
 .text.prvResetNextTaskUnblockTime
                0x80003298       0x28 src/FreeRTOS/Source/tasks.o
 .text.vTaskGenericNotifyGiveFromISR
                0x800032c0       0xac src/FreeRTOS/Source/tasks.o
                0x800032c0                vTaskGenericNotifyGiveFromISR
 .text.xTaskIncrementTick
                0x8000336c      0x108 src/FreeRTOS/Source/tasks.o
                0x8000336c                xTaskIncrementTick
 .text.xTaskResumeAll
                0x80003474       0xe4 src/FreeRTOS/Source/tasks.o
                0x80003474                xTaskResumeAll
 .text.prvAddCurrentTaskToDelayedList
                0x80003558       0x98 src/FreeRTOS/Source/tasks.o
 .text.ulTaskGenericNotifyTake
                0x800035f0       0x98 src/FreeRTOS/Source/tasks.o
                0x800035f0                ulTaskGenericNotifyTake
 .text.prvDeleteTCB
                0x80003688       0x1c src/FreeRTOS/Source/tasks.o
 .text.prvIdleTask
                0x800036a4       0x68 src/FreeRTOS/Source/tasks.o
 .text.xTaskCreate
                0x8000370c      0x1ec src/FreeRTOS/Source/tasks.o
                0x8000370c                xTaskCreate
 .text.vTaskStartScheduler
                0x800038f8       0x58 src/FreeRTOS/Source/tasks.o
                0x800038f8                vTaskStartScheduler
 .text.gpio_enable_module_pin
                0x80003950       0x52 src/ASF/avr32/drivers/gpio/gpio.o
                0x80003950                gpio_enable_module_pin
 *fill*         0x800039a2        0x2 d703d703
 .text.gpio_enable_module
                0x800039a4       0x30 src/ASF/avr32/drivers/gpio/gpio.o
                0x800039a4                gpio_enable_module
 .text.gpio_enable_gpio_pin
                0x800039d4       0x18 src/ASF/avr32/drivers/gpio/gpio.o
                0x800039d4                gpio_enable_gpio_pin
 .text.gpio_enable_gpio
                0x800039ec       0x28 src/ASF/avr32/drivers/gpio/gpio.o
                0x800039ec                gpio_enable_gpio
 .text.gpio_set_gpio_pin
                0x80003a14       0x1c src/ASF/avr32/drivers/gpio/gpio.o
                0x80003a14                gpio_set_gpio_pin
 .text.gpio_clr_gpio_pin
                0x80003a30       0x1c src/ASF/avr32/drivers/gpio/gpio.o
                0x80003a30                gpio_clr_gpio_pin
 .text.gpio_enable_pin_interrupt
                0x80003a4c       0x46 src/ASF/avr32/drivers/gpio/gpio.o
                0x80003a4c                gpio_enable_pin_interrupt
 .text.gpio_get_pin_interrupt_flag
                0x80003a92       0x18 src/ASF/avr32/drivers/gpio/gpio.o
                0x80003a92                gpio_get_pin_interrupt_flag
 .text.gpio_clear_pin_interrupt_flag
                0x80003aaa       0x16 src/ASF/avr32/drivers/gpio/gpio.o
                0x80003aaa                gpio_clear_pin_interrupt_flag
 .text._unhandled_interrupt
                0x80003ac0        0x2 src/ASF/avr32/drivers/intc/intc.o
 *fill*         0x80003ac2        0x2 d703d703
 .text.INTC_register_interrupt
                0x80003ac4       0x80 src/ASF/avr32/drivers/intc/intc.o
                0x80003ac4                INTC_register_interrupt
 .text.INTC_init_interrupts
                0x80003b44       0x54 src/ASF/avr32/drivers/intc/intc.o
                0x80003b44                INTC_init_interrupts
 .text._get_interrupt_handler
                0x80003b98       0x38 src/ASF/avr32/drivers/intc/intc.o
                0x80003b98                _get_interrupt_handler
 .text._stext   0x80003bd0       0x40 src/ASF/avr32/utils/startup/startup_uc3.o
                                 0x50 (size before relaxing)
                0x80003bd0                _stext
 .text.master_callback
                0x80003c10        0x2 src/main.o
 *fill*         0x80003c12        0x2 d703d703
 .text.main     0x80003c14      0x22c src/main.o
                0x80003c14                main
 .text.RT_ISR_gpio_qt_71_not_naked
                0x80003e40       0x78 src/main.o
 .text.RT_ISR_gpio_qt_71
                0x80003eb8       0x78 src/main.o
 .text.RT_ISR_gpio_qt_70_not_naked
                0x80003f30       0x5c src/main.o
 .text.RT_ISR_gpio_qt_70
                0x80003f8c       0x78 src/main.o
 .text.playAudioTask
                0x80004004       0xe4 src/main.o
                0x80004004                playAudioTask
 .text.free     0x800040e8       0x10 c:/program files (x86)/atmel/studio/7.0/toolchain/avr32/avr32-gnu-toolchain/bin/../lib/gcc/avr32/4.4.7/../../../../avr32/lib/ucr2\libc.a(lib_a-malloc.o)
                                 0x18 (size before relaxing)
                0x800040e8                free
 .text.malloc   0x800040f8       0x10 c:/program files (x86)/atmel/studio/7.0/toolchain/avr32/avr32-gnu-toolchain/bin/../lib/gcc/avr32/4.4.7/../../../../avr32/lib/ucr2\libc.a(lib_a-malloc.o)
                                 0x18 (size before relaxing)
                0x800040f8                malloc
 .text._malloc_r
                0x80004108      0x428 c:/program files (x86)/atmel/studio/7.0/toolchain/avr32/avr32-gnu-toolchain/bin/../lib/gcc/avr32/4.4.7/../../../../avr32/lib/ucr2\libc.a(lib_a-mallocr.o)
                                0x450 (size before relaxing)
                0x80004108                _malloc_r
 .text._sbrk_r  0x80004530       0x20 c:/program files (x86)/atmel/studio/7.0/toolchain/avr32/avr32-gnu-toolchain/bin/../lib/gcc/avr32/4.4.7/../../../../avr32/lib/ucr2\libc.a(lib_a-sbrkr.o)
                                 0x28 (size before relaxing)
                0x80004530                _sbrk_r
 .text._sbrk    0x80004550       0x38 c:/program files (x86)/atmel/studio/7.0/toolchain/avr32/avr32-gnu-toolchain/bin/../lib/gcc/avr32/4.4.7/../../../../avr32/lib/ucr2\libc.a(lib_a-syscalls.o)
                                 0x40 (size before relaxing)
                0x80004550                _sbrk
 .text.__errno  0x80004588        0xc c:/program files (x86)/atmel/studio/7.0/toolchain/avr32/avr32-gnu-toolchain/bin/../lib/gcc/avr32/4.4.7/../../../../avr32/lib/ucr2\libc.a(lib_a-errno.o)
                0x80004588                __errno
 .text._malloc_trim_r
                0x80004594       0x90 c:/program files (x86)/atmel/studio/7.0/toolchain/avr32/avr32-gnu-toolchain/bin/../lib/gcc/avr32/4.4.7/../../../../avr32/lib/ucr2\libc.a(lib_a-freer.o)
                                 0xa8 (size before relaxing)
                0x80004594                _malloc_trim_r
 .text._free_r  0x80004624      0x188 c:/program files (x86)/atmel/studio/7.0/toolchain/avr32/avr32-gnu-toolchain/bin/../lib/gcc/avr32/4.4.7/../../../../avr32/lib/ucr2\libc.a(lib_a-freer.o)
                                0x1a0 (size before relaxing)
                0x80004624                _free_r
 *(.text.*personality*)
 *(.gnu.warning)

.exception      0x80004800      0x200
 .exception     0x80004800      0x200 src/FreeRTOS/Source/portable/GCC/AVR32_UC3/exception.o
                0x80004800                _evba
                0x80004904                _int0
                0x80004912                _int1
                0x80004920                _int2
                0x8000492e                _int3

.fini
 *(.fini)
                0x80004a00                PROVIDE (__etext, .)
                0x80004a00                PROVIDE (_etext, .)
                0x80004a00                PROVIDE (etext, .)

.rodata         0x80004a00    0x30a3c
 *(.rodata .rodata.* .gnu.linkonce.r.*)
 .rodata.C.52.10877
                0x80004a00       0x18 src/ASF/avr32/components/audio/amp/tpa6130a2/tpa6130.o
 .rodata.TPA6130_ABDAC_GPIO_MAP
                0x80004a18       0x20 src/ASF/avr32/components/audio/amp/tpa6130a2/tpa6130.o
 .rodata.DBG_USART_GPIO_MAP.10878
                0x80004a38       0x10 src/ASF/avr32/utils/debug/print_funcs.o
 .rodata.str1.4
                0x80004a48        0x5 src/FreeRTOS/Source/tasks.o
                                  0x8 (size before relaxing)
 *fill*         0x80004a4d        0x3 
 .rodata._int_handler_table
                0x80004a50       0xa0 src/ASF/avr32/drivers/intc/intc.o
 .rodata.sound_table
                0x80004af0    0x30854 src/main.o
                0x80004af0                sound_table
 .rodata.C.67.13074
                0x80035344        0xc src/main.o
 .rodata.str1.4
                0x80035350       0x76 src/main.o
                                 0x7c (size before relaxing)
 *fill*         0x800353c6        0x2 
 .rodata.C.66.13073
                0x800353c8       0x10 src/main.o
 .rodata.str1.4
                0x800353d8        0x4 c:/program files (x86)/atmel/studio/7.0/toolchain/avr32/avr32-gnu-toolchain/bin/../lib/gcc/avr32/4.4.7/../../../../avr32/lib/ucr2\libc.a(lib_a-impure.o)
 .rodata.__sf_fake_stdin
                0x800353dc       0x20 c:/program files (x86)/atmel/studio/7.0/toolchain/avr32/avr32-gnu-toolchain/bin/../lib/gcc/avr32/4.4.7/../../../../avr32/lib/ucr2\libc.a(lib_a-findfp.o)
                0x800353dc                __sf_fake_stdin
 .rodata.__sf_fake_stdout
                0x800353fc       0x20 c:/program files (x86)/atmel/studio/7.0/toolchain/avr32/avr32-gnu-toolchain/bin/../lib/gcc/avr32/4.4.7/../../../../avr32/lib/ucr2\libc.a(lib_a-findfp.o)
                0x800353fc                __sf_fake_stdout
 .rodata.__sf_fake_stderr
                0x8003541c       0x20 c:/program files (x86)/atmel/studio/7.0/toolchain/avr32/avr32-gnu-toolchain/bin/../lib/gcc/avr32/4.4.7/../../../../avr32/lib/ucr2\libc.a(lib_a-findfp.o)
                0x8003541c                __sf_fake_stderr

.rodata1
 *(.rodata1)

.eh_frame_hdr
 *(.eh_frame_hdr)

.eh_frame
 *(.eh_frame)

.gcc_except_table
 *(.gcc_except_table)
 *(.gcc_except_table.*)

.lalign         0x8003543c        0x4
                0x80035440                . = ALIGN (0x8)
 *fill*         0x8003543c        0x4 
                0x80035440                PROVIDE (_data_lma, .)
                0x00000004                . = ORIGIN (INTRAM)

.dalign         0x00000004        0x4
                0x00000008                . = ALIGN (0x8)
 *fill*         0x00000004        0x4 
                0x00000008                PROVIDE (_data, .)

.eh_frame
 *(.eh_frame)

.gcc_except_table
 *(.gcc_except_table)
 *(.gcc_except_table.*)

.tdata
 *(.tdata .tdata.* .gnu.linkonce.td.*)

.tbss
 *(.tbss .tbss.* .gnu.linkonce.tb.*)
 *(.tcommon)
                0x00000008                PROVIDE (__preinit_array_start, ALIGN (0x4))

.preinit_array
 *(.preinit_array)
                0x00000008                PROVIDE (__preinit_array_end, .)
                0x00000008                PROVIDE (__init_array_start, .)

.init_array
 *(.init_array)
                0x00000008                PROVIDE (__init_array_end, .)
                0x00000008                PROVIDE (__fini_array_start, .)

.fini_array
 *(.fini_array)
                0x00000008                PROVIDE (__fini_array_end, .)

.ctors
 *crtbegin*.o(.ctors)
 *(EXCLUDE_FILE(*crtend*.o) .ctors)
 *(SORT(.ctors.*))
 *(.ctors)

.dtors
 *crtbegin*.o(.dtors)
 *(EXCLUDE_FILE(*crtend*.o) .dtors)
 *(SORT(.dtors.*))
 *(.dtors)

.jcr
 *(.jcr)

.data.rel.ro
 *(.data.rel.ro.local)
 *(.data.rel.ro*)

.dynamic
 *(.dynamic)

.got
 *(.got.plt)
 *(.got)

.ramtext
 *(.ramtext .ramtext.*)

.ddalign        0x00000008        0x0 load address 0x80035440
                0x00000008                . = ALIGN (0x8)

.data           0x00000008      0x50c load address 0x80035440
 *(.data .data.* .gnu.linkonce.d.*)
 .data.tpa6130_shadow_regs
                0x00000008        0x4 src/ASF/avr32/components/audio/amp/tpa6130a2/tpa6130.o
 .data.ulCriticalNesting
                0x0000000c        0x4 src/FreeRTOS/Source/portable/GCC/AVR32_UC3/port.o
                0x0000000c                ulCriticalNesting
 .data.__malloc_av_
                0x00000010      0x408 c:/program files (x86)/atmel/studio/7.0/toolchain/avr32/avr32-gnu-toolchain/bin/../lib/gcc/avr32/4.4.7/../../../../avr32/lib/ucr2\libc.a(lib_a-mallocr.o)
                0x00000010                __malloc_av_
 .data.__malloc_trim_threshold
                0x00000418        0x4 c:/program files (x86)/atmel/studio/7.0/toolchain/avr32/avr32-gnu-toolchain/bin/../lib/gcc/avr32/4.4.7/../../../../avr32/lib/ucr2\libc.a(lib_a-mallocr.o)
                0x00000418                __malloc_trim_threshold
 .data.__malloc_sbrk_base
                0x0000041c        0x4 c:/program files (x86)/atmel/studio/7.0/toolchain/avr32/avr32-gnu-toolchain/bin/../lib/gcc/avr32/4.4.7/../../../../avr32/lib/ucr2\libc.a(lib_a-mallocr.o)
                0x0000041c                __malloc_sbrk_base
 .data.impure_data
                0x00000420       0xf0 c:/program files (x86)/atmel/studio/7.0/toolchain/avr32/avr32-gnu-toolchain/bin/../lib/gcc/avr32/4.4.7/../../../../avr32/lib/ucr2\libc.a(lib_a-impure.o)
 .data._impure_ptr
                0x00000510        0x4 c:/program files (x86)/atmel/studio/7.0/toolchain/avr32/avr32-gnu-toolchain/bin/../lib/gcc/avr32/4.4.7/../../../../avr32/lib/ucr2\libc.a(lib_a-impure.o)
                0x00000510                _impure_ptr
 *(.gnu.linkonce.d.*personality*)

.data1
 *(.data1)

.balign         0x00000514        0x4 load address 0x8003594c
                0x00000518                . = ALIGN (0x8)
 *fill*         0x00000514        0x4 
                0x00000518                PROVIDE (_edata, .)
                0x00000518                PROVIDE (edata, .)
                0x00000518                __bss_start = .

.bss            0x00000518      0x4b8
 *(.dynbss)
 *(.bss .bss.* .gnu.linkonce.b.*)
 .bss.tpa6130_output_param
                0x00000518        0xc src/ASF/avr32/components/audio/amp/tpa6130a2/tpa6130.o
 .bss.twi_busy  0x00000524        0x1 src/ASF/avr32/drivers/twi/twi.o
 .bss.twi_nack  0x00000525        0x1 src/ASF/avr32/drivers/twi/twi.o
 *fill*         0x00000526        0x2 
 .bss.twi_tx_nb_bytes
                0x00000528        0x4 src/ASF/avr32/drivers/twi/twi.o
 .bss.twi_it_mask
                0x0000052c        0x4 src/ASF/avr32/drivers/twi/twi.o
 .bss.twi_inst  0x00000530        0x4 src/ASF/avr32/drivers/twi/twi.o
 .bss.twi_tx_data
                0x00000534        0x4 src/ASF/avr32/drivers/twi/twi.o
 .bss.twi_rx_nb_bytes
                0x00000538        0x4 src/ASF/avr32/drivers/twi/twi.o
 .bss.twi_rx_data
                0x0000053c        0x4 src/ASF/avr32/drivers/twi/twi.o
 .bss.xNextTaskUnblockTime
                0x00000540        0x4 src/FreeRTOS/Source/tasks.o
 .bss.pxDelayedTaskList
                0x00000544        0x4 src/FreeRTOS/Source/tasks.o
 .bss.xSchedulerRunning
                0x00000548        0x4 src/FreeRTOS/Source/tasks.o
 .bss.xNumOfOverflows
                0x0000054c        0x4 src/FreeRTOS/Source/tasks.o
 .bss.pxOverflowDelayedTaskList
                0x00000550        0x4 src/FreeRTOS/Source/tasks.o
 .bss.xPendedTicks
                0x00000554        0x4 src/FreeRTOS/Source/tasks.o
 .bss.pxReadyTasksLists
                0x00000558       0xa0 src/FreeRTOS/Source/tasks.o
 .bss.uxDeletedTasksWaitingCleanUp
                0x000005f8        0x4 src/FreeRTOS/Source/tasks.o
 .bss.pxCurrentTCB
                0x000005fc        0x4 src/FreeRTOS/Source/tasks.o
                0x000005fc                pxCurrentTCB
 .bss.xPendingReadyList
                0x00000600       0x14 src/FreeRTOS/Source/tasks.o
 .bss.xDelayedTaskList1
                0x00000614       0x14 src/FreeRTOS/Source/tasks.o
 .bss.xTickCount
                0x00000628        0x4 src/FreeRTOS/Source/tasks.o
 .bss.uxSchedulerSuspended
                0x0000062c        0x4 src/FreeRTOS/Source/tasks.o
 .bss.xDelayedTaskList2
                0x00000630       0x14 src/FreeRTOS/Source/tasks.o
 .bss.uxTaskNumber
                0x00000644        0x4 src/FreeRTOS/Source/tasks.o
 .bss.uxCurrentNumberOfTasks
                0x00000648        0x4 src/FreeRTOS/Source/tasks.o
 .bss.xTasksWaitingTermination
                0x0000064c       0x14 src/FreeRTOS/Source/tasks.o
 .bss.xIdleTaskHandle
                0x00000660        0x4 src/FreeRTOS/Source/tasks.o
 .bss.xSuspendedTaskList
                0x00000664       0x14 src/FreeRTOS/Source/tasks.o
 .bss.uxTopReadyPriority
                0x00000678        0x4 src/FreeRTOS/Source/tasks.o
 .bss.xYieldPending
                0x0000067c        0x4 src/FreeRTOS/Source/tasks.o
 .bss._int_line_handler_table_6
                0x00000680        0x4 src/ASF/avr32/drivers/intc/intc.o
 .bss._int_line_handler_table_7
                0x00000684        0x4 src/ASF/avr32/drivers/intc/intc.o
 .bss._int_line_handler_table_8
                0x00000688        0x4 src/ASF/avr32/drivers/intc/intc.o
 .bss._int_line_handler_table_9
                0x0000068c        0x4 src/ASF/avr32/drivers/intc/intc.o
 .bss._int_line_handler_table_10
                0x00000690        0x4 src/ASF/avr32/drivers/intc/intc.o
 .bss._int_line_handler_table_11
                0x00000694        0x4 src/ASF/avr32/drivers/intc/intc.o
 .bss._int_line_handler_table_12
                0x00000698        0x4 src/ASF/avr32/drivers/intc/intc.o
 .bss._int_line_handler_table_13
                0x0000069c        0x4 src/ASF/avr32/drivers/intc/intc.o
 .bss._int_line_handler_table_14
                0x000006a0        0xc src/ASF/avr32/drivers/intc/intc.o
 .bss._int_line_handler_table_15
                0x000006ac        0x4 src/ASF/avr32/drivers/intc/intc.o
 .bss._int_line_handler_table_16
                0x000006b0        0x4 src/ASF/avr32/drivers/intc/intc.o
 .bss._int_line_handler_table_17
                0x000006b4        0x4 src/ASF/avr32/drivers/intc/intc.o
 .bss._int_line_handler_table_18
                0x000006b8        0x4 src/ASF/avr32/drivers/intc/intc.o
 .bss._int_line_handler_table_19
                0x000006bc        0x4 src/ASF/avr32/drivers/intc/intc.o
 .bss._int_line_handler_table_0
                0x000006c0        0x4 src/ASF/avr32/drivers/intc/intc.o
 .bss._int_line_handler_table_1
                0x000006c4       0x2c src/ASF/avr32/drivers/intc/intc.o
 .bss._int_line_handler_table_2
                0x000006f0       0x38 src/ASF/avr32/drivers/intc/intc.o
 .bss._int_line_handler_table_3
                0x00000728       0x3c src/ASF/avr32/drivers/intc/intc.o
 .bss._int_line_handler_table_4
                0x00000764        0x4 src/ASF/avr32/drivers/intc/intc.o
 .bss._int_line_handler_table_5
                0x00000768        0x4 src/ASF/avr32/drivers/intc/intc.o
 .bss.notify.12985
                0x0000076c        0x1 src/main.o
 *fill*         0x0000076d        0x3 
 .bss.count.12981
                0x00000770        0x4 src/main.o
 .bss.i.12982   0x00000774        0x4 src/main.o
 .bss.notificationValue.12983
                0x00000778        0x4 src/main.o
 .bss.playAudio.12984
                0x0000077c        0x1 src/main.o
 *fill*         0x0000077d        0x3 
 .bss.playAudioHandle
                0x00000780        0x4 src/main.o
                0x00000780                playAudioHandle
 .bss.__malloc_max_total_mem
                0x00000784        0x4 c:/program files (x86)/atmel/studio/7.0/toolchain/avr32/avr32-gnu-toolchain/bin/../lib/gcc/avr32/4.4.7/../../../../avr32/lib/ucr2\libc.a(lib_a-mallocr.o)
                0x00000784                __malloc_max_total_mem
 .bss.__malloc_max_sbrked_mem
                0x00000788        0x4 c:/program files (x86)/atmel/studio/7.0/toolchain/avr32/avr32-gnu-toolchain/bin/../lib/gcc/avr32/4.4.7/../../../../avr32/lib/ucr2\libc.a(lib_a-mallocr.o)
                0x00000788                __malloc_max_sbrked_mem
 .bss.__malloc_top_pad
                0x0000078c        0x4 c:/program files (x86)/atmel/studio/7.0/toolchain/avr32/avr32-gnu-toolchain/bin/../lib/gcc/avr32/4.4.7/../../../../avr32/lib/ucr2\libc.a(lib_a-mallocr.o)
                0x0000078c                __malloc_top_pad
 .bss.__malloc_current_mallinfo
                0x00000790       0x28 c:/program files (x86)/atmel/studio/7.0/toolchain/avr32/avr32-gnu-toolchain/bin/../lib/gcc/avr32/4.4.7/../../../../avr32/lib/ucr2\libc.a(lib_a-mallocr.o)
                0x00000790                __malloc_current_mallinfo
 .bss.cur_heap_pos.1869
                0x000007b8        0x4 c:/program files (x86)/atmel/studio/7.0/toolchain/avr32/avr32-gnu-toolchain/bin/../lib/gcc/avr32/4.4.7/../../../../avr32/lib/ucr2\libc.a(lib_a-syscalls.o)
 *(COMMON)
 COMMON         0x000007bc      0x210 src/main.o
                0x000007bc                intc_qt
                0x000007be                tick_count
                0x000007c4                intc_tc
                0x000007c8                samples_count
                0x000007cc                samples
 COMMON         0x000009cc        0x4 c:/program files (x86)/atmel/studio/7.0/toolchain/avr32/avr32-gnu-toolchain/bin/../lib/gcc/avr32/4.4.7/../../../../avr32/lib/ucr2\libc.a(lib_a-reent.o)
                0x000009cc                errno
                0x000009d0                . = ALIGN (0x8)
                0x000009d0                . = ALIGN (0x8)
                0x000009d0                _end = .
                0x000009d0                PROVIDE (end, .)
                0x000009d0                __heap_start__ = ALIGN (0x8)

.heap           0x000009d0     0xe630
 *(.heap)
                0x0000e630                . = (__heap_size__ == __max_heap_size__)?(((ORIGIN (INTRAM) + 0xfffc) - __stack_size__) - ABSOLUTE (.)):__heap_size__
 *fill*         0x000009d0     0xe630 
                0x0000f000                __heap_end__ = .

.stab
 *(.stab)

.stabstr
 *(.stabstr)

.stab.excl
 *(.stab.excl)

.stab.exclstr
 *(.stab.exclstr)

.stab.index
 *(.stab.index)

.stab.indexstr
 *(.stab.indexstr)

.comment        0x00000000       0x30
 *(.comment)
 .comment       0x00000000       0x30 src/ASF/avr32/components/audio/amp/tpa6130a2/tpa6130.o
                                 0x31 (size before relaxing)
 .comment       0x00000000       0x31 src/ASF/avr32/drivers/abdac/abdac.o
 .comment       0x00000000       0x31 src/ASF/avr32/drivers/pdca/pdca.o
 .comment       0x00000000       0x31 src/ASF/avr32/drivers/twi/twi.o
 .comment       0x00000000       0x31 src/ASF/avr32/utils/debug/print_funcs.o
 .comment       0x00000000       0x31 src/ASF/avr32/drivers/flashc/flashc.o
 .comment       0x00000000       0x31 src/ASF/avr32/drivers/pm/pm.o
 .comment       0x00000000       0x31 src/ASF/avr32/drivers/usart/usart.o
 .comment       0x00000000       0x31 src/FreeRTOS/Source/list.o
 .comment       0x00000000       0x31 src/FreeRTOS/Source/portable/GCC/AVR32_UC3/port.o
 .comment       0x00000000       0x31 src/FreeRTOS/Source/portable/MemMang/heap_3.o
 .comment       0x00000000       0x31 src/FreeRTOS/Source/tasks.o
 .comment       0x00000000       0x31 src/ASF/avr32/drivers/gpio/gpio.o
 .comment       0x00000000       0x31 src/ASF/avr32/drivers/intc/intc.o
 .comment       0x00000000       0x31 src/main.o
 .comment       0x00000000       0x31 c:/program files (x86)/atmel/studio/7.0/toolchain/avr32/avr32-gnu-toolchain/bin/../lib/gcc/avr32/4.4.7/../../../../avr32/lib/ucr2\libc.a(lib_a-malloc.o)
 .comment       0x00000000       0x31 c:/program files (x86)/atmel/studio/7.0/toolchain/avr32/avr32-gnu-toolchain/bin/../lib/gcc/avr32/4.4.7/../../../../avr32/lib/ucr2\libc.a(lib_a-mallocr.o)
 .comment       0x00000000       0x31 c:/program files (x86)/atmel/studio/7.0/toolchain/avr32/avr32-gnu-toolchain/bin/../lib/gcc/avr32/4.4.7/../../../../avr32/lib/ucr2\libc.a(lib_a-sbrkr.o)
 .comment       0x00000000       0x31 c:/program files (x86)/atmel/studio/7.0/toolchain/avr32/avr32-gnu-toolchain/bin/../lib/gcc/avr32/4.4.7/../../../../avr32/lib/ucr2\libc.a(lib_a-syscalls.o)
 .comment       0x00000000       0x31 c:/program files (x86)/atmel/studio/7.0/toolchain/avr32/avr32-gnu-toolchain/bin/../lib/gcc/avr32/4.4.7/../../../../avr32/lib/ucr2\libc.a(lib_a-errno.o)
 .comment       0x00000000       0x31 c:/program files (x86)/atmel/studio/7.0/toolchain/avr32/avr32-gnu-toolchain/bin/../lib/gcc/avr32/4.4.7/../../../../avr32/lib/ucr2\libc.a(lib_a-freer.o)
 .comment       0x00000000       0x31 c:/program files (x86)/atmel/studio/7.0/toolchain/avr32/avr32-gnu-toolchain/bin/../lib/gcc/avr32/4.4.7/../../../../avr32/lib/ucr2\libc.a(lib_a-impure.o)
 .comment       0x00000000       0x31 c:/program files (x86)/atmel/studio/7.0/toolchain/avr32/avr32-gnu-toolchain/bin/../lib/gcc/avr32/4.4.7/../../../../avr32/lib/ucr2\libc.a(lib_a-reent.o)
 .comment       0x00000000       0x31 c:/program files (x86)/atmel/studio/7.0/toolchain/avr32/avr32-gnu-toolchain/bin/../lib/gcc/avr32/4.4.7/../../../../avr32/lib/ucr2\libc.a(lib_a-findfp.o)

.debug
 *(.debug)

.line
 *(.line)

.debug_srcinfo
 *(.debug_srcinfo)

.debug_sfnames
 *(.debug_sfnames)

.debug_aranges  0x00000000      0xe40
 *(.debug_aranges)
 .debug_aranges
                0x00000000       0xb8 src/ASF/avr32/components/audio/amp/tpa6130a2/tpa6130.o
 .debug_aranges
                0x000000b8       0x50 src/ASF/avr32/drivers/abdac/abdac.o
 .debug_aranges
                0x00000108       0xa8 src/ASF/avr32/drivers/pdca/pdca.o
 .debug_aranges
                0x000001b0       0x78 src/ASF/avr32/drivers/twi/twi.o
 .debug_aranges
                0x00000228       0x88 src/ASF/avr32/utils/debug/print_funcs.o
 .debug_aranges
                0x000002b0       0x20 src/FreeRTOS/Source/portable/GCC/AVR32_UC3/exception.o
 .debug_aranges
                0x000002d0      0x218 src/ASF/avr32/drivers/flashc/flashc.o
 .debug_aranges
                0x000004e8      0x190 src/ASF/avr32/drivers/pm/pm.o
 .debug_aranges
                0x00000678       0xe0 src/ASF/avr32/drivers/usart/usart.o
 .debug_aranges
                0x00000758       0x40 src/FreeRTOS/Source/list.o
 .debug_aranges
                0x00000798       0x78 src/FreeRTOS/Source/portable/GCC/AVR32_UC3/port.o
 .debug_aranges
                0x00000810       0x28 src/FreeRTOS/Source/portable/MemMang/heap_3.o
 .debug_aranges
                0x00000838      0x198 src/FreeRTOS/Source/tasks.o
 .debug_aranges
                0x000009d0      0x100 src/ASF/avr32/drivers/gpio/gpio.o
 .debug_aranges
                0x00000ad0       0x38 src/ASF/avr32/drivers/intc/intc.o
 .debug_aranges
                0x00000b08       0x28 src/ASF/avr32/utils/startup/startup_uc3.o
 .debug_aranges
                0x00000b30       0x20 src/ASF/avr32/utils/startup/trampoline_uc3.o
 .debug_aranges
                0x00000b50       0x98 src/main.o
 .debug_aranges
                0x00000be8       0x28 c:/program files (x86)/atmel/studio/7.0/toolchain/avr32/avr32-gnu-toolchain/bin/../lib/gcc/avr32/4.4.7/../../../../avr32/lib/ucr2\libc.a(lib_a-malloc.o)
 .debug_aranges
                0x00000c10       0x20 c:/program files (x86)/atmel/studio/7.0/toolchain/avr32/avr32-gnu-toolchain/bin/../lib/gcc/avr32/4.4.7/../../../../avr32/lib/ucr2\libc.a(lib_a-mallocr.o)
 .debug_aranges
                0x00000c30       0x20 c:/program files (x86)/atmel/studio/7.0/toolchain/avr32/avr32-gnu-toolchain/bin/../lib/gcc/avr32/4.4.7/../../../../avr32/lib/ucr2\libc.a(lib_a-sbrkr.o)
 .debug_aranges
                0x00000c50       0xf8 c:/program files (x86)/atmel/studio/7.0/toolchain/avr32/avr32-gnu-toolchain/bin/../lib/gcc/avr32/4.4.7/../../../../avr32/lib/ucr2\libc.a(lib_a-syscalls.o)
 .debug_aranges
                0x00000d48       0x20 c:/program files (x86)/atmel/studio/7.0/toolchain/avr32/avr32-gnu-toolchain/bin/../lib/gcc/avr32/4.4.7/../../../../avr32/lib/ucr2\libc.a(lib_a-errno.o)
 .debug_aranges
                0x00000d68       0x28 c:/program files (x86)/atmel/studio/7.0/toolchain/avr32/avr32-gnu-toolchain/bin/../lib/gcc/avr32/4.4.7/../../../../avr32/lib/ucr2\libc.a(lib_a-freer.o)
 .debug_aranges
                0x00000d90       0x30 c:/program files (x86)/atmel/studio/7.0/toolchain/avr32/avr32-gnu-toolchain/bin/../lib/gcc/avr32/4.4.7/../../../../avr32/lib/ucr2\libc.a(lib_a-reent.o)
 .debug_aranges
                0x00000dc0       0x80 c:/program files (x86)/atmel/studio/7.0/toolchain/avr32/avr32-gnu-toolchain/bin/../lib/gcc/avr32/4.4.7/../../../../avr32/lib/ucr2\libc.a(lib_a-findfp.o)

.debug_pubnames
                0x00000000     0x2397
 *(.debug_pubnames)
 .debug_pubnames
                0x00000000      0x1b5 src/ASF/avr32/components/audio/amp/tpa6130a2/tpa6130.o
 .debug_pubnames
                0x000001b5       0xa4 src/ASF/avr32/drivers/abdac/abdac.o
 .debug_pubnames
                0x00000259      0x238 src/ASF/avr32/drivers/pdca/pdca.o
 .debug_pubnames
                0x00000491       0xb2 src/ASF/avr32/drivers/twi/twi.o
 .debug_pubnames
                0x00000543      0x10f src/ASF/avr32/utils/debug/print_funcs.o
 .debug_pubnames
                0x00000652      0x771 src/ASF/avr32/drivers/flashc/flashc.o
 .debug_pubnames
                0x00000dc3      0x3ee src/ASF/avr32/drivers/pm/pm.o
 .debug_pubnames
                0x000011b1      0x227 src/ASF/avr32/drivers/usart/usart.o
 .debug_pubnames
                0x000013d8       0x72 src/FreeRTOS/Source/list.o
 .debug_pubnames
                0x0000144a       0xf6 src/FreeRTOS/Source/portable/GCC/AVR32_UC3/port.o
 .debug_pubnames
                0x00001540       0x31 src/FreeRTOS/Source/portable/MemMang/heap_3.o
 .debug_pubnames
                0x00001571      0x46e src/FreeRTOS/Source/tasks.o
 .debug_pubnames
                0x000019df      0x330 src/ASF/avr32/drivers/gpio/gpio.o
 .debug_pubnames
                0x00001d0f       0x62 src/ASF/avr32/drivers/intc/intc.o
 .debug_pubnames
                0x00001d71      0x1b0 src/main.o
 .debug_pubnames
                0x00001f21       0x26 c:/program files (x86)/atmel/studio/7.0/toolchain/avr32/avr32-gnu-toolchain/bin/../lib/gcc/avr32/4.4.7/../../../../avr32/lib/ucr2\libc.a(lib_a-malloc.o)
 .debug_pubnames
                0x00001f47       0xce c:/program files (x86)/atmel/studio/7.0/toolchain/avr32/avr32-gnu-toolchain/bin/../lib/gcc/avr32/4.4.7/../../../../avr32/lib/ucr2\libc.a(lib_a-mallocr.o)
 .debug_pubnames
                0x00002015       0x1e c:/program files (x86)/atmel/studio/7.0/toolchain/avr32/avr32-gnu-toolchain/bin/../lib/gcc/avr32/4.4.7/../../../../avr32/lib/ucr2\libc.a(lib_a-sbrkr.o)
 .debug_pubnames
                0x00002033      0x171 c:/program files (x86)/atmel/studio/7.0/toolchain/avr32/avr32-gnu-toolchain/bin/../lib/gcc/avr32/4.4.7/../../../../avr32/lib/ucr2\libc.a(lib_a-syscalls.o)
 .debug_pubnames
                0x000021a4       0x1e c:/program files (x86)/atmel/studio/7.0/toolchain/avr32/avr32-gnu-toolchain/bin/../lib/gcc/avr32/4.4.7/../../../../avr32/lib/ucr2\libc.a(lib_a-errno.o)
 .debug_pubnames
                0x000021c2       0x31 c:/program files (x86)/atmel/studio/7.0/toolchain/avr32/avr32-gnu-toolchain/bin/../lib/gcc/avr32/4.4.7/../../../../avr32/lib/ucr2\libc.a(lib_a-freer.o)
 .debug_pubnames
                0x000021f3       0x39 c:/program files (x86)/atmel/studio/7.0/toolchain/avr32/avr32-gnu-toolchain/bin/../lib/gcc/avr32/4.4.7/../../../../avr32/lib/ucr2\libc.a(lib_a-impure.o)
 .debug_pubnames
                0x0000222c       0x52 c:/program files (x86)/atmel/studio/7.0/toolchain/avr32/avr32-gnu-toolchain/bin/../lib/gcc/avr32/4.4.7/../../../../avr32/lib/ucr2\libc.a(lib_a-reent.o)
 .debug_pubnames
                0x0000227e      0x119 c:/program files (x86)/atmel/studio/7.0/toolchain/avr32/avr32-gnu-toolchain/bin/../lib/gcc/avr32/4.4.7/../../../../avr32/lib/ucr2\libc.a(lib_a-findfp.o)

.debug_info     0x00000000    0x1891f
 *(.debug_info .gnu.linkonce.wi.*)
 .debug_info    0x00000000     0x11c7 src/ASF/avr32/components/audio/amp/tpa6130a2/tpa6130.o
 .debug_info    0x000011c7     0x12ce src/ASF/avr32/drivers/abdac/abdac.o
 .debug_info    0x00002495      0xc25 src/ASF/avr32/drivers/pdca/pdca.o
 .debug_info    0x000030ba      0xfe6 src/ASF/avr32/drivers/twi/twi.o
 .debug_info    0x000040a0     0x1681 src/ASF/avr32/utils/debug/print_funcs.o
 .debug_info    0x00005721       0xa8 src/FreeRTOS/Source/portable/GCC/AVR32_UC3/exception.o
 .debug_info    0x000057c9     0x1c72 src/ASF/avr32/drivers/flashc/flashc.o
 .debug_info    0x0000743b     0x1a57 src/ASF/avr32/drivers/pm/pm.o
 .debug_info    0x00008e92     0x1dcc src/ASF/avr32/drivers/usart/usart.o
 .debug_info    0x0000ac5e      0x2d3 src/FreeRTOS/Source/list.o
 .debug_info    0x0000af31     0x1d8c src/FreeRTOS/Source/portable/GCC/AVR32_UC3/port.o
 .debug_info    0x0000ccbd       0xfc src/FreeRTOS/Source/portable/MemMang/heap_3.o
 .debug_info    0x0000cdb9     0x1598 src/FreeRTOS/Source/tasks.o
 .debug_info    0x0000e351      0xb1b src/ASF/avr32/drivers/gpio/gpio.o
 .debug_info    0x0000ee6c      0x5ae src/ASF/avr32/drivers/intc/intc.o
 .debug_info    0x0000f41a       0x97 src/ASF/avr32/utils/startup/startup_uc3.o
 .debug_info    0x0000f4b1       0x9e src/ASF/avr32/utils/startup/trampoline_uc3.o
 .debug_info    0x0000f54f     0x39a0 src/main.o
 .debug_info    0x00012eef      0x8ea c:/program files (x86)/atmel/studio/7.0/toolchain/avr32/avr32-gnu-toolchain/bin/../lib/gcc/avr32/4.4.7/../../../../avr32/lib/ucr2\libc.a(lib_a-malloc.o)
 .debug_info    0x000137d9      0xc4e c:/program files (x86)/atmel/studio/7.0/toolchain/avr32/avr32-gnu-toolchain/bin/../lib/gcc/avr32/4.4.7/../../../../avr32/lib/ucr2\libc.a(lib_a-mallocr.o)
 .debug_info    0x00014427      0x8de c:/program files (x86)/atmel/studio/7.0/toolchain/avr32/avr32-gnu-toolchain/bin/../lib/gcc/avr32/4.4.7/../../../../avr32/lib/ucr2\libc.a(lib_a-sbrkr.o)
 .debug_info    0x00014d05      0x93a c:/program files (x86)/atmel/studio/7.0/toolchain/avr32/avr32-gnu-toolchain/bin/../lib/gcc/avr32/4.4.7/../../../../avr32/lib/ucr2\libc.a(lib_a-syscalls.o)
 .debug_info    0x0001563f      0x8a6 c:/program files (x86)/atmel/studio/7.0/toolchain/avr32/avr32-gnu-toolchain/bin/../lib/gcc/avr32/4.4.7/../../../../avr32/lib/ucr2\libc.a(lib_a-errno.o)
 .debug_info    0x00015ee5      0xb3d c:/program files (x86)/atmel/studio/7.0/toolchain/avr32/avr32-gnu-toolchain/bin/../lib/gcc/avr32/4.4.7/../../../../avr32/lib/ucr2\libc.a(lib_a-freer.o)
 .debug_info    0x00016a22      0x960 c:/program files (x86)/atmel/studio/7.0/toolchain/avr32/avr32-gnu-toolchain/bin/../lib/gcc/avr32/4.4.7/../../../../avr32/lib/ucr2\libc.a(lib_a-impure.o)
 .debug_info    0x00017382      0x973 c:/program files (x86)/atmel/studio/7.0/toolchain/avr32/avr32-gnu-toolchain/bin/../lib/gcc/avr32/4.4.7/../../../../avr32/lib/ucr2\libc.a(lib_a-reent.o)
 .debug_info    0x00017cf5      0xc2a c:/program files (x86)/atmel/studio/7.0/toolchain/avr32/avr32-gnu-toolchain/bin/../lib/gcc/avr32/4.4.7/../../../../avr32/lib/ucr2\libc.a(lib_a-findfp.o)

.debug_abbrev   0x00000000     0x347f
 *(.debug_abbrev)
 .debug_abbrev  0x00000000      0x2bb src/ASF/avr32/components/audio/amp/tpa6130a2/tpa6130.o
 .debug_abbrev  0x000002bb      0x245 src/ASF/avr32/drivers/abdac/abdac.o
 .debug_abbrev  0x00000500      0x2f2 src/ASF/avr32/drivers/pdca/pdca.o
 .debug_abbrev  0x000007f2      0x2fb src/ASF/avr32/drivers/twi/twi.o
 .debug_abbrev  0x00000aed      0x19b src/ASF/avr32/utils/debug/print_funcs.o
 .debug_abbrev  0x00000c88       0x14 src/FreeRTOS/Source/portable/GCC/AVR32_UC3/exception.o
 .debug_abbrev  0x00000c9c      0x331 src/ASF/avr32/drivers/flashc/flashc.o
 .debug_abbrev  0x00000fcd      0x2d1 src/ASF/avr32/drivers/pm/pm.o
 .debug_abbrev  0x0000129e      0x31e src/ASF/avr32/drivers/usart/usart.o
 .debug_abbrev  0x000015bc      0x101 src/FreeRTOS/Source/list.o
 .debug_abbrev  0x000016bd      0x316 src/FreeRTOS/Source/portable/GCC/AVR32_UC3/port.o
 .debug_abbrev  0x000019d3       0xa4 src/FreeRTOS/Source/portable/MemMang/heap_3.o
 .debug_abbrev  0x00001a77      0x2a6 src/FreeRTOS/Source/tasks.o
 .debug_abbrev  0x00001d1d      0x28b src/ASF/avr32/drivers/gpio/gpio.o
 .debug_abbrev  0x00001fa8      0x1d4 src/ASF/avr32/drivers/intc/intc.o
 .debug_abbrev  0x0000217c       0x12 src/ASF/avr32/utils/startup/startup_uc3.o
 .debug_abbrev  0x0000218e       0x14 src/ASF/avr32/utils/startup/trampoline_uc3.o
 .debug_abbrev  0x000021a2      0x34c src/main.o
 .debug_abbrev  0x000024ee      0x178 c:/program files (x86)/atmel/studio/7.0/toolchain/avr32/avr32-gnu-toolchain/bin/../lib/gcc/avr32/4.4.7/../../../../avr32/lib/ucr2\libc.a(lib_a-malloc.o)
 .debug_abbrev  0x00002666      0x205 c:/program files (x86)/atmel/studio/7.0/toolchain/avr32/avr32-gnu-toolchain/bin/../lib/gcc/avr32/4.4.7/../../../../avr32/lib/ucr2\libc.a(lib_a-mallocr.o)
 .debug_abbrev  0x0000286b      0x17f c:/program files (x86)/atmel/studio/7.0/toolchain/avr32/avr32-gnu-toolchain/bin/../lib/gcc/avr32/4.4.7/../../../../avr32/lib/ucr2\libc.a(lib_a-sbrkr.o)
 .debug_abbrev  0x000029ea      0x19a c:/program files (x86)/atmel/studio/7.0/toolchain/avr32/avr32-gnu-toolchain/bin/../lib/gcc/avr32/4.4.7/../../../../avr32/lib/ucr2\libc.a(lib_a-syscalls.o)
 .debug_abbrev  0x00002b84      0x150 c:/program files (x86)/atmel/studio/7.0/toolchain/avr32/avr32-gnu-toolchain/bin/../lib/gcc/avr32/4.4.7/../../../../avr32/lib/ucr2\libc.a(lib_a-errno.o)
 .debug_abbrev  0x00002cd4      0x1d9 c:/program files (x86)/atmel/studio/7.0/toolchain/avr32/avr32-gnu-toolchain/bin/../lib/gcc/avr32/4.4.7/../../../../avr32/lib/ucr2\libc.a(lib_a-freer.o)
 .debug_abbrev  0x00002ead      0x160 c:/program files (x86)/atmel/studio/7.0/toolchain/avr32/avr32-gnu-toolchain/bin/../lib/gcc/avr32/4.4.7/../../../../avr32/lib/ucr2\libc.a(lib_a-impure.o)
 .debug_abbrev  0x0000300d      0x1e6 c:/program files (x86)/atmel/studio/7.0/toolchain/avr32/avr32-gnu-toolchain/bin/../lib/gcc/avr32/4.4.7/../../../../avr32/lib/ucr2\libc.a(lib_a-reent.o)
 .debug_abbrev  0x000031f3      0x28c c:/program files (x86)/atmel/studio/7.0/toolchain/avr32/avr32-gnu-toolchain/bin/../lib/gcc/avr32/4.4.7/../../../../avr32/lib/ucr2\libc.a(lib_a-findfp.o)

.debug_line     0x00000000     0xab52
 *(.debug_line)
 .debug_line    0x00000000      0x978 src/ASF/avr32/components/audio/amp/tpa6130a2/tpa6130.o
 .debug_line    0x00000978      0x70e src/ASF/avr32/drivers/abdac/abdac.o
 .debug_line    0x00001086      0x840 src/ASF/avr32/drivers/pdca/pdca.o
 .debug_line    0x000018c6      0x8cd src/ASF/avr32/drivers/twi/twi.o
 .debug_line    0x00002193      0x818 src/ASF/avr32/utils/debug/print_funcs.o
 .debug_line    0x000029ab       0xef src/FreeRTOS/Source/portable/GCC/AVR32_UC3/exception.o
 .debug_line    0x00002a9a      0xbde src/ASF/avr32/drivers/flashc/flashc.o
 .debug_line    0x00003678      0x9ca src/ASF/avr32/drivers/pm/pm.o
 .debug_line    0x00004042      0x919 src/ASF/avr32/drivers/usart/usart.o
 .debug_line    0x0000495b      0x7ec src/FreeRTOS/Source/list.o
 .debug_line    0x00005147      0x8e5 src/FreeRTOS/Source/portable/GCC/AVR32_UC3/port.o
 .debug_line    0x00005a2c      0x7b9 src/FreeRTOS/Source/portable/MemMang/heap_3.o
 .debug_line    0x000061e5      0xd6e src/FreeRTOS/Source/tasks.o
 .debug_line    0x00006f53      0x8c7 src/ASF/avr32/drivers/gpio/gpio.o
 .debug_line    0x0000781a      0x695 src/ASF/avr32/drivers/intc/intc.o
 .debug_line    0x00007eaf       0xf1 src/ASF/avr32/utils/startup/startup_uc3.o
 .debug_line    0x00007fa0       0x66 src/ASF/avr32/utils/startup/trampoline_uc3.o
 .debug_line    0x00008006      0xc45 src/main.o
 .debug_line    0x00008c4b      0x255 c:/program files (x86)/atmel/studio/7.0/toolchain/avr32/avr32-gnu-toolchain/bin/../lib/gcc/avr32/4.4.7/../../../../avr32/lib/ucr2\libc.a(lib_a-malloc.o)
 .debug_line    0x00008ea0      0x571 c:/program files (x86)/atmel/studio/7.0/toolchain/avr32/avr32-gnu-toolchain/bin/../lib/gcc/avr32/4.4.7/../../../../avr32/lib/ucr2\libc.a(lib_a-mallocr.o)
 .debug_line    0x00009411      0x258 c:/program files (x86)/atmel/studio/7.0/toolchain/avr32/avr32-gnu-toolchain/bin/../lib/gcc/avr32/4.4.7/../../../../avr32/lib/ucr2\libc.a(lib_a-sbrkr.o)
 .debug_line    0x00009669      0x58e c:/program files (x86)/atmel/studio/7.0/toolchain/avr32/avr32-gnu-toolchain/bin/../lib/gcc/avr32/4.4.7/../../../../avr32/lib/ucr2\libc.a(lib_a-syscalls.o)
 .debug_line    0x00009bf7      0x1ce c:/program files (x86)/atmel/studio/7.0/toolchain/avr32/avr32-gnu-toolchain/bin/../lib/gcc/avr32/4.4.7/../../../../avr32/lib/ucr2\libc.a(lib_a-errno.o)
 .debug_line    0x00009dc5      0x34c c:/program files (x86)/atmel/studio/7.0/toolchain/avr32/avr32-gnu-toolchain/bin/../lib/gcc/avr32/4.4.7/../../../../avr32/lib/ucr2\libc.a(lib_a-freer.o)
 .debug_line    0x0000a111      0x1a8 c:/program files (x86)/atmel/studio/7.0/toolchain/avr32/avr32-gnu-toolchain/bin/../lib/gcc/avr32/4.4.7/../../../../avr32/lib/ucr2\libc.a(lib_a-impure.o)
 .debug_line    0x0000a2b9      0x2ec c:/program files (x86)/atmel/studio/7.0/toolchain/avr32/avr32-gnu-toolchain/bin/../lib/gcc/avr32/4.4.7/../../../../avr32/lib/ucr2\libc.a(lib_a-reent.o)
 .debug_line    0x0000a5a5      0x5ad c:/program files (x86)/atmel/studio/7.0/toolchain/avr32/avr32-gnu-toolchain/bin/../lib/gcc/avr32/4.4.7/../../../../avr32/lib/ucr2\libc.a(lib_a-findfp.o)

.debug_frame    0x00000000     0x2468
 *(.debug_frame)
 .debug_frame   0x00000000      0x224 src/ASF/avr32/components/audio/amp/tpa6130a2/tpa6130.o
 .debug_frame   0x00000224       0x84 src/ASF/avr32/drivers/abdac/abdac.o
 .debug_frame   0x000002a8      0x1e8 src/ASF/avr32/drivers/pdca/pdca.o
 .debug_frame   0x00000490      0x140 src/ASF/avr32/drivers/twi/twi.o
 .debug_frame   0x000005d0      0x17c src/ASF/avr32/utils/debug/print_funcs.o
 .debug_frame   0x0000074c      0x6a4 src/ASF/avr32/drivers/flashc/flashc.o
 .debug_frame   0x00000df0      0x390 src/ASF/avr32/drivers/pm/pm.o
 .debug_frame   0x00001180      0x2ac src/ASF/avr32/drivers/usart/usart.o
 .debug_frame   0x0000142c       0x68 src/FreeRTOS/Source/list.o
 .debug_frame   0x00001494      0x100 src/FreeRTOS/Source/portable/GCC/AVR32_UC3/port.o
 .debug_frame   0x00001594       0x48 src/FreeRTOS/Source/portable/MemMang/heap_3.o
 .debug_frame   0x000015dc      0x530 src/FreeRTOS/Source/tasks.o
 .debug_frame   0x00001b0c      0x204 src/ASF/avr32/drivers/gpio/gpio.o
 .debug_frame   0x00001d10       0x64 src/ASF/avr32/drivers/intc/intc.o
 .debug_frame   0x00001d74      0x1ec src/main.o
 .debug_frame   0x00001f60       0x40 c:/program files (x86)/atmel/studio/7.0/toolchain/avr32/avr32-gnu-toolchain/bin/../lib/gcc/avr32/4.4.7/../../../../avr32/lib/ucr2\libc.a(lib_a-malloc.o)
 .debug_frame   0x00001fa0       0x40 c:/program files (x86)/atmel/studio/7.0/toolchain/avr32/avr32-gnu-toolchain/bin/../lib/gcc/avr32/4.4.7/../../../../avr32/lib/ucr2\libc.a(lib_a-mallocr.o)
 .debug_frame   0x00001fe0       0x34 c:/program files (x86)/atmel/studio/7.0/toolchain/avr32/avr32-gnu-toolchain/bin/../lib/gcc/avr32/4.4.7/../../../../avr32/lib/ucr2\libc.a(lib_a-sbrkr.o)
 .debug_frame   0x00002014      0x220 c:/program files (x86)/atmel/studio/7.0/toolchain/avr32/avr32-gnu-toolchain/bin/../lib/gcc/avr32/4.4.7/../../../../avr32/lib/ucr2\libc.a(lib_a-syscalls.o)
 .debug_frame   0x00002234       0x20 c:/program files (x86)/atmel/studio/7.0/toolchain/avr32/avr32-gnu-toolchain/bin/../lib/gcc/avr32/4.4.7/../../../../avr32/lib/ucr2\libc.a(lib_a-errno.o)
 .debug_frame   0x00002254       0x58 c:/program files (x86)/atmel/studio/7.0/toolchain/avr32/avr32-gnu-toolchain/bin/../lib/gcc/avr32/4.4.7/../../../../avr32/lib/ucr2\libc.a(lib_a-freer.o)
 .debug_frame   0x000022ac       0x80 c:/program files (x86)/atmel/studio/7.0/toolchain/avr32/avr32-gnu-toolchain/bin/../lib/gcc/avr32/4.4.7/../../../../avr32/lib/ucr2\libc.a(lib_a-reent.o)
 .debug_frame   0x0000232c      0x13c c:/program files (x86)/atmel/studio/7.0/toolchain/avr32/avr32-gnu-toolchain/bin/../lib/gcc/avr32/4.4.7/../../../../avr32/lib/ucr2\libc.a(lib_a-findfp.o)

.debug_str      0x00000000     0x4e39
 *(.debug_str)
 .debug_str     0x00000000      0x662 src/ASF/avr32/components/audio/amp/tpa6130a2/tpa6130.o
                                0x71d (size before relaxing)
 .debug_str     0x00000662      0x356 src/ASF/avr32/drivers/abdac/abdac.o
                                0x5cd (size before relaxing)
 .debug_str     0x000009b8      0x34d src/ASF/avr32/drivers/pdca/pdca.o
                                0x497 (size before relaxing)
 .debug_str     0x00000d05      0x1bb src/ASF/avr32/drivers/twi/twi.o
                                0x4f2 (size before relaxing)
 .debug_str     0x00000ec0      0x4db src/ASF/avr32/utils/debug/print_funcs.o
                                0x646 (size before relaxing)
 .debug_str     0x0000139b      0xa7e src/ASF/avr32/drivers/flashc/flashc.o
                                0xc46 (size before relaxing)
 .debug_str     0x00001e19      0x501 src/ASF/avr32/drivers/pm/pm.o
                                0x9a0 (size before relaxing)
 .debug_str     0x0000231a      0x399 src/ASF/avr32/drivers/usart/usart.o
                                0x907 (size before relaxing)
 .debug_str     0x000026b3      0x152 src/FreeRTOS/Source/list.o
                                0x254 (size before relaxing)
 .debug_str     0x00002805      0x4d1 src/FreeRTOS/Source/portable/GCC/AVR32_UC3/port.o
                                0xa88 (size before relaxing)
 .debug_str     0x00002cd6       0x48 src/FreeRTOS/Source/portable/MemMang/heap_3.o
                                0x152 (size before relaxing)
 .debug_str     0x00002d1e      0xb09 src/FreeRTOS/Source/tasks.o
                                0xd38 (size before relaxing)
 .debug_str     0x00003827      0x40e src/ASF/avr32/drivers/gpio/gpio.o
                                0x534 (size before relaxing)
 .debug_str     0x00003c35      0x37d src/ASF/avr32/drivers/intc/intc.o
                                0x488 (size before relaxing)
 .debug_str     0x00003fb2      0x4d9 src/main.o
                                0xf18 (size before relaxing)
 .debug_str     0x0000448b       0x7f c:/program files (x86)/atmel/studio/7.0/toolchain/avr32/avr32-gnu-toolchain/bin/../lib/gcc/avr32/4.4.7/../../../../avr32/lib/ucr2\libc.a(lib_a-malloc.o)
                                0x4c4 (size before relaxing)
 .debug_str     0x0000450a      0x235 c:/program files (x86)/atmel/studio/7.0/toolchain/avr32/avr32-gnu-toolchain/bin/../lib/gcc/avr32/4.4.7/../../../../avr32/lib/ucr2\libc.a(lib_a-mallocr.o)
                                0x699 (size before relaxing)
 .debug_str     0x0000473f       0x83 c:/program files (x86)/atmel/studio/7.0/toolchain/avr32/avr32-gnu-toolchain/bin/../lib/gcc/avr32/4.4.7/../../../../avr32/lib/ucr2\libc.a(lib_a-sbrkr.o)
                                0x4b4 (size before relaxing)
 .debug_str     0x000047c2      0x321 c:/program files (x86)/atmel/studio/7.0/toolchain/avr32/avr32-gnu-toolchain/bin/../lib/gcc/avr32/4.4.7/../../../../avr32/lib/ucr2\libc.a(lib_a-syscalls.o)
                                0x43d (size before relaxing)
 .debug_str     0x00004ae3       0x74 c:/program files (x86)/atmel/studio/7.0/toolchain/avr32/avr32-gnu-toolchain/bin/../lib/gcc/avr32/4.4.7/../../../../avr32/lib/ucr2\libc.a(lib_a-errno.o)
                                0x4ab (size before relaxing)
 .debug_str     0x00004b57       0x3c c:/program files (x86)/atmel/studio/7.0/toolchain/avr32/avr32-gnu-toolchain/bin/../lib/gcc/avr32/4.4.7/../../../../avr32/lib/ucr2\libc.a(lib_a-freer.o)
                                0x5eb (size before relaxing)
 .debug_str     0x00004b93       0xcb c:/program files (x86)/atmel/studio/7.0/toolchain/avr32/avr32-gnu-toolchain/bin/../lib/gcc/avr32/4.4.7/../../../../avr32/lib/ucr2\libc.a(lib_a-impure.o)
                                0x502 (size before relaxing)
 .debug_str     0x00004c5e       0xa6 c:/program files (x86)/atmel/studio/7.0/toolchain/avr32/avr32-gnu-toolchain/bin/../lib/gcc/avr32/4.4.7/../../../../avr32/lib/ucr2\libc.a(lib_a-reent.o)
                                0x4e8 (size before relaxing)
 .debug_str     0x00004d04      0x135 c:/program files (x86)/atmel/studio/7.0/toolchain/avr32/avr32-gnu-toolchain/bin/../lib/gcc/avr32/4.4.7/../../../../avr32/lib/ucr2\libc.a(lib_a-findfp.o)
                                0x5dc (size before relaxing)

.debug_loc      0x00000000     0x5ec5
 *(.debug_loc)
 .debug_loc     0x00000000      0x51c src/ASF/avr32/components/audio/amp/tpa6130a2/tpa6130.o
 .debug_loc     0x0000051c      0x18c src/ASF/avr32/drivers/abdac/abdac.o
 .debug_loc     0x000006a8      0x5e5 src/ASF/avr32/drivers/pdca/pdca.o
 .debug_loc     0x00000c8d      0x42e src/ASF/avr32/drivers/twi/twi.o
 .debug_loc     0x000010bb      0x3bc src/ASF/avr32/utils/debug/print_funcs.o
 .debug_loc     0x00001477     0x10f4 src/ASF/avr32/drivers/flashc/flashc.o
 .debug_loc     0x0000256b      0x559 src/ASF/avr32/drivers/pm/pm.o
 .debug_loc     0x00002ac4      0x9c5 src/ASF/avr32/drivers/usart/usart.o
 .debug_loc     0x00003489       0x79 src/FreeRTOS/Source/list.o
 .debug_loc     0x00003502      0x110 src/FreeRTOS/Source/portable/GCC/AVR32_UC3/port.o
 .debug_loc     0x00003612       0x7a src/FreeRTOS/Source/portable/MemMang/heap_3.o
 .debug_loc     0x0000368c     0x12b7 src/FreeRTOS/Source/tasks.o
 .debug_loc     0x00004943      0x368 src/ASF/avr32/drivers/gpio/gpio.o
 .debug_loc     0x00004cab       0xd3 src/ASF/avr32/drivers/intc/intc.o
 .debug_loc     0x00004d7e      0x246 src/main.o
 .debug_loc     0x00004fc4       0x64 c:/program files (x86)/atmel/studio/7.0/toolchain/avr32/avr32-gnu-toolchain/bin/../lib/gcc/avr32/4.4.7/../../../../avr32/lib/ucr2\libc.a(lib_a-malloc.o)
 .debug_loc     0x00005028      0x59a c:/program files (x86)/atmel/studio/7.0/toolchain/avr32/avr32-gnu-toolchain/bin/../lib/gcc/avr32/4.4.7/../../../../avr32/lib/ucr2\libc.a(lib_a-mallocr.o)
 .debug_loc     0x000055c2       0x63 c:/program files (x86)/atmel/studio/7.0/toolchain/avr32/avr32-gnu-toolchain/bin/../lib/gcc/avr32/4.4.7/../../../../avr32/lib/ucr2\libc.a(lib_a-sbrkr.o)
 .debug_loc     0x00005625      0x268 c:/program files (x86)/atmel/studio/7.0/toolchain/avr32/avr32-gnu-toolchain/bin/../lib/gcc/avr32/4.4.7/../../../../avr32/lib/ucr2\libc.a(lib_a-syscalls.o)
 .debug_loc     0x0000588d      0x32c c:/program files (x86)/atmel/studio/7.0/toolchain/avr32/avr32-gnu-toolchain/bin/../lib/gcc/avr32/4.4.7/../../../../avr32/lib/ucr2\libc.a(lib_a-freer.o)
 .debug_loc     0x00005bb9      0x10a c:/program files (x86)/atmel/studio/7.0/toolchain/avr32/avr32-gnu-toolchain/bin/../lib/gcc/avr32/4.4.7/../../../../avr32/lib/ucr2\libc.a(lib_a-reent.o)
 .debug_loc     0x00005cc3      0x202 c:/program files (x86)/atmel/studio/7.0/toolchain/avr32/avr32-gnu-toolchain/bin/../lib/gcc/avr32/4.4.7/../../../../avr32/lib/ucr2\libc.a(lib_a-findfp.o)

.debug_macinfo  0x00000000   0xe23600
 *(.debug_macinfo)
 .debug_macinfo
                0x00000000    0xf0aef src/ASF/avr32/components/audio/amp/tpa6130a2/tpa6130.o
 .debug_macinfo
                0x000f0aef    0xed226 src/ASF/avr32/drivers/abdac/abdac.o
 .debug_macinfo
                0x001ddd15    0xed167 src/ASF/avr32/drivers/pdca/pdca.o
 .debug_macinfo
                0x002cae7c    0xf1455 src/ASF/avr32/drivers/twi/twi.o
 .debug_macinfo
                0x003bc2d1    0xf0aa7 src/ASF/avr32/utils/debug/print_funcs.o
 .debug_macinfo
                0x004acd78    0xed147 src/ASF/avr32/drivers/flashc/flashc.o
 .debug_macinfo
                0x00599ebf    0xed08f src/ASF/avr32/drivers/pm/pm.o
 .debug_macinfo
                0x00686f4e    0xed436 src/ASF/avr32/drivers/usart/usart.o
 .debug_macinfo
                0x00774384    0xf57f9 src/FreeRTOS/Source/list.o
 .debug_macinfo
                0x00869b7d    0xf720a src/FreeRTOS/Source/portable/GCC/AVR32_UC3/port.o
 .debug_macinfo
                0x00960d87    0xf6a47 src/FreeRTOS/Source/portable/MemMang/heap_3.o
 .debug_macinfo
                0x00a577ce    0xf7a3f src/FreeRTOS/Source/tasks.o
 .debug_macinfo
                0x00b4f20d    0xed225 src/ASF/avr32/drivers/gpio/gpio.o
 .debug_macinfo
                0x00c3c432    0xed2d2 src/ASF/avr32/drivers/intc/intc.o
 .debug_macinfo
                0x00d29704    0xf9efc src/main.o

.debug_weaknames
 *(.debug_weaknames)

.debug_funcnames
 *(.debug_funcnames)

.debug_typenames
 *(.debug_typenames)

.debug_varnames
 *(.debug_varnames)

.stack          0x0000f000     0x1000
                0x0000f000                _stack = .
 *(.stack)
                0x00001000                . = __stack_size__
 *fill*         0x0000f000     0x1000 
                0x00010000                _estack = .

.userpage
 *(.userpage .userpage.*)

/DISCARD/
 *(.note.GNU-stack)
OUTPUT(FreeRTOS_T2.elf elf32-avr32)

.debug_ranges   0x00000000      0xe08
 .debug_ranges  0x00000000       0xb0 src/ASF/avr32/components/audio/amp/tpa6130a2/tpa6130.o
 .debug_ranges  0x000000b0       0x48 src/ASF/avr32/drivers/abdac/abdac.o
 .debug_ranges  0x000000f8       0xa0 src/ASF/avr32/drivers/pdca/pdca.o
 .debug_ranges  0x00000198       0x70 src/ASF/avr32/drivers/twi/twi.o
 .debug_ranges  0x00000208       0x80 src/ASF/avr32/utils/debug/print_funcs.o
 .debug_ranges  0x00000288      0x210 src/ASF/avr32/drivers/flashc/flashc.o
 .debug_ranges  0x00000498      0x188 src/ASF/avr32/drivers/pm/pm.o
 .debug_ranges  0x00000620       0xd8 src/ASF/avr32/drivers/usart/usart.o
 .debug_ranges  0x000006f8       0x38 src/FreeRTOS/Source/list.o
 .debug_ranges  0x00000730       0x70 src/FreeRTOS/Source/portable/GCC/AVR32_UC3/port.o
 .debug_ranges  0x000007a0       0x20 src/FreeRTOS/Source/portable/MemMang/heap_3.o
 .debug_ranges  0x000007c0      0x208 src/FreeRTOS/Source/tasks.o
 .debug_ranges  0x000009c8       0xf8 src/ASF/avr32/drivers/gpio/gpio.o
 .debug_ranges  0x00000ac0       0x48 src/ASF/avr32/drivers/intc/intc.o
 .debug_ranges  0x00000b08       0x20 src/ASF/avr32/utils/startup/startup_uc3.o
 .debug_ranges  0x00000b28       0x90 src/main.o
 .debug_ranges  0x00000bb8       0x20 c:/program files (x86)/atmel/studio/7.0/toolchain/avr32/avr32-gnu-toolchain/bin/../lib/gcc/avr32/4.4.7/../../../../avr32/lib/ucr2\libc.a(lib_a-malloc.o)
 .debug_ranges  0x00000bd8       0x18 c:/program files (x86)/atmel/studio/7.0/toolchain/avr32/avr32-gnu-toolchain/bin/../lib/gcc/avr32/4.4.7/../../../../avr32/lib/ucr2\libc.a(lib_a-mallocr.o)
 .debug_ranges  0x00000bf0       0x18 c:/program files (x86)/atmel/studio/7.0/toolchain/avr32/avr32-gnu-toolchain/bin/../lib/gcc/avr32/4.4.7/../../../../avr32/lib/ucr2\libc.a(lib_a-sbrkr.o)
 .debug_ranges  0x00000c08       0xf0 c:/program files (x86)/atmel/studio/7.0/toolchain/avr32/avr32-gnu-toolchain/bin/../lib/gcc/avr32/4.4.7/../../../../avr32/lib/ucr2\libc.a(lib_a-syscalls.o)
 .debug_ranges  0x00000cf8       0x18 c:/program files (x86)/atmel/studio/7.0/toolchain/avr32/avr32-gnu-toolchain/bin/../lib/gcc/avr32/4.4.7/../../../../avr32/lib/ucr2\libc.a(lib_a-errno.o)
 .debug_ranges  0x00000d10       0x20 c:/program files (x86)/atmel/studio/7.0/toolchain/avr32/avr32-gnu-toolchain/bin/../lib/gcc/avr32/4.4.7/../../../../avr32/lib/ucr2\libc.a(lib_a-freer.o)
 .debug_ranges  0x00000d30       0x28 c:/program files (x86)/atmel/studio/7.0/toolchain/avr32/avr32-gnu-toolchain/bin/../lib/gcc/avr32/4.4.7/../../../../avr32/lib/ucr2\libc.a(lib_a-reent.o)
 .debug_ranges  0x00000d58       0xb0 c:/program files (x86)/atmel/studio/7.0/toolchain/avr32/avr32-gnu-toolchain/bin/../lib/gcc/avr32/4.4.7/../../../../avr32/lib/ucr2\libc.a(lib_a-findfp.o)
