Archive member included because of file (symbol)

c:/program files (x86)/atmel/studio/7.0/toolchain/avr32/avr32-gnu-toolchain/bin/../lib/gcc/avr32/4.4.7/ucr2\libgcc.a(_udivdi3.o)
                              src/ASF/avr32/components/display/et024006dhu/et024006dhu.o (__avr32_udiv64)
c:/program files (x86)/atmel/studio/7.0/toolchain/avr32/avr32-gnu-toolchain/bin/../lib/gcc/avr32/4.4.7/../../../../avr32/lib/ucr2\libc.a(lib_a-memcpy.o)
                              src/ASF/avr32/drivers/flashc/flashc.o (memcpy)

Discarded input sections

 .text          0x00000000        0x0 src/ASF/avr32/boards/evk1105/led.o
 .data          0x00000000        0x0 src/ASF/avr32/boards/evk1105/led.o
 .bss           0x00000000        0x0 src/ASF/avr32/boards/evk1105/led.o
 .debug_abbrev  0x00000000      0x279 src/ASF/avr32/boards/evk1105/led.o
 .debug_info    0x00000000      0xef1 src/ASF/avr32/boards/evk1105/led.o
 .debug_line    0x00000000      0x79b src/ASF/avr32/boards/evk1105/led.o
 .debug_macinfo
                0x00000000    0xef730 src/ASF/avr32/boards/evk1105/led.o
 .text.LED_Read_Display
                0x00000000        0xc src/ASF/avr32/boards/evk1105/led.o
 .text.LED_Display
                0x00000000       0x54 src/ASF/avr32/boards/evk1105/led.o
 .text.LED_Read_Display_Mask
                0x00000000        0xc src/ASF/avr32/boards/evk1105/led.o
 .text.LED_Test
                0x00000000       0x10 src/ASF/avr32/boards/evk1105/led.o
 .text.LED_Set_Intensity
                0x00000000       0xb0 src/ASF/avr32/boards/evk1105/led.o
 .text.LED_Get_Intensity
                0x00000000       0x40 src/ASF/avr32/boards/evk1105/led.o
 .text.LED_Read_Display_Field
                0x00000000       0x20 src/ASF/avr32/boards/evk1105/led.o
 .text.LED_Toggle
                0x00000000       0x5c src/ASF/avr32/boards/evk1105/led.o
 .text.LED_On   0x00000000       0x5c src/ASF/avr32/boards/evk1105/led.o
 .text.LED_Off  0x00000000       0x60 src/ASF/avr32/boards/evk1105/led.o
 .text.LED_Display_Mask
                0x00000000       0x84 src/ASF/avr32/boards/evk1105/led.o
 .text.LED_Display_Field
                0x00000000       0x20 src/ASF/avr32/boards/evk1105/led.o
 .data.LED_State
                0x00000000        0x4 src/ASF/avr32/boards/evk1105/led.o
 .rodata.LED_DESCRIPTOR
                0x00000000       0x40 src/ASF/avr32/boards/evk1105/led.o
 .debug_frame   0x00000000      0x114 src/ASF/avr32/boards/evk1105/led.o
 .debug_loc     0x00000000      0x2aa src/ASF/avr32/boards/evk1105/led.o
 .debug_pubnames
                0x00000000       0xf6 src/ASF/avr32/boards/evk1105/led.o
 .debug_aranges
                0x00000000       0x78 src/ASF/avr32/boards/evk1105/led.o
 .debug_ranges  0x00000000       0x70 src/ASF/avr32/boards/evk1105/led.o
 .debug_str     0x00000000      0x50b src/ASF/avr32/boards/evk1105/led.o
 .comment       0x00000000       0x31 src/ASF/avr32/boards/evk1105/led.o
 .text          0x00000000        0x0 src/ASF/avr32/components/display/et024006dhu/et024006dhu.o
 .data          0x00000000        0x0 src/ASF/avr32/components/display/et024006dhu/et024006dhu.o
 .bss           0x00000000        0x0 src/ASF/avr32/components/display/et024006dhu/et024006dhu.o
 .text.et024006_ScrollAreaSetup
                0x00000000       0x3c src/ASF/avr32/components/display/et024006dhu/et024006dhu.o
 .text.et024006_Scroll
                0x00000000       0x76 src/ASF/avr32/components/display/et024006dhu/et024006dhu.o
 .text.et024006_ScrollEnable
                0x00000000       0x12 src/ASF/avr32/components/display/et024006dhu/et024006dhu.o
 .text.et024006_ScrollDisable
                0x00000000       0x12 src/ASF/avr32/components/display/et024006dhu/et024006dhu.o
 .text.et024006_Color
                0x00000000       0x18 src/ASF/avr32/components/display/et024006dhu/et024006dhu.o
 .text.et024006_CopyBitsToScreen
                0x00000000       0xe2 src/ASF/avr32/components/display/et024006dhu/et024006dhu.o
 .text.et024006_PutBitmap
                0x00000000       0x9c src/ASF/avr32/components/display/et024006dhu/et024006dhu.o
 .text.et024006_GetPixel
                0x00000000       0x24 src/ASF/avr32/components/display/et024006dhu/et024006dhu.o
 .text.et024006_DrawPixel
                0x00000000       0x28 src/ASF/avr32/components/display/et024006dhu/et024006dhu.o
 .text.et024006_SetQuickLimits2
                0x00000000       0x2a src/ASF/avr32/components/display/et024006dhu/et024006dhu.o
 .text.et024006_PrintConsole
                0x00000000       0x98 src/ASF/avr32/components/display/et024006dhu/et024006dhu.o
 .text.et024006_DrawFilledCircle
                0x00000000      0x158 src/ASF/avr32/components/display/et024006dhu/et024006dhu.o
 .text.et024006_DrawBitmap
                0x00000000       0x70 src/ASF/avr32/components/display/et024006dhu/et024006dhu.o
 .text.et024006_CopyPixelsFromScreen
                0x00000000       0x1a src/ASF/avr32/components/display/et024006dhu/et024006dhu.o
 .text.et024006_GetPixmap
                0x00000000       0xa0 src/ASF/avr32/components/display/et024006dhu/et024006dhu.o
 .text.et024006_TestDisplay
                0x00000000       0xb0 src/ASF/avr32/components/display/et024006dhu/et024006dhu.o
 .text.et024006_leave_idle
                0x00000000        0xc src/ASF/avr32/components/display/et024006dhu/et024006dhu.o
 .text.et024006_enter_idle
                0x00000000       0x32 src/ASF/avr32/components/display/et024006dhu/et024006dhu.o
 .rodata.FONT8x16
                0x00000000      0x610 src/ASF/avr32/components/display/et024006dhu/et024006dhu.o
 .bss.clear_lines.11372
                0x00000000        0x1 src/ASF/avr32/components/display/et024006dhu/et024006dhu.o
 .data.current_line.11371
                0x00000000        0x1 src/ASF/avr32/components/display/et024006dhu/et024006dhu.o
 .text          0x00000000        0x0 src/ASF/avr32/drivers/ebi/smc/smc.o
 .data          0x00000000        0x0 src/ASF/avr32/drivers/ebi/smc/smc.o
 .bss           0x00000000        0x0 src/ASF/avr32/drivers/ebi/smc/smc.o
 .text.smc_get_cs_size
                0x00000000        0xc src/ASF/avr32/drivers/ebi/smc/smc.o
 .text          0x00000000        0x0 src/ASF/avr32/drivers/flashc/flashc.o
 .data          0x00000000        0x0 src/ASF/avr32/drivers/flashc/flashc.o
 .bss           0x00000000        0x0 src/ASF/avr32/drivers/flashc/flashc.o
 .debug_abbrev  0x00000000      0x331 src/ASF/avr32/drivers/flashc/flashc.o
 .debug_info    0x00000000     0x1c72 src/ASF/avr32/drivers/flashc/flashc.o
 .debug_line    0x00000000      0xbde src/ASF/avr32/drivers/flashc/flashc.o
 .debug_macinfo
                0x00000000    0xed1c0 src/ASF/avr32/drivers/flashc/flashc.o
 .text.flashc_get_flash_size
                0x00000000       0x34 src/ASF/avr32/drivers/flashc/flashc.o
 .text.flashc_get_page_count
                0x00000000       0x10 src/ASF/avr32/drivers/flashc/flashc.o
 .text.flashc_get_page_count_per_region
                0x00000000       0x10 src/ASF/avr32/drivers/flashc/flashc.o
 .text.flashc_get_region_first_page_number
                0x00000000       0x14 src/ASF/avr32/drivers/flashc/flashc.o
 .text.flashc_get_wait_state
                0x00000000        0xc src/ASF/avr32/drivers/flashc/flashc.o
 .text.flashc_set_wait_state
                0x00000000        0xe src/ASF/avr32/drivers/flashc/flashc.o
 .text.flashc_set_bus_freq
                0x00000000       0x24 src/ASF/avr32/drivers/flashc/flashc.o
 .text.flashc_is_ready_int_enabled
                0x00000000        0xc src/ASF/avr32/drivers/flashc/flashc.o
 .text.flashc_enable_ready_int
                0x00000000        0xe src/ASF/avr32/drivers/flashc/flashc.o
 .text.flashc_is_lock_error_int_enabled
                0x00000000        0xc src/ASF/avr32/drivers/flashc/flashc.o
 .text.flashc_enable_lock_error_int
                0x00000000        0xe src/ASF/avr32/drivers/flashc/flashc.o
 .text.flashc_is_prog_error_int_enabled
                0x00000000        0xc src/ASF/avr32/drivers/flashc/flashc.o
 .text.flashc_enable_prog_error_int
                0x00000000        0xe src/ASF/avr32/drivers/flashc/flashc.o
 .text.flashc_is_ready
                0x00000000        0xc src/ASF/avr32/drivers/flashc/flashc.o
 .text.flashc_default_wait_until_ready
                0x00000000       0x10 src/ASF/avr32/drivers/flashc/flashc.o
 .text.flashc_is_lock_error
                0x00000000       0x10 src/ASF/avr32/drivers/flashc/flashc.o
 .text.flashc_is_programming_error
                0x00000000       0x10 src/ASF/avr32/drivers/flashc/flashc.o
 .text.flashc_get_command
                0x00000000        0xc src/ASF/avr32/drivers/flashc/flashc.o
 .text.flashc_get_page_number
                0x00000000        0xc src/ASF/avr32/drivers/flashc/flashc.o
 .text.flashc_get_page_region
                0x00000000       0x28 src/ASF/avr32/drivers/flashc/flashc.o
 .text.flashc_issue_command
                0x00000000       0x48 src/ASF/avr32/drivers/flashc/flashc.o
 .text.flashc_no_operation
                0x00000000       0x10 src/ASF/avr32/drivers/flashc/flashc.o
 .text.flashc_erase_all
                0x00000000       0x10 src/ASF/avr32/drivers/flashc/flashc.o
 .text.flashc_is_security_bit_active
                0x00000000        0xc src/ASF/avr32/drivers/flashc/flashc.o
 .text.flashc_activate_security_bit
                0x00000000       0x10 src/ASF/avr32/drivers/flashc/flashc.o
 .text.flashc_is_region_locked
                0x00000000       0x1a src/ASF/avr32/drivers/flashc/flashc.o
 .text.flashc_is_page_region_locked
                0x00000000       0x14 src/ASF/avr32/drivers/flashc/flashc.o
 .text.flashc_lock_page_region
                0x00000000       0x1c src/ASF/avr32/drivers/flashc/flashc.o
 .text.flashc_lock_region
                0x00000000       0x1c src/ASF/avr32/drivers/flashc/flashc.o
 .text.flashc_lock_all_regions
                0x00000000       0x2c src/ASF/avr32/drivers/flashc/flashc.o
 .text.flashc_read_all_gp_fuses
                0x00000000       0x26 src/ASF/avr32/drivers/flashc/flashc.o
 .text.flashc_read_gp_fuse_byte
                0x00000000       0x44 src/ASF/avr32/drivers/flashc/flashc.o
 .text.flashc_read_gp_fuse_bitfield
                0x00000000       0x74 src/ASF/avr32/drivers/flashc/flashc.o
 .text.flashc_get_bootloader_protected_size
                0x00000000       0x20 src/ASF/avr32/drivers/flashc/flashc.o
 .text.flashc_read_gp_fuse_bit
                0x00000000       0x3c src/ASF/avr32/drivers/flashc/flashc.o
 .text.flashc_is_external_privileged_fetch_locked
                0x00000000       0x14 src/ASF/avr32/drivers/flashc/flashc.o
 .text.flashc_erase_gp_fuse_bit
                0x00000000       0x2c src/ASF/avr32/drivers/flashc/flashc.o
 .text.flashc_erase_gp_fuse_bitfield
                0x00000000       0x8c src/ASF/avr32/drivers/flashc/flashc.o
 .text.flashc_erase_all_gp_fuses
                0x00000000       0x30 src/ASF/avr32/drivers/flashc/flashc.o
 .text.flashc_write_gp_fuse_bit
                0x00000000       0x18 src/ASF/avr32/drivers/flashc/flashc.o
 .text.flashc_write_gp_fuse_bitfield
                0x00000000       0x4c src/ASF/avr32/drivers/flashc/flashc.o
 .text.flashc_write_gp_fuse_byte
                0x00000000       0x18 src/ASF/avr32/drivers/flashc/flashc.o
 .text.flashc_erase_gp_fuse_byte
                0x00000000       0x74 src/ASF/avr32/drivers/flashc/flashc.o
 .text.flashc_write_all_gp_fuses
                0x00000000       0x3c src/ASF/avr32/drivers/flashc/flashc.o
 .text.flashc_set_gp_fuse_bit
                0x00000000       0x20 src/ASF/avr32/drivers/flashc/flashc.o
 .text.flashc_lock_external_privileged_fetch
                0x00000000       0x18 src/ASF/avr32/drivers/flashc/flashc.o
 .text.flashc_set_gp_fuse_bitfield
                0x00000000       0x4c src/ASF/avr32/drivers/flashc/flashc.o
 .text.flashc_set_gp_fuse_byte
                0x00000000       0x4c src/ASF/avr32/drivers/flashc/flashc.o
 .text.flashc_set_all_gp_fuses
                0x00000000       0x54 src/ASF/avr32/drivers/flashc/flashc.o
 .text.flashc_clear_page_buffer
                0x00000000       0x10 src/ASF/avr32/drivers/flashc/flashc.o
 .text.flashc_is_page_erased
                0x00000000        0xc src/ASF/avr32/drivers/flashc/flashc.o
 .text.flashc_quick_page_read
                0x00000000       0x18 src/ASF/avr32/drivers/flashc/flashc.o
 .text.flashc_erase_page
                0x00000000       0x38 src/ASF/avr32/drivers/flashc/flashc.o
 .text.flashc_erase_all_pages
                0x00000000       0x48 src/ASF/avr32/drivers/flashc/flashc.o
 .text.flashc_write_page
                0x00000000       0x10 src/ASF/avr32/drivers/flashc/flashc.o
 .text.flashc_quick_user_page_read
                0x00000000       0x18 src/ASF/avr32/drivers/flashc/flashc.o
 .text.flashc_erase_user_page
                0x00000000       0x28 src/ASF/avr32/drivers/flashc/flashc.o
 .text.flashc_write_user_page
                0x00000000       0x10 src/ASF/avr32/drivers/flashc/flashc.o
 .text.flashc_memset64
                0x00000000      0x238 src/ASF/avr32/drivers/flashc/flashc.o
 .text.flashc_memset32
                0x00000000       0x20 src/ASF/avr32/drivers/flashc/flashc.o
 .text.flashc_memset16
                0x00000000       0x10 src/ASF/avr32/drivers/flashc/flashc.o
 .text.flashc_memset8
                0x00000000       0x14 src/ASF/avr32/drivers/flashc/flashc.o
 .text.flashc_memcpy
                0x00000000       0xfc src/ASF/avr32/drivers/flashc/flashc.o
 .text.flashc_set_bootloader_protected_size
                0x00000000       0x80 src/ASF/avr32/drivers/flashc/flashc.o
 .rodata.C.36.10528
                0x00000000       0x10 src/ASF/avr32/drivers/flashc/flashc.o
 .data.flashc_wait_until_ready
                0x00000000        0x4 src/ASF/avr32/drivers/flashc/flashc.o
 .bss.flashc_error_status
                0x00000000        0x4 src/ASF/avr32/drivers/flashc/flashc.o
 .debug_frame   0x00000000      0x6a4 src/ASF/avr32/drivers/flashc/flashc.o
 .debug_loc     0x00000000     0x10f4 src/ASF/avr32/drivers/flashc/flashc.o
 .debug_pubnames
                0x00000000      0x771 src/ASF/avr32/drivers/flashc/flashc.o
 .debug_aranges
                0x00000000      0x218 src/ASF/avr32/drivers/flashc/flashc.o
 .debug_ranges  0x00000000      0x210 src/ASF/avr32/drivers/flashc/flashc.o
 .debug_str     0x00000000      0xc85 src/ASF/avr32/drivers/flashc/flashc.o
 .comment       0x00000000       0x31 src/ASF/avr32/drivers/flashc/flashc.o
 .text          0x00000000        0x0 src/ASF/avr32/drivers/gpio/gpio.o
 .data          0x00000000        0x0 src/ASF/avr32/drivers/gpio/gpio.o
 .bss           0x00000000        0x0 src/ASF/avr32/drivers/gpio/gpio.o
 .text.gpio_enable_gpio
                0x00000000       0x28 src/ASF/avr32/drivers/gpio/gpio.o
 .text.gpio_enable_pin_pull_up
                0x00000000       0x16 src/ASF/avr32/drivers/gpio/gpio.o
 .text.gpio_disable_pin_pull_up
                0x00000000       0x16 src/ASF/avr32/drivers/gpio/gpio.o
 .text.gpio_configure_pin
                0x00000000       0xb8 src/ASF/avr32/drivers/gpio/gpio.o
 .text.gpio_configure_group
                0x00000000       0x6e src/ASF/avr32/drivers/gpio/gpio.o
 .text.gpio_get_pin_value
                0x00000000       0x16 src/ASF/avr32/drivers/gpio/gpio.o
 .text.gpio_get_gpio_pin_output_value
                0x00000000       0x16 src/ASF/avr32/drivers/gpio/gpio.o
 .text.gpio_get_gpio_open_drain_pin_output_value
                0x00000000       0x1a src/ASF/avr32/drivers/gpio/gpio.o
 .text.gpio_set_pin_high
                0x00000000       0x16 src/ASF/avr32/drivers/gpio/gpio.o
 .text.gpio_set_group_high
                0x00000000        0xc src/ASF/avr32/drivers/gpio/gpio.o
 .text.gpio_set_pin_low
                0x00000000       0x16 src/ASF/avr32/drivers/gpio/gpio.o
 .text.gpio_set_group_low
                0x00000000        0xc src/ASF/avr32/drivers/gpio/gpio.o
 .text.gpio_tgl_gpio_pin
                0x00000000       0x1c src/ASF/avr32/drivers/gpio/gpio.o
 .text.gpio_toggle_pin
                0x00000000       0x16 src/ASF/avr32/drivers/gpio/gpio.o
 .text.gpio_toggle_group
                0x00000000        0xc src/ASF/avr32/drivers/gpio/gpio.o
 .text.gpio_set_gpio_open_drain_pin
                0x00000000       0x18 src/ASF/avr32/drivers/gpio/gpio.o
 .text.gpio_clr_gpio_open_drain_pin
                0x00000000       0x1c src/ASF/avr32/drivers/gpio/gpio.o
 .text.gpio_tgl_gpio_open_drain_pin
                0x00000000       0x1c src/ASF/avr32/drivers/gpio/gpio.o
 .text.gpio_enable_pin_glitch_filter
                0x00000000       0x16 src/ASF/avr32/drivers/gpio/gpio.o
 .text.gpio_disable_pin_glitch_filter
                0x00000000       0x16 src/ASF/avr32/drivers/gpio/gpio.o
 .text.gpio_enable_pin_interrupt
                0x00000000       0x46 src/ASF/avr32/drivers/gpio/gpio.o
 .text.gpio_disable_pin_interrupt
                0x00000000       0x16 src/ASF/avr32/drivers/gpio/gpio.o
 .text.gpio_get_pin_interrupt_flag
                0x00000000       0x18 src/ASF/avr32/drivers/gpio/gpio.o
 .text.gpio_clear_pin_interrupt_flag
                0x00000000       0x16 src/ASF/avr32/drivers/gpio/gpio.o
 .text          0x00000000        0x0 src/ASF/avr32/drivers/intc/exception.o
 .data          0x00000000        0x0 src/ASF/avr32/drivers/intc/exception.o
 .bss           0x00000000        0x0 src/ASF/avr32/drivers/intc/exception.o
 .text          0x00000000        0x0 src/ASF/avr32/drivers/intc/intc.o
 .data          0x00000000        0x0 src/ASF/avr32/drivers/intc/intc.o
 .bss           0x00000000        0x0 src/ASF/avr32/drivers/intc/intc.o
 .text._unhandled_interrupt
                0x00000000        0x2 src/ASF/avr32/drivers/intc/intc.o
 .text.INTC_register_interrupt
                0x00000000       0x80 src/ASF/avr32/drivers/intc/intc.o
 .text.INTC_init_interrupts
                0x00000000       0x54 src/ASF/avr32/drivers/intc/intc.o
 .text          0x00000000        0x0 src/ASF/avr32/drivers/pm/pm.o
 .data          0x00000000        0x0 src/ASF/avr32/drivers/pm/pm.o
 .bss           0x00000000        0x0 src/ASF/avr32/drivers/pm/pm.o
 .text.pm_enable_osc0_ext_clock
                0x00000000       0x10 src/ASF/avr32/drivers/pm/pm.o
 .text.pm_disable_clk0
                0x00000000        0x8 src/ASF/avr32/drivers/pm/pm.o
 .text.pm_set_osc1_mode
                0x00000000        0xa src/ASF/avr32/drivers/pm/pm.o
 .text.pm_enable_osc1_ext_clock
                0x00000000       0x10 src/ASF/avr32/drivers/pm/pm.o
 .text.pm_enable_osc1_crystal
                0x00000000       0x3c src/ASF/avr32/drivers/pm/pm.o
 .text.pm_disable_clk1
                0x00000000        0x8 src/ASF/avr32/drivers/pm/pm.o
 .text.pm_enable_clk1_no_wait
                0x00000000       0x10 src/ASF/avr32/drivers/pm/pm.o
 .text.pm_wait_for_clk1_ready
                0x00000000        0xa src/ASF/avr32/drivers/pm/pm.o
 .text.pm_enable_clk1
                0x00000000       0x1c src/ASF/avr32/drivers/pm/pm.o
 .text.pm_set_osc32_mode
                0x00000000        0xa src/ASF/avr32/drivers/pm/pm.o
 .text.pm_enable_osc32_ext_clock
                0x00000000       0x10 src/ASF/avr32/drivers/pm/pm.o
 .text.pm_enable_osc32_crystal
                0x00000000       0x10 src/ASF/avr32/drivers/pm/pm.o
 .text.pm_disable_clk32
                0x00000000        0x8 src/ASF/avr32/drivers/pm/pm.o
 .text.pm_enable_clk32_no_wait
                0x00000000       0x10 src/ASF/avr32/drivers/pm/pm.o
 .text.pm_wait_for_clk32_ready
                0x00000000        0xa src/ASF/avr32/drivers/pm/pm.o
 .text.pm_enable_clk32
                0x00000000       0x1c src/ASF/avr32/drivers/pm/pm.o
 .text.pm_cksel_get
                0x00000000        0x6 src/ASF/avr32/drivers/pm/pm.o
 .text.pm_cksel_set
                0x00000000        0xc src/ASF/avr32/drivers/pm/pm.o
 .text.pm_cksel
                0x00000000       0x46 src/ASF/avr32/drivers/pm/pm.o
 .text.pm_gc_setup
                0x00000000       0x22 src/ASF/avr32/drivers/pm/pm.o
 .text.pm_gc_enable
                0x00000000        0xe src/ASF/avr32/drivers/pm/pm.o
 .text.pm_gc_disable
                0x00000000        0xe src/ASF/avr32/drivers/pm/pm.o
 .text.pm_pll_setup
                0x00000000       0x22 src/ASF/avr32/drivers/pm/pm.o
 .text.pm_pll_set_option
                0x00000000       0x1a src/ASF/avr32/drivers/pm/pm.o
 .text.pm_pll_get_option
                0x00000000        0xc src/ASF/avr32/drivers/pm/pm.o
 .text.pm_pll_enable
                0x00000000        0xe src/ASF/avr32/drivers/pm/pm.o
 .text.pm_pll_disable
                0x00000000        0xe src/ASF/avr32/drivers/pm/pm.o
 .text.pm_wait_for_pll0_locked
                0x00000000        0xa src/ASF/avr32/drivers/pm/pm.o
 .text.pm_wait_for_pll1_locked
                0x00000000        0xa src/ASF/avr32/drivers/pm/pm.o
 .text.pm_get_clock
                0x00000000        0x8 src/ASF/avr32/drivers/pm/pm.o
 .text.pm_bod_enable_irq
                0x00000000        0xa src/ASF/avr32/drivers/pm/pm.o
 .text.pm_bod_clear_irq
                0x00000000        0xa src/ASF/avr32/drivers/pm/pm.o
 .text.pm_bod_get_irq_status
                0x00000000        0x8 src/ASF/avr32/drivers/pm/pm.o
 .text.pm_bod_get_irq_enable_bit
                0x00000000        0x8 src/ASF/avr32/drivers/pm/pm.o
 .text.pm_bod_get_level
                0x00000000        0xa src/ASF/avr32/drivers/pm/pm.o
 .text.pm_read_gplp
                0x00000000        0x8 src/ASF/avr32/drivers/pm/pm.o
 .text.pm_write_gplp
                0x00000000        0x8 src/ASF/avr32/drivers/pm/pm.o
 .text.pm_enable_module
                0x00000000       0x1a src/ASF/avr32/drivers/pm/pm.o
 .text.pm_disable_module
                0x00000000       0x1c src/ASF/avr32/drivers/pm/pm.o
 .text.pm_bod_disable_irq
                0x00000000       0x26 src/ASF/avr32/drivers/pm/pm.o
 .text          0x00000000        0x0 src/ASF/avr32/drivers/pm/pm_conf_clocks.o
 .data          0x00000000        0x0 src/ASF/avr32/drivers/pm/pm_conf_clocks.o
 .bss           0x00000000        0x0 src/ASF/avr32/drivers/pm/pm_conf_clocks.o
 .debug_abbrev  0x00000000      0x185 src/ASF/avr32/drivers/pm/pm_conf_clocks.o
 .debug_info    0x00000000      0xf50 src/ASF/avr32/drivers/pm/pm_conf_clocks.o
 .debug_line    0x00000000      0x6d2 src/ASF/avr32/drivers/pm/pm_conf_clocks.o
 .debug_macinfo
                0x00000000    0xed15a src/ASF/avr32/drivers/pm/pm_conf_clocks.o
 .text.pm_configure_usb_clock
                0x00000000       0x70 src/ASF/avr32/drivers/pm/pm_conf_clocks.o
 .text.pm_configure_clocks
                0x00000000      0x1d4 src/ASF/avr32/drivers/pm/pm_conf_clocks.o
 .debug_frame   0x00000000       0x7c src/ASF/avr32/drivers/pm/pm_conf_clocks.o
 .debug_loc     0x00000000      0x232 src/ASF/avr32/drivers/pm/pm_conf_clocks.o
 .debug_pubnames
                0x00000000       0x45 src/ASF/avr32/drivers/pm/pm_conf_clocks.o
 .debug_aranges
                0x00000000       0x28 src/ASF/avr32/drivers/pm/pm_conf_clocks.o
 .debug_ranges  0x00000000       0x20 src/ASF/avr32/drivers/pm/pm_conf_clocks.o
 .debug_str     0x00000000      0x56e src/ASF/avr32/drivers/pm/pm_conf_clocks.o
 .comment       0x00000000       0x31 src/ASF/avr32/drivers/pm/pm_conf_clocks.o
 .text          0x00000000        0x0 src/ASF/avr32/drivers/pm/power_clocks_lib.o
 .data          0x00000000        0x0 src/ASF/avr32/drivers/pm/power_clocks_lib.o
 .bss           0x00000000        0x0 src/ASF/avr32/drivers/pm/power_clocks_lib.o
 .text.pcl_read_gplp
                0x00000000       0x14 src/ASF/avr32/drivers/pm/power_clocks_lib.o
 .text.pcl_write_gplp
                0x00000000       0x14 src/ASF/avr32/drivers/pm/power_clocks_lib.o
 .text.pcl_configure_usb_clock
                0x00000000        0xc src/ASF/avr32/drivers/pm/power_clocks_lib.o
 .text.pcl_configure_clocks
                0x00000000        0xc src/ASF/avr32/drivers/pm/power_clocks_lib.o
 .text          0x00000000        0x0 src/ASF/avr32/drivers/pwm/pwm.o
 .data          0x00000000        0x0 src/ASF/avr32/drivers/pwm/pwm.o
 .bss           0x00000000        0x0 src/ASF/avr32/drivers/pwm/pwm.o
 .text.pwm_stop_channels
                0x00000000       0x12 src/ASF/avr32/drivers/pwm/pwm.o
 .text.pwm_sync_update_channel
                0x00000000       0x38 src/ASF/avr32/drivers/pwm/pwm.o
 .text          0x00000000        0x0 src/ASF/avr32/utils/startup/startup_uc3.o
 .data          0x00000000        0x0 src/ASF/avr32/utils/startup/startup_uc3.o
 .bss           0x00000000        0x0 src/ASF/avr32/utils/startup/startup_uc3.o
 .text          0x00000000        0x0 src/ASF/avr32/utils/startup/trampoline_uc3.o
 .data          0x00000000        0x0 src/ASF/avr32/utils/startup/trampoline_uc3.o
 .bss           0x00000000        0x0 src/ASF/avr32/utils/startup/trampoline_uc3.o
 .text          0x00000000        0x0 src/ASF/common/services/clock/uc3a0_a1/sysclk.o
 .data          0x00000000        0x0 src/ASF/common/services/clock/uc3a0_a1/sysclk.o
 .bss           0x00000000        0x0 src/ASF/common/services/clock/uc3a0_a1/sysclk.o
 .debug_abbrev  0x00000000      0x209 src/ASF/common/services/clock/uc3a0_a1/sysclk.o
 .debug_info    0x00000000     0x1122 src/ASF/common/services/clock/uc3a0_a1/sysclk.o
 .debug_line    0x00000000      0x83c src/ASF/common/services/clock/uc3a0_a1/sysclk.o
 .debug_macinfo
                0x00000000    0xf1320 src/ASF/common/services/clock/uc3a0_a1/sysclk.o
 .text.sysclk_init
                0x00000000        0x2 src/ASF/common/services/clock/uc3a0_a1/sysclk.o
 .text.sysclk_priv_disable_module
                0x00000000       0x3a src/ASF/common/services/clock/uc3a0_a1/sysclk.o
 .text.sysclk_disable_pbb_module
                0x00000000       0x44 src/ASF/common/services/clock/uc3a0_a1/sysclk.o
 .text.sysclk_priv_enable_module
                0x00000000       0x38 src/ASF/common/services/clock/uc3a0_a1/sysclk.o
 .text.sysclk_enable_pbb_module
                0x00000000       0x4c src/ASF/common/services/clock/uc3a0_a1/sysclk.o
 .bss.sysclk_pbb_refcount
                0x00000000        0x1 src/ASF/common/services/clock/uc3a0_a1/sysclk.o
 .debug_frame   0x00000000       0x84 src/ASF/common/services/clock/uc3a0_a1/sysclk.o
 .debug_loc     0x00000000      0x1e0 src/ASF/common/services/clock/uc3a0_a1/sysclk.o
 .debug_pubnames
                0x00000000       0x9a src/ASF/common/services/clock/uc3a0_a1/sysclk.o
 .debug_aranges
                0x00000000       0x40 src/ASF/common/services/clock/uc3a0_a1/sysclk.o
 .debug_ranges  0x00000000       0x38 src/ASF/common/services/clock/uc3a0_a1/sysclk.o
 .debug_str     0x00000000      0x5f4 src/ASF/common/services/clock/uc3a0_a1/sysclk.o
 .comment       0x00000000       0x31 src/ASF/common/services/clock/uc3a0_a1/sysclk.o
 .text          0x00000000        0x0 src/avr32_logo.o
 .data          0x00000000        0x0 src/avr32_logo.o
 .bss           0x00000000        0x0 src/avr32_logo.o
 .text          0x00000000        0x0 src/et024006dhu_example.o
 .data          0x00000000        0x0 src/et024006dhu_example.o
 .bss           0x00000000        0x0 src/et024006dhu_example.o
 .data          0x00000000        0x0 c:/program files (x86)/atmel/studio/7.0/toolchain/avr32/avr32-gnu-toolchain/bin/../lib/gcc/avr32/4.4.7/ucr2\libgcc.a(_udivdi3.o)
 .bss           0x00000000        0x0 c:/program files (x86)/atmel/studio/7.0/toolchain/avr32/avr32-gnu-toolchain/bin/../lib/gcc/avr32/4.4.7/ucr2\libgcc.a(_udivdi3.o)
 .text          0x00000000      0x148 c:/program files (x86)/atmel/studio/7.0/toolchain/avr32/avr32-gnu-toolchain/bin/../lib/gcc/avr32/4.4.7/../../../../avr32/lib/ucr2\libc.a(lib_a-memcpy.o)
 .data          0x00000000        0x0 c:/program files (x86)/atmel/studio/7.0/toolchain/avr32/avr32-gnu-toolchain/bin/../lib/gcc/avr32/4.4.7/../../../../avr32/lib/ucr2\libc.a(lib_a-memcpy.o)
 .bss           0x00000000        0x0 c:/program files (x86)/atmel/studio/7.0/toolchain/avr32/avr32-gnu-toolchain/bin/../lib/gcc/avr32/4.4.7/../../../../avr32/lib/ucr2\libc.a(lib_a-memcpy.o)

Memory Configuration

Name             Origin             Length             Attributes
FLASH            0x80000000         0x00080000         axrl !w
INTRAM           0x00000004         0x0000fffc         axw !rl
USERPAGE         0x80800000         0x00000200
*default*        0x00000000         0xffffffff

Linker script and memory map

                0x00001000                _stack_size = 0x1000
LOAD src/ASF/avr32/boards/evk1105/led.o
LOAD src/ASF/avr32/components/display/et024006dhu/et024006dhu.o
LOAD src/ASF/avr32/drivers/ebi/smc/smc.o
LOAD src/ASF/avr32/drivers/flashc/flashc.o
LOAD src/ASF/avr32/drivers/gpio/gpio.o
LOAD src/ASF/avr32/drivers/intc/exception.o
LOAD src/ASF/avr32/drivers/intc/intc.o
LOAD src/ASF/avr32/drivers/pm/pm.o
LOAD src/ASF/avr32/drivers/pm/pm_conf_clocks.o
LOAD src/ASF/avr32/drivers/pm/power_clocks_lib.o
LOAD src/ASF/avr32/drivers/pwm/pwm.o
LOAD src/ASF/avr32/utils/startup/startup_uc3.o
LOAD src/ASF/avr32/utils/startup/trampoline_uc3.o
LOAD src/ASF/common/services/clock/uc3a0_a1/sysclk.o
LOAD src/avr32_logo.o
LOAD src/et024006dhu_example.o
START GROUP
LOAD c:/program files (x86)/atmel/studio/7.0/toolchain/avr32/avr32-gnu-toolchain/bin/../lib/gcc/avr32/4.4.7/../../../../avr32/lib/ucr2\libm.a
END GROUP
LOAD c:/program files (x86)/atmel/studio/7.0/toolchain/avr32/avr32-gnu-toolchain/bin/../lib/gcc/avr32/4.4.7/ucr2\libgcc.a
LOAD c:/program files (x86)/atmel/studio/7.0/toolchain/avr32/avr32-gnu-toolchain/bin/../lib/gcc/avr32/4.4.7/../../../../avr32/lib/ucr2\libc.a
LOAD c:/program files (x86)/atmel/studio/7.0/toolchain/avr32/avr32-gnu-toolchain/bin/../lib/gcc/avr32/4.4.7/ucr2\libgcc.a
                0xffffffff                __max_heap_size__ = 0xffffffff
                [0xffffffff]                __heap_size__ = DEFINED (__heap_size__)?__heap_size__:__max_heap_size__
                [0x00001000]                __stack_size__ = DEFINED (__stack_size__)?__stack_size__:0x1000
                0x80000000                PROVIDE (__executable_start, 0x80000000)
                0x80000000                . = 0x80000000

.interp
 *(.interp)

.reset          0x80000000     0x2008
 *(.reset)
 .reset         0x80000000        0x4 src/ASF/avr32/utils/startup/startup_uc3.o
                                  0x8 (size before relaxing)
                0x80000000                _start
 .reset         0x80000004     0x2004 src/ASF/avr32/utils/startup/trampoline_uc3.o
                               0x2008 (size before relaxing)
                0x80000004                _trampoline

.hash
 *(.hash)

.dynsym
 *(.dynsym)

.dynstr
 *(.dynstr)

.gnu.version
 *(.gnu.version)

.gnu.version_d
 *(.gnu.version_d)

.gnu.version_r
 *(.gnu.version_r)

.rel.init
 *(.rel.init)

.rela.init
 *(.rela.init)

.rel.text
 *(.rel.text .rel.text.* .rel.gnu.linkonce.t.*)

.rela.text
 *(.rela.text .rela.text.* .rela.gnu.linkonce.t.*)

.rel.fini
 *(.rel.fini)

.rela.fini
 *(.rela.fini)

.rel.rodata
 *(.rel.rodata .rel.rodata.* .rel.gnu.linkonce.r.*)

.rela.rodata
 *(.rela.rodata .rela.rodata.* .rela.gnu.linkonce.r.*)

.rel.data.rel.ro
 *(.rel.data.rel.ro*)

.rela.data.rel.ro
 *(.rel.data.rel.ro*)

.rel.data
 *(.rel.data .rel.data.* .rel.gnu.linkonce.d.*)

.rela.data
 *(.rela.data .rela.data.* .rela.gnu.linkonce.d.*)

.rel.tdata
 *(.rel.tdata .rel.tdata.* .rel.gnu.linkonce.td.*)

.rela.tdata
 *(.rela.tdata .rela.tdata.* .rela.gnu.linkonce.td.*)

.rel.tbss
 *(.rel.tbss .rel.tbss.* .rel.gnu.linkonce.tb.*)

.rela.tbss
 *(.rela.tbss .rela.tbss.* .rela.gnu.linkonce.tb.*)

.rel.ctors
 *(.rel.ctors)

.rela.ctors
 *(.rela.ctors)

.rel.dtors
 *(.rel.dtors)

.rela.dtors
 *(.rela.dtors)

.rel.got
 *(.rel.got)

.rela.got       0x80002008        0x0
 *(.rela.got)
 .rela.got      0x80002008        0x0 src/ASF/avr32/drivers/flashc/flashc.o

.rel.bss
 *(.rel.bss .rel.bss.* .rel.gnu.linkonce.b.*)

.rela.bss
 *(.rela.bss .rela.bss.* .rela.gnu.linkonce.b.*)

.rel.plt
 *(.rel.plt)

.rela.plt
 *(.rela.plt)

.init
 *(.init)

.plt
 *(.plt)

.text           0x80002008     0x1330
 *(.text .stub .text.* .gnu.linkonce.t.*)
 .text.et024006_SetLimits
                0x80002008       0x50 src/ASF/avr32/components/display/et024006dhu/et024006dhu.o
                0x80002008                et024006_SetLimits
 .text.et024006_SetQuickLimits
                0x80002058       0x2a src/ASF/avr32/components/display/et024006dhu/et024006dhu.o
                0x80002058                et024006_SetQuickLimits
 *fill*         0x80002082        0x2 d703d703
 .text.et024006_DrawQuickPixel
                0x80002084       0x24 src/ASF/avr32/components/display/et024006dhu/et024006dhu.o
                0x80002084                et024006_DrawQuickPixel
 .text.et024006_PrintString
                0x800020a8      0x23c src/ASF/avr32/components/display/et024006dhu/et024006dhu.o
                0x800020a8                et024006_PrintString
 .text.et024006_DrawLine
                0x800022e4      0x118 src/ASF/avr32/components/display/et024006dhu/et024006dhu.o
                0x800022e4                et024006_DrawLine
 .text.et024006_DuplicatePixel
                0x800023fc       0x40 src/ASF/avr32/components/display/et024006dhu/et024006dhu.o
                0x800023fc                et024006_DuplicatePixel
 .text.et024006_DrawFilledRect
                0x8000243c       0x40 src/ASF/avr32/components/display/et024006dhu/et024006dhu.o
                0x8000243c                et024006_DrawFilledRect
 .text.et024006_DrawVertLine
                0x8000247c       0x1c src/ASF/avr32/components/display/et024006dhu/et024006dhu.o
                0x8000247c                et024006_DrawVertLine
 .text.et024006_DrawHorizLine
                0x80002498       0x18 src/ASF/avr32/components/display/et024006dhu/et024006dhu.o
                0x80002498                et024006_DrawHorizLine
 .text.et024006_CopyPixelsToScreen
                0x800024b0       0x68 src/ASF/avr32/components/display/et024006dhu/et024006dhu.o
                0x800024b0                et024006_CopyPixelsToScreen
 .text.et024006_PutPixmap
                0x80002518       0xa8 src/ASF/avr32/components/display/et024006dhu/et024006dhu.o
                0x80002518                et024006_PutPixmap
 .text.et024006_AdjustGamma
                0x800025c0       0x6e src/ASF/avr32/components/display/et024006dhu/et024006dhu.o
 *fill*         0x8000262e        0x2 d703d703
 .text.et024006_Init
                0x80002630      0x4a4 src/ASF/avr32/components/display/et024006dhu/et024006dhu.o
                0x80002630                et024006_Init
 .text.smc_init
                0x80002ad4      0x11c src/ASF/avr32/drivers/ebi/smc/smc.o
                0x80002ad4                smc_init
 .text.gpio_enable_module_pin
                0x80002bf0       0x52 src/ASF/avr32/drivers/gpio/gpio.o
                0x80002bf0                gpio_enable_module_pin
 *fill*         0x80002c42        0x2 d703d703
 .text.gpio_enable_module
                0x80002c44       0x30 src/ASF/avr32/drivers/gpio/gpio.o
                0x80002c44                gpio_enable_module
 .text.gpio_enable_gpio_pin
                0x80002c74       0x18 src/ASF/avr32/drivers/gpio/gpio.o
                0x80002c74                gpio_enable_gpio_pin
 .text.gpio_set_gpio_pin
                0x80002c8c       0x1c src/ASF/avr32/drivers/gpio/gpio.o
                0x80002c8c                gpio_set_gpio_pin
 .text.gpio_clr_gpio_pin
                0x80002ca8       0x1c src/ASF/avr32/drivers/gpio/gpio.o
                0x80002ca8                gpio_clr_gpio_pin
 .text._get_interrupt_handler
                0x80002cc4       0x38 src/ASF/avr32/drivers/intc/intc.o
                0x80002cc4                _get_interrupt_handler
 .text.pm_set_osc0_mode
                0x80002cfc        0xa src/ASF/avr32/drivers/pm/pm.o
 *fill*         0x80002d06        0x2 d703d703
 .text.pm_enable_osc0_crystal
                0x80002d08       0x3c src/ASF/avr32/drivers/pm/pm.o
                0x80002d08                pm_enable_osc0_crystal
 .text.pm_enable_clk0_no_wait
                0x80002d44       0x10 src/ASF/avr32/drivers/pm/pm.o
                0x80002d44                pm_enable_clk0_no_wait
 .text.pm_wait_for_clk0_ready
                0x80002d54        0xa src/ASF/avr32/drivers/pm/pm.o
                0x80002d54                pm_wait_for_clk0_ready
 *fill*         0x80002d5e        0x2 d703d703
 .text.pm_enable_clk0
                0x80002d60       0x1c src/ASF/avr32/drivers/pm/pm.o
                0x80002d60                pm_enable_clk0
 .text.pm_switch_to_clock
                0x80002d7c        0xa src/ASF/avr32/drivers/pm/pm.o
                0x80002d7c                pm_switch_to_clock
 *fill*         0x80002d86        0x2 d703d703
 .text.pm_switch_to_osc0
                0x80002d88       0x2c src/ASF/avr32/drivers/pm/pm.o
                0x80002d88                pm_switch_to_osc0
 .text.pcl_switch_to_osc
                0x80002db4       0x1c src/ASF/avr32/drivers/pm/power_clocks_lib.o
                0x80002db4                pcl_switch_to_osc
 .text.pwm_channel_init
                0x80002dd0       0x36 src/ASF/avr32/drivers/pwm/pwm.o
                0x80002dd0                pwm_channel_init
 .text.pwm_start_channels
                0x80002e06       0x12 src/ASF/avr32/drivers/pwm/pwm.o
                0x80002e06                pwm_start_channels
 .text.pwm_async_update_channel
                0x80002e18       0x28 src/ASF/avr32/drivers/pwm/pwm.o
                0x80002e18                pwm_async_update_channel
 .text.pwm_init
                0x80002e40       0x46 src/ASF/avr32/drivers/pwm/pwm.o
                0x80002e40                pwm_init
 *fill*         0x80002e86        0x2 d703d703
 .text._stext   0x80002e88       0x3c src/ASF/avr32/utils/startup/startup_uc3.o
                                 0x50 (size before relaxing)
                0x80002e88                _stext
 .text.main     0x80002ec4      0x210 src/et024006dhu_example.o
                0x80002ec4                main
 .text          0x800030d4      0x264 c:/program files (x86)/atmel/studio/7.0/toolchain/avr32/avr32-gnu-toolchain/bin/../lib/gcc/avr32/4.4.7/ucr2\libgcc.a(_udivdi3.o)
                0x800030d4                __avr32_udiv64
                0x800030d4                __udivdi3
 *(.text.*personality*)
 *(.gnu.warning)

.exception      0x80003400      0x200
 .exception     0x80003400      0x200 src/ASF/avr32/drivers/intc/exception.o
                0x80003400                _evba
                0x80003504                _int0
                0x80003512                _int1
                0x80003520                _int2
                0x8000352e                _int3

.fini
 *(.fini)
                0x80003600                PROVIDE (__etext, .)
                0x80003600                PROVIDE (_etext, .)
                0x80003600                PROVIDE (etext, .)

.rodata         0x80003600    0x25f58
 *(.rodata .rodata.* .gnu.linkonce.r.*)
 .rodata.FONT8x8
                0x80003600      0x308 src/ASF/avr32/components/display/et024006dhu/et024006dhu.o
                0x80003600                FONT8x8
 .rodata.FONT6x8
                0x80003908      0x308 src/ASF/avr32/components/display/et024006dhu/et024006dhu.o
                0x80003908                FONT6x8
 .rodata.SMC_EBI_GPIO_MAP.10637
                0x80003c10       0xa0 src/ASF/avr32/drivers/ebi/smc/smc.o
 .rodata._int_handler_table
                0x80003cb0       0xa0 src/ASF/avr32/drivers/intc/intc.o
 .rodata.avr32_logo
                0x80003d50    0x25800 src/avr32_logo.o
                0x80003d50                avr32_logo
 .rodata.str1.4
                0x80029550        0x8 src/et024006dhu_example.o

.rodata1
 *(.rodata1)

.eh_frame_hdr
 *(.eh_frame_hdr)

.eh_frame
 *(.eh_frame)

.gcc_except_table
 *(.gcc_except_table)
 *(.gcc_except_table.*)

.lalign         0x80029558        0x0
                0x80029558                . = ALIGN (0x8)
                0x80029558                PROVIDE (_data_lma, .)
                0x00000004                . = ORIGIN (INTRAM)

.dalign         0x00000004        0x4
                0x00000008                . = ALIGN (0x8)
 *fill*         0x00000004        0x4 
                0x00000008                PROVIDE (_data, .)

.eh_frame
 *(.eh_frame)

.gcc_except_table
 *(.gcc_except_table)
 *(.gcc_except_table.*)

.tdata
 *(.tdata .tdata.* .gnu.linkonce.td.*)

.tbss
 *(.tbss .tbss.* .gnu.linkonce.tb.*)
 *(.tcommon)
                0x00000008                PROVIDE (__preinit_array_start, ALIGN (0x4))

.preinit_array
 *(.preinit_array)
                0x00000008                PROVIDE (__preinit_array_end, .)
                0x00000008                PROVIDE (__init_array_start, .)

.init_array
 *(.init_array)
                0x00000008                PROVIDE (__init_array_end, .)
                0x00000008                PROVIDE (__fini_array_start, .)

.fini_array
 *(.fini_array)
                0x00000008                PROVIDE (__fini_array_end, .)

.ctors
 *crtbegin*.o(.ctors)
 *(EXCLUDE_FILE(*crtend*.o) .ctors)
 *(SORT(.ctors.*))
 *(.ctors)

.dtors
 *crtbegin*.o(.dtors)
 *(EXCLUDE_FILE(*crtend*.o) .dtors)
 *(SORT(.dtors.*))
 *(.dtors)

.jcr
 *(.jcr)

.data.rel.ro
 *(.data.rel.ro.local)
 *(.data.rel.ro*)

.dynamic
 *(.dynamic)

.got
 *(.got.plt)
 *(.got)

.ramtext
 *(.ramtext .ramtext.*)

.ddalign        0x00000008        0x0 load address 0x80029558
                0x00000008                . = ALIGN (0x8)

.data           0x00000008       0x20 load address 0x80029558
 *(.data .data.* .gnu.linkonce.d.*)
 .data.pwm_channel6
                0x00000008       0x20 src/et024006dhu_example.o
                0x00000008                pwm_channel6
 *(.gnu.linkonce.d.*personality*)

.data1
 *(.data1)

.balign         0x00000028        0x0 load address 0x80029578
                0x00000028                . = ALIGN (0x8)
                0x00000028                PROVIDE (_edata, .)
                0x00000028                PROVIDE (edata, .)
                0x00000028                __bss_start = .

.bss            0x00000028      0x100
 *(.dynbss)
 *(.bss .bss.* .gnu.linkonce.b.*)
 .bss.tft_data  0x00000028        0x8 src/ASF/avr32/components/display/et024006dhu/et024006dhu.o
 .bss.smc_tab_cs_size
                0x00000030        0x8 src/ASF/avr32/drivers/ebi/smc/smc.o
 .bss._int_line_handler_table_6
                0x00000038        0x4 src/ASF/avr32/drivers/intc/intc.o
 .bss._int_line_handler_table_7
                0x0000003c        0x4 src/ASF/avr32/drivers/intc/intc.o
 .bss._int_line_handler_table_8
                0x00000040        0x4 src/ASF/avr32/drivers/intc/intc.o
 .bss._int_line_handler_table_9
                0x00000044        0x4 src/ASF/avr32/drivers/intc/intc.o
 .bss._int_line_handler_table_10
                0x00000048        0x4 src/ASF/avr32/drivers/intc/intc.o
 .bss._int_line_handler_table_11
                0x0000004c        0x4 src/ASF/avr32/drivers/intc/intc.o
 .bss._int_line_handler_table_12
                0x00000050        0x4 src/ASF/avr32/drivers/intc/intc.o
 .bss._int_line_handler_table_13
                0x00000054        0x4 src/ASF/avr32/drivers/intc/intc.o
 .bss._int_line_handler_table_14
                0x00000058        0xc src/ASF/avr32/drivers/intc/intc.o
 .bss._int_line_handler_table_15
                0x00000064        0x4 src/ASF/avr32/drivers/intc/intc.o
 .bss._int_line_handler_table_16
                0x00000068        0x4 src/ASF/avr32/drivers/intc/intc.o
 .bss._int_line_handler_table_17
                0x0000006c        0x4 src/ASF/avr32/drivers/intc/intc.o
 .bss._int_line_handler_table_18
                0x00000070        0x4 src/ASF/avr32/drivers/intc/intc.o
 .bss._int_line_handler_table_19
                0x00000074        0x4 src/ASF/avr32/drivers/intc/intc.o
 .bss._int_line_handler_table_0
                0x00000078        0x4 src/ASF/avr32/drivers/intc/intc.o
 .bss._int_line_handler_table_1
                0x0000007c       0x2c src/ASF/avr32/drivers/intc/intc.o
 .bss._int_line_handler_table_2
                0x000000a8       0x38 src/ASF/avr32/drivers/intc/intc.o
 .bss._int_line_handler_table_3
                0x000000e0       0x3c src/ASF/avr32/drivers/intc/intc.o
 .bss._int_line_handler_table_4
                0x0000011c        0x4 src/ASF/avr32/drivers/intc/intc.o
 .bss._int_line_handler_table_5
                0x00000120        0x4 src/ASF/avr32/drivers/intc/intc.o
 *(COMMON)
                0x00000128                . = ALIGN (0x8)
 *fill*         0x00000124        0x4 
                0x00000128                . = ALIGN (0x8)
                0x00000128                _end = .
                0x00000128                PROVIDE (end, .)
                0x00000128                __heap_start__ = ALIGN (0x8)

.heap           0x00000128     0xeed8
 *(.heap)
                0x0000eed8                . = (__heap_size__ == __max_heap_size__)?(((ORIGIN (INTRAM) + 0xfffc) - __stack_size__) - ABSOLUTE (.)):__heap_size__
 *fill*         0x00000128     0xeed8 
                0x0000f000                __heap_end__ = .

.stab
 *(.stab)

.stabstr
 *(.stabstr)

.stab.excl
 *(.stab.excl)

.stab.exclstr
 *(.stab.exclstr)

.stab.index
 *(.stab.index)

.stab.indexstr
 *(.stab.indexstr)

.comment        0x00000000       0x30
 *(.comment)
 .comment       0x00000000       0x30 src/ASF/avr32/components/display/et024006dhu/et024006dhu.o
                                 0x31 (size before relaxing)
 .comment       0x00000000       0x31 src/ASF/avr32/drivers/ebi/smc/smc.o
 .comment       0x00000000       0x31 src/ASF/avr32/drivers/gpio/gpio.o
 .comment       0x00000000       0x31 src/ASF/avr32/drivers/intc/intc.o
 .comment       0x00000000       0x31 src/ASF/avr32/drivers/pm/pm.o
 .comment       0x00000000       0x31 src/ASF/avr32/drivers/pm/power_clocks_lib.o
 .comment       0x00000000       0x31 src/ASF/avr32/drivers/pwm/pwm.o
 .comment       0x00000000       0x31 src/avr32_logo.o
 .comment       0x00000000       0x31 src/et024006dhu_example.o
 .comment       0x00000000       0x31 c:/program files (x86)/atmel/studio/7.0/toolchain/avr32/avr32-gnu-toolchain/bin/../lib/gcc/avr32/4.4.7/ucr2\libgcc.a(_udivdi3.o)

.debug
 *(.debug)

.line
 *(.line)

.debug_srcinfo
 *(.debug_srcinfo)

.debug_sfnames
 *(.debug_sfnames)

.debug_aranges  0x00000000      0x530
 *(.debug_aranges)
 .debug_aranges
                0x00000000      0x110 src/ASF/avr32/components/display/et024006dhu/et024006dhu.o
 .debug_aranges
                0x00000110       0x28 src/ASF/avr32/drivers/ebi/smc/smc.o
 .debug_aranges
                0x00000138      0x100 src/ASF/avr32/drivers/gpio/gpio.o
 .debug_aranges
                0x00000238       0x20 src/ASF/avr32/drivers/intc/exception.o
 .debug_aranges
                0x00000258       0x38 src/ASF/avr32/drivers/intc/intc.o
 .debug_aranges
                0x00000290      0x190 src/ASF/avr32/drivers/pm/pm.o
 .debug_aranges
                0x00000420       0x40 src/ASF/avr32/drivers/pm/power_clocks_lib.o
 .debug_aranges
                0x00000460       0x48 src/ASF/avr32/drivers/pwm/pwm.o
 .debug_aranges
                0x000004a8       0x28 src/ASF/avr32/utils/startup/startup_uc3.o
 .debug_aranges
                0x000004d0       0x20 src/ASF/avr32/utils/startup/trampoline_uc3.o
 .debug_aranges
                0x000004f0       0x20 src/et024006dhu_example.o
 .debug_aranges
                0x00000510       0x20 c:/program files (x86)/atmel/studio/7.0/toolchain/avr32/avr32-gnu-toolchain/bin/../lib/gcc/avr32/4.4.7/ucr2\libgcc.a(_udivdi3.o)

.debug_pubnames
                0x00000000      0xc53
 *(.debug_pubnames)
 .debug_pubnames
                0x00000000      0x317 src/ASF/avr32/components/display/et024006dhu/et024006dhu.o
 .debug_pubnames
                0x00000317       0x33 src/ASF/avr32/drivers/ebi/smc/smc.o
 .debug_pubnames
                0x0000034a      0x330 src/ASF/avr32/drivers/gpio/gpio.o
 .debug_pubnames
                0x0000067a       0x62 src/ASF/avr32/drivers/intc/intc.o
 .debug_pubnames
                0x000006dc      0x3ee src/ASF/avr32/drivers/pm/pm.o
 .debug_pubnames
                0x00000aca       0x82 src/ASF/avr32/drivers/pm/power_clocks_lib.o
 .debug_pubnames
                0x00000b4c       0x9a src/ASF/avr32/drivers/pwm/pwm.o
 .debug_pubnames
                0x00000be6       0x21 src/avr32_logo.o
 .debug_pubnames
                0x00000c07       0x2c src/et024006dhu_example.o
 .debug_pubnames
                0x00000c33       0x20 c:/program files (x86)/atmel/studio/7.0/toolchain/avr32/avr32-gnu-toolchain/bin/../lib/gcc/avr32/4.4.7/ucr2\libgcc.a(_udivdi3.o)

.debug_info     0x00000000     0x786f
 *(.debug_info .gnu.linkonce.wi.*)
 .debug_info    0x00000000     0x212c src/ASF/avr32/components/display/et024006dhu/et024006dhu.o
 .debug_info    0x0000212c      0x616 src/ASF/avr32/drivers/ebi/smc/smc.o
 .debug_info    0x00002742      0xb1b src/ASF/avr32/drivers/gpio/gpio.o
 .debug_info    0x0000325d       0xd7 src/ASF/avr32/drivers/intc/exception.o
 .debug_info    0x00003334      0x5ae src/ASF/avr32/drivers/intc/intc.o
 .debug_info    0x000038e2     0x1a57 src/ASF/avr32/drivers/pm/pm.o
 .debug_info    0x00005339      0xf89 src/ASF/avr32/drivers/pm/power_clocks_lib.o
 .debug_info    0x000062c2      0xa08 src/ASF/avr32/drivers/pwm/pwm.o
 .debug_info    0x00006cca       0xd6 src/ASF/avr32/utils/startup/startup_uc3.o
 .debug_info    0x00006da0       0xdd src/ASF/avr32/utils/startup/trampoline_uc3.o
 .debug_info    0x00006e7d       0x5e src/avr32_logo.o
 .debug_info    0x00006edb      0x419 src/et024006dhu_example.o
 .debug_info    0x000072f4      0x57b c:/program files (x86)/atmel/studio/7.0/toolchain/avr32/avr32-gnu-toolchain/bin/../lib/gcc/avr32/4.4.7/ucr2\libgcc.a(_udivdi3.o)

.debug_abbrev   0x00000000     0x1395
 *(.debug_abbrev)
 .debug_abbrev  0x00000000      0x325 src/ASF/avr32/components/display/et024006dhu/et024006dhu.o
 .debug_abbrev  0x00000325      0x1e1 src/ASF/avr32/drivers/ebi/smc/smc.o
 .debug_abbrev  0x00000506      0x28b src/ASF/avr32/drivers/gpio/gpio.o
 .debug_abbrev  0x00000791       0x14 src/ASF/avr32/drivers/intc/exception.o
 .debug_abbrev  0x000007a5      0x1d4 src/ASF/avr32/drivers/intc/intc.o
 .debug_abbrev  0x00000979      0x2d1 src/ASF/avr32/drivers/pm/pm.o
 .debug_abbrev  0x00000c4a      0x1cd src/ASF/avr32/drivers/pm/power_clocks_lib.o
 .debug_abbrev  0x00000e17      0x19d src/ASF/avr32/drivers/pwm/pwm.o
 .debug_abbrev  0x00000fb4       0x12 src/ASF/avr32/utils/startup/startup_uc3.o
 .debug_abbrev  0x00000fc6       0x14 src/ASF/avr32/utils/startup/trampoline_uc3.o
 .debug_abbrev  0x00000fda       0x54 src/avr32_logo.o
 .debug_abbrev  0x0000102e      0x20d src/et024006dhu_example.o
 .debug_abbrev  0x0000123b      0x15a c:/program files (x86)/atmel/studio/7.0/toolchain/avr32/avr32-gnu-toolchain/bin/../lib/gcc/avr32/4.4.7/ucr2\libgcc.a(_udivdi3.o)

.debug_line     0x00000000     0x48be
 *(.debug_line)
 .debug_line    0x00000000      0xd5c src/ASF/avr32/components/display/et024006dhu/et024006dhu.o
 .debug_line    0x00000d5c      0x75d src/ASF/avr32/drivers/ebi/smc/smc.o
 .debug_line    0x000014b9      0x8c7 src/ASF/avr32/drivers/gpio/gpio.o
 .debug_line    0x00001d80      0x109 src/ASF/avr32/drivers/intc/exception.o
 .debug_line    0x00001e89      0x695 src/ASF/avr32/drivers/intc/intc.o
 .debug_line    0x0000251e      0x9ca src/ASF/avr32/drivers/pm/pm.o
 .debug_line    0x00002ee8      0x6c5 src/ASF/avr32/drivers/pm/power_clocks_lib.o
 .debug_line    0x000035ad      0x6c6 src/ASF/avr32/drivers/pwm/pwm.o
 .debug_line    0x00003c73       0xf1 src/ASF/avr32/utils/startup/startup_uc3.o
 .debug_line    0x00003d64       0x66 src/ASF/avr32/utils/startup/trampoline_uc3.o
 .debug_line    0x00003dca       0x34 src/avr32_logo.o
 .debug_line    0x00003dfe      0x8eb src/et024006dhu_example.o
 .debug_line    0x000046e9      0x1d5 c:/program files (x86)/atmel/studio/7.0/toolchain/avr32/avr32-gnu-toolchain/bin/../lib/gcc/avr32/4.4.7/ucr2\libgcc.a(_udivdi3.o)

.debug_frame    0x00000000      0xb84
 *(.debug_frame)
 .debug_frame   0x00000000      0x3a0 src/ASF/avr32/components/display/et024006dhu/et024006dhu.o
 .debug_frame   0x000003a0       0x48 src/ASF/avr32/drivers/ebi/smc/smc.o
 .debug_frame   0x000003e8      0x204 src/ASF/avr32/drivers/gpio/gpio.o
 .debug_frame   0x000005ec       0x64 src/ASF/avr32/drivers/intc/intc.o
 .debug_frame   0x00000650      0x390 src/ASF/avr32/drivers/pm/pm.o
 .debug_frame   0x000009e0       0x88 src/ASF/avr32/drivers/pm/power_clocks_lib.o
 .debug_frame   0x00000a68       0x70 src/ASF/avr32/drivers/pwm/pwm.o
 .debug_frame   0x00000ad8       0x68 src/et024006dhu_example.o
 .debug_frame   0x00000b40       0x44 c:/program files (x86)/atmel/studio/7.0/toolchain/avr32/avr32-gnu-toolchain/bin/../lib/gcc/avr32/4.4.7/ucr2\libgcc.a(_udivdi3.o)

.debug_str      0x00000000     0x1cce
 *(.debug_str)
 .debug_str     0x00000000      0x738 src/ASF/avr32/components/display/et024006dhu/et024006dhu.o
                                0x7cd (size before relaxing)
 .debug_str     0x00000738      0x1d8 src/ASF/avr32/drivers/ebi/smc/smc.o
                                0x334 (size before relaxing)
 .debug_str     0x00000910      0x413 src/ASF/avr32/drivers/gpio/gpio.o
                                0x573 (size before relaxing)
 .debug_str     0x00000d23      0x37d src/ASF/avr32/drivers/intc/intc.o
                                0x4c7 (size before relaxing)
 .debug_str     0x000010a0      0x7b9 src/ASF/avr32/drivers/pm/pm.o
                                0x9df (size before relaxing)
 .debug_str     0x00001859       0xe6 src/ASF/avr32/drivers/pm/power_clocks_lib.o
                                0x57b (size before relaxing)
 .debug_str     0x0000193f      0x1e8 src/ASF/avr32/drivers/pwm/pwm.o
                                0x381 (size before relaxing)
 .debug_str     0x00001b27       0x1f src/avr32_logo.o
                                 0xc3 (size before relaxing)
 .debug_str     0x00001b46       0x36 src/et024006dhu_example.o
                                0x2a5 (size before relaxing)
 .debug_str     0x00001b7c      0x152 c:/program files (x86)/atmel/studio/7.0/toolchain/avr32/avr32-gnu-toolchain/bin/../lib/gcc/avr32/4.4.7/ucr2\libgcc.a(_udivdi3.o)
                                0x207 (size before relaxing)

.debug_loc      0x00000000     0x2a54
 *(.debug_loc)
 .debug_loc     0x00000000     0x15dd src/ASF/avr32/components/display/et024006dhu/et024006dhu.o
 .debug_loc     0x000015dd       0xd5 src/ASF/avr32/drivers/ebi/smc/smc.o
 .debug_loc     0x000016b2      0x368 src/ASF/avr32/drivers/gpio/gpio.o
 .debug_loc     0x00001a1a       0xd3 src/ASF/avr32/drivers/intc/intc.o
 .debug_loc     0x00001aed      0x559 src/ASF/avr32/drivers/pm/pm.o
 .debug_loc     0x00002046      0x12b src/ASF/avr32/drivers/pm/power_clocks_lib.o
 .debug_loc     0x00002171       0xb4 src/ASF/avr32/drivers/pwm/pwm.o
 .debug_loc     0x00002225       0xd2 src/et024006dhu_example.o
 .debug_loc     0x000022f7      0x75d c:/program files (x86)/atmel/studio/7.0/toolchain/avr32/avr32-gnu-toolchain/bin/../lib/gcc/avr32/4.4.7/ucr2\libgcc.a(_udivdi3.o)

.debug_macinfo  0x00000000   0x77681b
 *(.debug_macinfo)
 .debug_macinfo
                0x00000000    0xf137e src/ASF/avr32/components/display/et024006dhu/et024006dhu.o
 .debug_macinfo
                0x000f137e    0xf1440 src/ASF/avr32/drivers/ebi/smc/smc.o
 .debug_macinfo
                0x001e27be    0xed29e src/ASF/avr32/drivers/gpio/gpio.o
 .debug_macinfo
                0x002cfa5c    0xed34b src/ASF/avr32/drivers/intc/intc.o
 .debug_macinfo
                0x003bcda7    0xed108 src/ASF/avr32/drivers/pm/pm.o
 .debug_macinfo
                0x004a9eaf    0xed1e9 src/ASF/avr32/drivers/pm/power_clocks_lib.o
 .debug_macinfo
                0x00597098    0xed173 src/ASF/avr32/drivers/pwm/pwm.o
 .debug_macinfo
                0x0068420b      0xc89 src/avr32_logo.o
 .debug_macinfo
                0x00684e94    0xf1987 src/et024006dhu_example.o

.debug_weaknames
 *(.debug_weaknames)

.debug_funcnames
 *(.debug_funcnames)

.debug_typenames
 *(.debug_typenames)

.debug_varnames
 *(.debug_varnames)

.stack          0x0000f000     0x1000
                0x0000f000                _stack = .
 *(.stack)
                0x00001000                . = __stack_size__
 *fill*         0x0000f000     0x1000 
                0x00010000                _estack = .

.userpage
 *(.userpage .userpage.*)

/DISCARD/
 *(.note.GNU-stack)
OUTPUT(ET024006DHU_EXAMPLE1.elf elf32-avr32)

.debug_ranges   0x00000000      0x728
 .debug_ranges  0x00000000      0x318 src/ASF/avr32/components/display/et024006dhu/et024006dhu.o
 .debug_ranges  0x00000318       0x20 src/ASF/avr32/drivers/ebi/smc/smc.o
 .debug_ranges  0x00000338       0xf8 src/ASF/avr32/drivers/gpio/gpio.o
 .debug_ranges  0x00000430       0x48 src/ASF/avr32/drivers/intc/intc.o
 .debug_ranges  0x00000478      0x188 src/ASF/avr32/drivers/pm/pm.o
 .debug_ranges  0x00000600       0x38 src/ASF/avr32/drivers/pm/power_clocks_lib.o
 .debug_ranges  0x00000638       0x40 src/ASF/avr32/drivers/pwm/pwm.o
 .debug_ranges  0x00000678       0x20 src/ASF/avr32/utils/startup/startup_uc3.o
 .debug_ranges  0x00000698       0x18 src/et024006dhu_example.o
 .debug_ranges  0x000006b0       0x78 c:/program files (x86)/atmel/studio/7.0/toolchain/avr32/avr32-gnu-toolchain/bin/../lib/gcc/avr32/4.4.7/ucr2\libgcc.a(_udivdi3.o)
